Component: ARM Compiler 5.05 update 1 (build 106) Tool: armlink [4d0efa]

==============================================================================

Section Cross References

    stm32f1xx_hal_msp.o(i.HAL_ADC_MspDeInit) refers to stm32f1xx_hal_gpio.o(i.HAL_GPIO_DeInit) for HAL_GPIO_DeInit
    stm32f1xx_hal_msp.o(i.HAL_ADC_MspDeInit) refers to stm32f1xx_hal_dma.o(i.HAL_DMA_DeInit) for HAL_DMA_DeInit
    stm32f1xx_hal_msp.o(i.HAL_ADC_MspInit) refers to stm32f1xx_hal_gpio.o(i.HAL_GPIO_Init) for HAL_GPIO_Init
    stm32f1xx_hal_msp.o(i.HAL_ADC_MspInit) refers to stm32f1xx_hal_dma.o(i.HAL_DMA_Init) for HAL_DMA_Init
    stm32f1xx_hal_msp.o(i.HAL_ADC_MspInit) refers to main.o(i._Error_Handler) for _Error_Handler
    stm32f1xx_hal_msp.o(i.HAL_ADC_MspInit) refers to main.o(.bss) for hdma_adc1
    stm32f1xx_hal_msp.o(i.HAL_MspInit) refers to stm32f1xx_hal_cortex.o(i.HAL_NVIC_SetPriorityGrouping) for HAL_NVIC_SetPriorityGrouping
    stm32f1xx_hal_msp.o(i.HAL_MspInit) refers to stm32f1xx_hal_cortex.o(i.HAL_NVIC_SetPriority) for HAL_NVIC_SetPriority
    stm32f1xx_hal_msp.o(i.HAL_TIM_Base_MspDeInit) refers to stm32f1xx_hal_cortex.o(i.HAL_NVIC_DisableIRQ) for HAL_NVIC_DisableIRQ
    stm32f1xx_hal_msp.o(i.HAL_UART_MspDeInit) refers to stm32f1xx_hal_gpio.o(i.HAL_GPIO_DeInit) for HAL_GPIO_DeInit
    stm32f1xx_hal_msp.o(i.HAL_UART_MspDeInit) refers to stm32f1xx_hal_cortex.o(i.HAL_NVIC_DisableIRQ) for HAL_NVIC_DisableIRQ
    stm32f1xx_hal_msp.o(i.HAL_UART_MspInit) refers to stm32f1xx_hal_gpio.o(i.HAL_GPIO_Init) for HAL_GPIO_Init
    stm32f1xx_hal_msp.o(i.HAL_UART_MspInit) refers to stm32f1xx_hal_cortex.o(i.HAL_NVIC_SetPriority) for HAL_NVIC_SetPriority
    stm32f1xx_hal_msp.o(i.HAL_UART_MspInit) refers to stm32f1xx_hal_cortex.o(i.HAL_NVIC_EnableIRQ) for HAL_NVIC_EnableIRQ
    main.o(i.HAL_ADC_ConvCpltCallback) refers to main.o(.bss) for .bss
    main.o(i.HAL_ADC_ConvCpltCallback) refers to main.o(.data) for .data
    main.o(i.MX_ADC1_Init) refers to stm32f1xx_hal_adc.o(i.HAL_ADC_Init) for HAL_ADC_Init
    main.o(i.MX_ADC1_Init) refers to stm32f1xx_hal_adc.o(i.HAL_ADC_ConfigChannel) for HAL_ADC_ConfigChannel
    main.o(i.MX_ADC1_Init) refers to main.o(.bss) for .bss
    main.o(i.MX_GPIO_Init) refers to stm32f1xx_hal_gpio.o(i.HAL_GPIO_WritePin) for HAL_GPIO_WritePin
    main.o(i.MX_GPIO_Init) refers to stm32f1xx_hal_gpio.o(i.HAL_GPIO_Init) for HAL_GPIO_Init
    main.o(i.MX_TIM2_Init) refers to stm32f1xx_hal_tim.o(i.HAL_TIM_Base_Init) for HAL_TIM_Base_Init
    main.o(i.MX_TIM2_Init) refers to stm32f1xx_hal_tim.o(i.HAL_TIM_ConfigClockSource) for HAL_TIM_ConfigClockSource
    main.o(i.MX_TIM2_Init) refers to stm32f1xx_hal_tim_ex.o(i.HAL_TIMEx_MasterConfigSynchronization) for HAL_TIMEx_MasterConfigSynchronization
    main.o(i.MX_TIM2_Init) refers to main.o(.bss) for .bss
    main.o(i.SystemClock_Config) refers to stm32f1xx_hal_rcc.o(i.HAL_RCC_OscConfig) for HAL_RCC_OscConfig
    main.o(i.SystemClock_Config) refers to stm32f1xx_hal_rcc.o(i.HAL_RCC_ClockConfig) for HAL_RCC_ClockConfig
    main.o(i.SystemClock_Config) refers to stm32f1xx_hal_rcc_ex.o(i.HAL_RCCEx_PeriphCLKConfig) for HAL_RCCEx_PeriphCLKConfig
    main.o(i.SystemClock_Config) refers to stm32f1xx_hal_rcc.o(i.HAL_RCC_GetHCLKFreq) for HAL_RCC_GetHCLKFreq
    main.o(i.SystemClock_Config) refers to stm32f1xx_hal_cortex.o(i.HAL_SYSTICK_Config) for HAL_SYSTICK_Config
    main.o(i.SystemClock_Config) refers to stm32f1xx_hal_cortex.o(i.HAL_SYSTICK_CLKSourceConfig) for HAL_SYSTICK_CLKSourceConfig
    main.o(i.SystemClock_Config) refers to stm32f1xx_hal_cortex.o(i.HAL_NVIC_SetPriority) for HAL_NVIC_SetPriority
    main.o(i.key1LongPress) refers to printfa.o(i.__0printf) for __2printf
    main.o(i.key1LongPress) refers to gizwits_protocol.o(i.gizwitsSetMode) for gizwitsSetMode
    main.o(i.key1ShortPress) refers to printfa.o(i.__0printf) for __2printf
    main.o(i.key1ShortPress) refers to gizwits_protocol.o(i.gizwitsSetMode) for gizwitsSetMode
    main.o(i.key2LongPress) refers to printfa.o(i.__0printf) for __2printf
    main.o(i.key2LongPress) refers to gizwits_protocol.o(i.gizwitsSetMode) for gizwitsSetMode
    main.o(i.key2ShortPress) refers to printfa.o(i.__0printf) for __2printf
    main.o(i.key2ShortPress) refers to gizwits_protocol.o(i.gizwitsSetMode) for gizwitsSetMode
    main.o(i.keyInit) refers to hal_key.o(i.keyInitOne) for keyInitOne
    main.o(i.keyInit) refers to memcpya.o(.text) for __aeabi_memcpy4
    main.o(i.keyInit) refers to hal_key.o(i.keyParaInit) for keyParaInit
    main.o(i.keyInit) refers to main.o(i.key1LongPress) for key1LongPress
    main.o(i.keyInit) refers to main.o(i.key1ShortPress) for key1ShortPress
    main.o(i.keyInit) refers to main.o(.bss) for .bss
    main.o(i.keyInit) refers to main.o(i.key2LongPress) for key2LongPress
    main.o(i.keyInit) refers to main.o(i.key2ShortPress) for key2ShortPress
    main.o(i.keyInit) refers to main.o(.data) for .data
    main.o(i.main) refers to stm32f1xx_hal.o(i.HAL_Init) for HAL_Init
[...]
    i.rbCanWrite                             0x08008626   Section        0  ringbuffer.o(i.rbCanWrite)
    i.rbCapacity                             0x08008642   Section        0  ringbuffer.o(i.rbCapacity)
    i.rbCreate                               0x0800864e   Section        0  ringbuffer.o(i.rbCreate)
    i.rbRead                                 0x08008660   Section        0  ringbuffer.o(i.rbRead)
    i.rbWrite                                0x080086de   Section        0  ringbuffer.o(i.rbWrite)
    i.readKeyValue                           0x0800876c   Section        0  hal_key.o(i.readKeyValue)
    i.run_self_test                          0x080087f4   Section        0  mpu6050.o(i.run_self_test)
    run_self_test                            0x080087f5   Thumb Code   134  mpu6050.o(i.run_self_test)
    i.set_int_enable                         0x080088c4   Section        0  inv_mpu.o(i.set_int_enable)
    set_int_enable                           0x080088c5   Thumb Code    84  inv_mpu.o(i.set_int_enable)
    i.sqrt                                   0x0800891c   Section        0  sqrt.o(i.sqrt)
    i.timerInit                              0x08008968   Section        0  gizwits_product.o(i.timerInit)
    i.uartInit                               0x08008974   Section        0  gizwits_product.o(i.uartInit)
    i.uartWrite                              0x08008988   Section        0  gizwits_product.o(i.uartWrite)
    i.userHandle                             0x08008a40   Section        0  gizwits_product.o(i.userHandle)
    i.userInit                               0x08008a94   Section        0  gizwits_product.o(i.userInit)
    .constdata                               0x08008aa0   Section      760  f08_ascii.o(.constdata)
    .constdata                               0x08008d98   Section      760  f08_ascii.o(.constdata)
    .constdata                               0x08009090   Section       12  f08_ascii.o(.constdata)
    .constdata                               0x0800909c   Section       32  f08_ascii.o(.constdata)
    .constdata                               0x080090bc   Section       12  inv_mpu.o(.constdata)
    .constdata                               0x080090c8   Section       27  inv_mpu.o(.constdata)
    .constdata                               0x080090e4   Section       40  inv_mpu.o(.constdata)
    .constdata                               0x0800910c   Section     3062  inv_mpu_dmp_motion_driver.o(.constdata)
    dmp_memory                               0x0800910c   Data        3062  inv_mpu_dmp_motion_driver.o(.constdata)
    .constdata                               0x08009d02   Section       16  system_stm32f1xx.o(.constdata)
    .constdata                               0x08009d12   Section        8  system_stm32f1xx.o(.constdata)
    .constdata                               0x08009d20   Section       80  asin.o(.constdata)
    pS                                       0x08009d20   Data          48  asin.o(.constdata)
    qS                                       0x08009d50   Data          32  asin.o(.constdata)
    .constdata                               0x08009d70   Section      152  atan.o(.constdata)
    atanhi                                   0x08009d70   Data          32  atan.o(.constdata)
    atanlo                                   0x08009d90   Data          32  atan.o(.constdata)
    aTodd                                    0x08009db0   Data          40  atan.o(.constdata)
    aTeven                                   0x08009dd8   Data          48  atan.o(.constdata)
    .constdata                               0x08009e08   Section        8  qnan.o(.constdata)
    .conststring                             0x08009e10   Section       77  inv_mpu.o(.conststring)
    .data                                    0x20000000   Section        7  main.o(.data)
    .data                                    0x20000008   Section        8  gizwits_product.o(.data)
    timerMsCount                             0x2000000c   Data           4  gizwits_product.o(.data)
    .data                                    0x20000010   Section       16  gizwits_protocol.o(.data)
    protocolFlag                             0x20000010   Data           1  gizwits_protocol.o(.data)
    lastData                                 0x20000011   Data           1  gizwits_protocol.o(.data)
    debugCount                               0x20000012   Data           1  gizwits_protocol.o(.data)
    protocolCount                            0x20000014   Data           2  gizwits_protocol.o(.data)
    lastStatus                               0x20000016   Data           2  gizwits_protocol.o(.data)
    lastReportTime                           0x20000018   Data           4  gizwits_protocol.o(.data)
    lastRepTime                              0x2000001c   Data           4  gizwits_protocol.o(.data)
    .data                                    0x20000020   Section       10  hal_key.o(.data)
    keyTotolNum                              0x20000020   Data           1  hal_key.o(.data)
    keyCheck                                 0x20000021   Data           1  hal_key.o(.data)
    keyState                                 0x20000022   Data           1  hal_key.o(.data)
    key_total                                0x20000023   Data           1  hal_key.o(.data)
    keyLongCheck                             0x20000026   Data           2  hal_key.o(.data)
    keyPrev                                  0x20000028   Data           2  hal_key.o(.data)
    .data                                    0x2000002c   Section        4  stm32f1xx_hal.o(.data)
    .data                                    0x20000030   Section        1  guislim.o(.data)
    .data                                    0x20000032   Section        6  ssd1306.o(.data)
    SSD1306                                  0x20000032   Data           6  ssd1306.o(.data)
    .data                                    0x20000038   Section       44  inv_mpu.o(.data)
    st                                       0x20000038   Data          44  inv_mpu.o(.data)
    .data                                    0x20000064   Section       49  mpu6050.o(.data)
    gyro_orientation                         0x2000008c   Data           9  mpu6050.o(.data)
    .data                                    0x20000098   Section        4  system_stm32f1xx.o(.data)
    .data                                    0x2000009c   Section        4  stdout.o(.data)
    .data                                    0x200000a0   Section        4  errno.o(.data)
    _errno                                   0x200000a0   Data           4  errno.o(.data)
    .bss                                     0x200000a4   Section      322  main.o(.bss)
    .bss                                     0x200001e8   Section       68  main.o(.bss)
    .bss                                     0x2000022c   Section       20  gizwits_product.o(.bss)
    .bss                                     0x20000240   Section      396  gizwits_protocol.o(.bss)
    rbBuf                                    0x20000392   Data          58  gizwits_protocol.o(.bss)
    .bss                                     0x200003cc   Section       32  guislim.o(.bss)
    .bss                                     0x200003ec   Section     1024  ssd1306.o(.bss)
    SSD1306_Buffer                           0x200003ec   Data        1024  ssd1306.o(.bss)
    .bss                                     0x200007ec   Section       16  inv_mpu_dmp_motion_driver.o(.bss)
    dmp                                      0x200007ec   Data          16  inv_mpu_dmp_motion_driver.o(.bss)
    STACK                                    0x20000800   Section     8192  startup_stm32f103xb.o(STACK)

    Global Symbols

    Symbol Name                              Value     Ov Type        Size  Object(Section)

    BuildAttributes$$THM_ISAv4$P$D$K$B$S$PE$A:L22UL41UL21$X:L11$S22US41US21$IEEE1$IW$USESV6$~STKCKD$USESV7$~SHL$OTIME$ROPI$IEEEX$EBA8$MICROLIB$REQ8$PRES8$EABIv2 0x00000000   Number         0  anon$$obj.o ABSOLUTE
    __ARM_use_no_argv                        0x00000000   Number         0  main.o ABSOLUTE
    _printf_a                                0x00000000   Number         0  stubs.o ABSOLUTE
    _printf_c                                0x00000000   Number         0  stubs.o ABSOLUTE
    _printf_charcount                        0x00000000   Number         0  stubs.o ABSOLUTE
    _printf_d                                0x00000000   Number         0  stubs.o ABSOLUTE
    _printf_e                                0x00000000   Number         0  stubs.o ABSOLUTE
    _printf_f                                0x00000000   Number         0  stubs.o ABSOLUTE
    _printf_flags                            0x00000000   Number         0  stubs.o ABSOLUTE
    _printf_fp_dec                           0x00000000   Number         0  stubs.o ABSOLUTE
    _printf_fp_hex                           0x00000000   Number         0  stubs.o ABSOLUTE
    _printf_g                                0x00000000   Number         0  stubs.o ABSOLUTE
    _printf_i                                0x00000000   Number         0  stubs.o ABSOLUTE
    _printf_int_dec                          0x00000000   Number         0  stubs.o ABSOLUTE
    _printf_l                                0x00000000   Number         0  stubs.o ABSOLUTE
    _printf_lc                               0x00000000   Number         0  stubs.o ABSOLUTE
    _printf_ll                               0x00000000   Number         0  stubs.o ABSOLUTE
    _printf_lld                              0x00000000   Number         0  stubs.o ABSOLUTE
    _printf_lli                              0x00000000   Number         0  stubs.o ABSOLUTE
    _printf_llo                              0x00000000   Number         0  stubs.o ABSOLUTE
    _printf_llu                              0x00000000   Number         0  stubs.o ABSOLUTE
    _printf_llx                              0x00000000   Number         0  stubs.o ABSOLUTE
    _printf_longlong_dec                     0x00000000   Number         0  stubs.o ABSOLUTE
    _printf_longlong_hex                     0x00000000   Number         0  stubs.o ABSOLUTE
    _printf_longlong_oct                     0x00000000   Number         0  stubs.o ABSOLUTE
    _printf_ls                               0x00000000   Number         0  stubs.o ABSOLUTE
    _printf_mbtowc                           0x00000000   Number         0  stubs.o ABSOLUTE
    _printf_n                                0x00000000   Number         0  stubs.o ABSOLUTE
    _printf_o                                0x00000000   Number         0  stubs.o ABSOLUTE
    _printf_p                                0x00000000   Number         0  stubs.o ABSOLUTE
    _printf_percent                          0x00000000   Number         0  stubs.o ABSOLUTE
    _printf_pre_padding                      0x00000000   Number         0  stubs.o ABSOLUTE
    _printf_return_value                     0x00000000   Number         0  stubs.o ABSOLUTE
    _printf_s                                0x00000000   Number         0  stubs.o ABSOLUTE
    _printf_sizespec                         0x00000000   Number         0  stubs.o ABSOLUTE
    _printf_str                              0x00000000   Number         0  stubs.o ABSOLUTE
    _printf_truncate_signed                  0x00000000   Number         0  stubs.o ABSOLUTE
    _printf_truncate_unsigned                0x00000000   Number         0  stubs.o ABSOLUTE
    _printf_u                                0x00000000   Number         0  stubs.o ABSOLUTE
    _printf_wc                               0x00000000   Number         0  stubs.o ABSOLUTE
    _printf_wctomb                           0x00000000   Number         0  stubs.o ABSOLUTE
    _printf_widthprec                        0x00000000   Number         0  stubs.o ABSOLUTE
    _printf_x                                0x00000000   Number         0  stubs.o ABSOLUTE
    __cpp_initialize__aeabi_                  - Undefined Weak Reference
    __cxa_finalize                            - Undefined Weak Reference
    __decompress                              - Undefined Weak Reference
    _clock_init                               - Undefined Weak Reference
    _microlib_exit                            - Undefined Weak Reference
    __Vectors_Size                           0x000000ec   Number         0  startup_stm32f103xb.o ABSOLUTE
    __Vectors                                0x08000000   Data           4  startup_stm32f103xb.o(RESET)
    __Vectors_End                            0x080000ec   Data           0  startup_stm32f103xb.o(RESET)
    __main                                   0x080000ed   Thumb Code     0  entry.o(.ARM.Collect$$$$00000000)
    _main_stk                                0x080000ed   Thumb Code     0  entry2.o(.ARM.Collect$$$$00000001)
    _main_scatterload                        0x080000f1   Thumb Code     0  entry5.o(.ARM.Collect$$$$00000004)
    __main_after_scatterload                 0x080000f5   Thumb Code     0  entry5.o(.ARM.Collect$$$$00000004)
    _main_clock                              0x080000f5   Thumb Code     0  entry7b.o(.ARM.Collect$$$$00000008)
    _main_cpp_init                           0x080000f5   Thumb Code     0  entry8b.o(.ARM.Collect$$$$0000000A)
    _main_init                               0x080000f5   Thumb Code     0  entry9a.o(.ARM.Collect$$$$0000000B)
    __rt_final_cpp                           0x080000fd   Thumb Code     0  entry10a.o(.ARM.Collect$$$$0000000D)
    __rt_final_exit                          0x080000fd   Thumb Code     0  entry11a.o(.ARM.Collect$$$$0000000F)
    Reset_Handler                            0x08000101   Thumb Code     8  startup_stm32f103xb.o(.text)
    ADC1_2_IRQHandler                        0x0800011b   Thumb Code     0  startup_stm32f103xb.o(.text)
    CAN1_RX1_IRQHandler                      0x0800011b   Thumb Code     0  startup_stm32f103xb.o(.text)
    CAN1_SCE_IRQHandler                      0x0800011b   Thumb Code     0  startup_stm32f103xb.o(.text)
    DMA1_Channel2_IRQHandler                 0x0800011b   Thumb Code     0  startup_stm32f103xb.o(.text)
    DMA1_Channel3_IRQHandler                 0x0800011b   Thumb Code     0  startup_stm32f103xb.o(.text)
    DMA1_Channel4_IRQHandler                 0x0800011b   Thumb Code     0  startup_stm32f103xb.o(.text)
    DMA1_Channel5_IRQHandler                 0x0800011b   Thumb Code     0  startup_stm32f103xb.o(.text)
    DMA1_Channel6_IRQHandler                 0x0800011b   Thumb Code     0  startup_stm32f103xb.o(.text)
    DMA1_Channel7_IRQHandler                 0x0800011b   Thumb Code     0  startup_stm32f103xb.o(.text)
    EXTI0_IRQHandler                         0x0800011b   Thumb Code     0  startup_stm32f103xb.o(.text)
    EXTI15_10_IRQHandler                     0x0800011b   Thumb Code     0  startup_stm32f103xb.o(.text)
    EXTI1_IRQHandler                         0x0800011b   Thumb Code     0  startup_stm32f103xb.o(.text)
    EXTI2_IRQHandler                         0x0800011b   Thumb Code     0  startup_stm32f103xb.o(.text)
    EXTI3_IRQHandler                         0x0800011b   Thumb Code     0  startup_stm32f103xb.o(.text)
    EXTI4_IRQHandler                         0x0800011b   Thumb Code     0  startup_stm32f103xb.o(.text)
    EXTI9_5_IRQHandler                       0x0800011b   Thumb Code     0  startup_stm32f103xb.o(.text)
    FLASH_IRQHandler                         0x0800011b   Thumb Code     0  startup_stm32f103xb.o(.text)
    I2C1_ER_IRQHandler                       0x0800011b   Thumb Code     0  startup_stm32f103xb.o(.text)
    I2C1_EV_IRQHandler                       0x0800011b   Thumb Code     0  startup_stm32f103xb.o(.text)
    I2C2_ER_IRQHandler                       0x0800011b   Thumb Code     0  startup_stm32f103xb.o(.text)
    I2C2_EV_IRQHandler                       0x0800011b   Thumb Code     0  startup_stm32f103xb.o(.text)
    PVD_IRQHandler                           0x0800011b   Thumb Code     0  startup_stm32f103xb.o(.text)
    RCC_IRQHandler                           0x0800011b   Thumb Code     0  startup_stm32f103xb.o(.text)
    RTC_Alarm_IRQHandler                     0x0800011b   Thumb Code     0  startup_stm32f103xb.o(.text)
    RTC_IRQHandler                           0x0800011b   Thumb Code     0  startup_stm32f103xb.o(.text)
    SPI1_IRQHandler                          0x0800011b   Thumb Code     0  startup_stm32f103xb.o(.text)
    SPI2_IRQHandler                          0x0800011b   Thumb Code     0  startup_stm32f103xb.o(.text)
    TAMPER_IRQHandler                        0x0800011b   Thumb Code     0  startup_stm32f103xb.o(.text)
    TIM1_BRK_IRQHandler                      0x0800011b   Thumb Code     0  startup_stm32f103xb.o(.text)
    TIM1_CC_IRQHandler                       0x0800011b   Thumb Code     0  startup_stm32f103xb.o(.text)
    TIM1_TRG_COM_IRQHandler                  0x0800011b   Thumb Code     0  startup_stm32f103xb.o(.text)
    TIM1_UP_IRQHandler                       0x0800011b   Thumb Code     0  startup_stm32f103xb.o(.text)
    TIM3_IRQHandler                          0x0800011b   Thumb Code     0  startup_stm32f103xb.o(.text)
    TIM4_IRQHandler                          0x0800011b   Thumb Code     0  startup_stm32f103xb.o(.text)
    USART3_IRQHandler                        0x0800011b   Thumb Code     0  startup_stm32f103xb.o(.text)
    USBWakeUp_IRQHandler                     0x0800011b   Thumb Code     0  startup_stm32f103xb.o(.text)
    USB_HP_CAN1_TX_IRQHandler                0x0800011b   Thumb Code     0  startup_stm32f103xb.o(.text)
    USB_LP_CAN1_RX0_IRQHandler               0x0800011b   Thumb Code     0  startup_stm32f103xb.o(.text)
    WWDG_IRQHandler                          0x0800011b   Thumb Code     0  startup_stm32f103xb.o(.text)
    __aeabi_ldivmod                          0x08000125   Thumb Code    98  ldiv.o(.text)
    __aeabi_llsr                             0x08000187   Thumb Code    32  llushr.o(.text)
    _ll_ushift_r                             0x08000187   Thumb Code     0  llushr.o(.text)
    __aeabi_memcpy                           0x080001a7   Thumb Code    36  memcpya.o(.text)
    __aeabi_memcpy4                          0x080001a7   Thumb Code     0  memcpya.o(.text)
    __aeabi_memcpy8                          0x080001a7   Thumb Code     0  memcpya.o(.text)
    __aeabi_memset                           0x080001cb   Thumb Code    14  memseta.o(.text)
    __aeabi_memset4                          0x080001cb   Thumb Code     0  memseta.o(.text)
    __aeabi_memset8                          0x080001cb   Thumb Code     0  memseta.o(.text)
    __aeabi_memclr                           0x080001d9   Thumb Code     4  memseta.o(.text)
    __aeabi_memclr4                          0x080001d9   Thumb Code     0  memseta.o(.text)
    __aeabi_memclr8                          0x080001d9   Thumb Code     0  memseta.o(.text)
    _memset$wrapper                          0x080001dd   Thumb Code    18  memseta.o(.text)
    memcmp                                   0x080001ef   Thumb Code    26  memcmp.o(.text)
    __aeabi_fadd                             0x08000209   Thumb Code   164  fadd.o(.text)
    __aeabi_fsub                             0x080002ad   Thumb Code     6  fadd.o(.text)
    __aeabi_frsub                            0x080002b3   Thumb Code     6  fadd.o(.text)
    __aeabi_fmul                             0x080002b9   Thumb Code   100  fmul.o(.text)
    __aeabi_fdiv                             0x0800031d   Thumb Code   124  fdiv.o(.text)
    __ARM_scalbnf                            0x08000399   Thumb Code    24  fscalb.o(.text)
    scalbnf                                  0x08000399   Thumb Code     0  fscalb.o(.text)
    __aeabi_dadd                             0x080003b1   Thumb Code   322  dadd.o(.text)
    __aeabi_dsub                             0x080004f3   Thumb Code     6  dadd.o(.text)
    __aeabi_drsub                            0x080004f9   Thumb Code     6  dadd.o(.text)
    __aeabi_dmul                             0x080004ff   Thumb Code   228  dmul.o(.text)
    __aeabi_ddiv                             0x080005e3   Thumb Code   222  ddiv.o(.text)
    __ARM_scalbn                             0x080006c1   Thumb Code    46  dscalb.o(.text)
    scalbn                                   0x080006c1   Thumb Code     0  dscalb.o(.text)
    __aeabi_i2f                              0x080006ef   Thumb Code    18  fflti.o(.text)
    __aeabi_ui2f                             0x08000701   Thumb Code    10  ffltui.o(.text)
    __aeabi_ui2d                             0x0800070b   Thumb Code    26  dfltui.o(.text)
    __aeabi_f2iz                             0x08000725   Thumb Code    50  ffixi.o(.text)
    __aeabi_f2uiz                            0x08000757   Thumb Code    40  ffixui.o(.text)
    __aeabi_f2d                              0x0800077f   Thumb Code    38  f2d.o(.text)
    __aeabi_d2f                              0x080007a5   Thumb Code    56  d2f.o(.text)
    __aeabi_cfcmpeq                          0x080007dd   Thumb Code     0  cfcmple.o(.text)
    __aeabi_cfcmple                          0x080007dd   Thumb Code    20  cfcmple.o(.text)
    __aeabi_uidiv                            0x080007f1   Thumb Code     0  uidiv.o(.text)
    __aeabi_uidivmod                         0x080007f1   Thumb Code    44  uidiv.o(.text)
    __aeabi_uldivmod                         0x0800081d   Thumb Code    98  uldiv.o(.text)
    __aeabi_llsl                             0x0800087f   Thumb Code    30  llshl.o(.text)
    _ll_shift_l                              0x0800087f   Thumb Code     0  llshl.o(.text)
    __aeabi_lasr                             0x0800089d   Thumb Code    36  llsshr.o(.text)
    _ll_sshift_r                             0x0800089d   Thumb Code     0  llsshr.o(.text)
    __I$use$fp                               0x080008c1   Thumb Code     0  iusefp.o(.text)
    _float_round                             0x080008c1   Thumb Code    18  fepilogue.o(.text)
    _float_epilogue                          0x080008d3   Thumb Code    92  fepilogue.o(.text)
    _double_round                            0x0800092f   Thumb Code    30  depilogue.o(.text)
    _double_epilogue                         0x0800094d   Thumb Code   156  depilogue.o(.text)
    __aeabi_d2ulz                            0x080009e9   Thumb Code    48  dfixul.o(.text)
    __aeabi_cdrcmple                         0x08000a19   Thumb Code    48  cdrcmple.o(.text)
    __scatterload                            0x08000a49   Thumb Code    28  init.o(.text)
    __scatterload_rt2                        0x08000a49   Thumb Code     0  init.o(.text)
    _dsqrt                                   0x08000a6d   Thumb Code   162  dsqrt.o(.text)
    ADC_ConversionStop_Disable               0x08000b11   Thumb Code    76  stm32f1xx_hal_adc.o(i.ADC_ConversionStop_Disable)
    ADC_DMAConvCplt                          0x08000b5d   Thumb Code    78  stm32f1xx_hal_adc.o(i.ADC_DMAConvCplt)
    ADC_DMAError                             0x08000bab   Thumb Code    26  stm32f1xx_hal_adc.o(i.ADC_DMAError)
    ADC_DMAHalfConvCplt                      0x08000bc5   Thumb Code    10  stm32f1xx_hal_adc.o(i.ADC_DMAHalfConvCplt)
    ADC_Enable                               0x08000bd1   Thumb Code   104  stm32f1xx_hal_adc.o(i.ADC_Enable)
    BusFault_Handler                         0x08000c41   Thumb Code     2  stm32f1xx_it.o(i.BusFault_Handler)
    DMA1_Channel1_IRQHandler                 0x08000c45   Thumb Code     6  stm32f1xx_it.o(i.DMA1_Channel1_IRQHandler)
    DebugMon_Handler                         0x08000c7b   Thumb Code     2  stm32f1xx_it.o(i.DebugMon_Handler)
    DrawBitLine1BPP                          0x08000c7d   Thumb Code   354  guislim.o(i.DrawBitLine1BPP)
    GL_DispChar                              0x08000de5   Thumb Code    22  guislim.o(i.GL_DispChar)
    GUIPROP_DispChar                         0x08000e01   Thumb Code   122  guislim.o(i.GUIPROP_DispChar)
    GUIPROP_GetCharDistX                     0x08000e99   Thumb Code    38  guislim.o(i.GUIPROP_GetCharDistX)
    GUIPROP_GetFontInfo                      0x08000ec5   Thumb Code     6  guislim.o(i.GUIPROP_GetFontInfo)
    GUIPROP_IsInFont                         0x08000ecb   Thumb Code    16  guislim.o(i.GUIPROP_IsInFont)
    GUI_Clear                                0x08000edb   Thumb Code    26  guislim.o(i.GUI_Clear)
    GUI_ClearRect                            0x08000ef5   Thumb Code    20  guislim.o(i.GUI_ClearRect)
    GUI_DispNextLine                         0x08000f09   Thumb Code    16  guislim.o(i.GUI_DispNextLine)
    GUI_DispString                           0x08000f1d   Thumb Code   234  guislim.o(i.GUI_DispString)
    GUI_DispStringAt                         0x0800100d   Thumb Code    10  guislim.o(i.GUI_DispStringAt)
    GUI_GetCharDistX                         0x0800101d   Thumb Code     8  guislim.o(i.GUI_GetCharDistX)
    GUI_GetFontDistY                         0x08001029   Thumb Code     8  guislim.o(i.GUI_GetFontDistY)
    GUI_GetYAdjust                           0x08001035   Thumb Code    38  guislim.o(i.GUI_GetYAdjust)
    GUI_GotoXY                               0x08001061   Thumb Code    20  guislim.o(i.GUI_GotoXY)
    GUI_Init                                 0x08001075   Thumb Code    46  guislim.o(i.GUI_Init)
    GUI_UC__NumChars2NumBytes                0x080010b1   Thumb Code    12  guislim.o(i.GUI_UC__NumChars2NumBytes)
    GUI_Update                               0x080010bd   Thumb Code     4  guislim.o(i.GUI_Update)
    GUI__DispLine                            0x080010c1   Thumb Code    48  guislim.o(i.GUI__DispLine)
    GUI__GetLineDistX                        0x080010f5   Thumb Code    50  guislim.o(i.GUI__GetLineDistX)
    GUI__GetLineNumChars                     0x08001127   Thumb Code    34  guislim.o(i.GUI__GetLineNumChars)
    HAL_ADC_ConfigChannel                    0x08001149   Thumb Code   240  stm32f1xx_hal_adc.o(i.HAL_ADC_ConfigChannel)
    HAL_ADC_ConvCpltCallback                 0x08001245   Thumb Code    34  main.o(i.HAL_ADC_ConvCpltCallback)
    HAL_ADC_ConvHalfCpltCallback             0x08001271   Thumb Code     2  stm32f1xx_hal_adc.o(i.HAL_ADC_ConvHalfCpltCallback)
    HAL_ADC_ErrorCallback                    0x08001273   Thumb Code     2  stm32f1xx_hal_adc.o(i.HAL_ADC_ErrorCallback)
    HAL_ADC_Init                             0x08001275   Thumb Code   272  stm32f1xx_hal_adc.o(i.HAL_ADC_Init)
    HAL_ADC_MspInit                          0x08001391   Thumb Code   100  stm32f1xx_hal_msp.o(i.HAL_ADC_MspInit)
    HAL_ADC_Start_DMA                        0x08001425   Thumb Code   246  stm32f1xx_hal_adc.o(i.HAL_ADC_Start_DMA)
    HAL_DMA_Abort_IT                         0x08001531   Thumb Code   148  stm32f1xx_hal_dma.o(i.HAL_DMA_Abort_IT)
    HAL_DMA_IRQHandler                       0x080015c9   Thumb Code   316  stm32f1xx_hal_dma.o(i.HAL_DMA_IRQHandler)
    HAL_DMA_Init                             0x0800171d   Thumb Code    92  stm32f1xx_hal_dma.o(i.HAL_DMA_Init)
    HAL_DMA_Start_IT                         0x08001781   Thumb Code   112  stm32f1xx_hal_dma.o(i.HAL_DMA_Start_IT)
    HAL_Delay                                0x080017f1   Thumb Code    28  stm32f1xx_hal.o(i.HAL_Delay)
    HAL_GPIO_Init                            0x0800180d   Thumb Code   408  stm32f1xx_hal_gpio.o(i.HAL_GPIO_Init)
    HAL_GPIO_ReadPin                         0x080019c9   Thumb Code    10  stm32f1xx_hal_gpio.o(i.HAL_GPIO_ReadPin)
    HAL_GPIO_WritePin                        0x080019d3   Thumb Code    10  stm32f1xx_hal_gpio.o(i.HAL_GPIO_WritePin)
    HAL_GetTick                              0x080019dd   Thumb Code     6  stm32f1xx_hal.o(i.HAL_GetTick)
    HAL_IncTick                              0x080019e9   Thumb Code    10  stm32f1xx_hal.o(i.HAL_IncTick)
    HAL_Init                                 0x080019f9   Thumb Code    32  stm32f1xx_hal.o(i.HAL_Init)
    HAL_InitTick                             0x08001a1d   Thumb Code    34  stm32f1xx_hal.o(i.HAL_InitTick)
    HAL_MspInit                              0x08001a45   Thumb Code   122  stm32f1xx_hal_msp.o(i.HAL_MspInit)
    HAL_NVIC_EnableIRQ                       0x08001ac9   Thumb Code    22  stm32f1xx_hal_cortex.o(i.HAL_NVIC_EnableIRQ)
    HAL_NVIC_SetPriority                     0x08001ae1   Thumb Code    60  stm32f1xx_hal_cortex.o(i.HAL_NVIC_SetPriority)
    HAL_NVIC_SetPriorityGrouping             0x08001b21   Thumb Code    26  stm32f1xx_hal_cortex.o(i.HAL_NVIC_SetPriorityGrouping)
    HAL_NVIC_SystemReset                     0x08001b45   Thumb Code    26  stm32f1xx_hal_cortex.o(i.HAL_NVIC_SystemReset)
    HAL_RCCEx_PeriphCLKConfig                0x08001b69   Thumb Code   224  stm32f1xx_hal_rcc_ex.o(i.HAL_RCCEx_PeriphCLKConfig)
    HAL_RCC_ClockConfig                      0x08001c55   Thumb Code   322  stm32f1xx_hal_rcc.o(i.HAL_RCC_ClockConfig)
    HAL_RCC_GetHCLKFreq                      0x08001da9   Thumb Code     6  stm32f1xx_hal_rcc.o(i.HAL_RCC_GetHCLKFreq)
    HAL_RCC_GetPCLK1Freq                     0x08001db5   Thumb Code    20  stm32f1xx_hal_rcc.o(i.HAL_RCC_GetPCLK1Freq)
    HAL_RCC_GetPCLK2Freq                     0x08001dd5   Thumb Code    20  stm32f1xx_hal_rcc.o(i.HAL_RCC_GetPCLK2Freq)
    HAL_RCC_GetSysClockFreq                  0x08001df5   Thumb Code    74  stm32f1xx_hal_rcc.o(i.HAL_RCC_GetSysClockFreq)
    HAL_RCC_OscConfig                        0x08001e61   Thumb Code   750  stm32f1xx_hal_rcc.o(i.HAL_RCC_OscConfig)
    HAL_SYSTICK_CLKSourceConfig              0x08002165   Thumb Code    24  stm32f1xx_hal_cortex.o(i.HAL_SYSTICK_CLKSourceConfig)
    HAL_SYSTICK_Callback                     0x0800217d   Thumb Code     2  stm32f1xx_hal_cortex.o(i.HAL_SYSTICK_Callback)
    HAL_SYSTICK_Config                       0x0800217f   Thumb Code    40  stm32f1xx_hal_cortex.o(i.HAL_SYSTICK_Config)
    HAL_SYSTICK_IRQHandler                   0x080021a7   Thumb Code     8  stm32f1xx_hal_cortex.o(i.HAL_SYSTICK_IRQHandler)
    HAL_TIMEx_BreakCallback                  0x080021af   Thumb Code     2  stm32f1xx_hal_tim_ex.o(i.HAL_TIMEx_BreakCallback)
    HAL_TIMEx_CommutationCallback            0x080021b1   Thumb Code     2  stm32f1xx_hal_tim_ex.o(i.HAL_TIMEx_CommutationCallback)
    HAL_TIMEx_MasterConfigSynchronization    0x080021b3   Thumb Code    80  stm32f1xx_hal_tim_ex.o(i.HAL_TIMEx_MasterConfigSynchronization)
    HAL_TIM_Base_Init                        0x08002203   Thumb Code    54  stm32f1xx_hal_tim.o(i.HAL_TIM_Base_Init)
    HAL_TIM_Base_MspInit                     0x08002239   Thumb Code    30  stm32f1xx_hal_msp.o(i.HAL_TIM_Base_MspInit)
    HAL_TIM_Base_Start_IT                    0x0800225d   Thumb Code    24  stm32f1xx_hal_tim.o(i.HAL_TIM_Base_Start_IT)
    HAL_TIM_ConfigClockSource                0x08002275   Thumb Code   242  stm32f1xx_hal_tim.o(i.HAL_TIM_ConfigClockSource)
    HAL_TIM_IC_CaptureCallback               0x08002367   Thumb Code     2  stm32f1xx_hal_tim.o(i.HAL_TIM_IC_CaptureCallback)
    HAL_TIM_IRQHandler                       0x08002369   Thumb Code   358  stm32f1xx_hal_tim.o(i.HAL_TIM_IRQHandler)
    HAL_TIM_OC_DelayElapsedCallback          0x080024cf   Thumb Code     2  stm32f1xx_hal_tim.o(i.HAL_TIM_OC_DelayElapsedCallback)
    HAL_TIM_PWM_PulseFinishedCallback        0x080024d1   Thumb Code     2  stm32f1xx_hal_tim.o(i.HAL_TIM_PWM_PulseFinishedCallback)
    HAL_TIM_PeriodElapsedCallback            0x080024d5   Thumb Code    24  gizwits_product.o(i.HAL_TIM_PeriodElapsedCallback)
    HAL_TIM_TriggerCallback                  0x080024f5   Thumb Code     2  stm32f1xx_hal_tim.o(i.HAL_TIM_TriggerCallback)
    HAL_UART_ErrorCallback                   0x080024f7   Thumb Code     2  stm32f1xx_hal_uart.o(i.HAL_UART_ErrorCallback)
    HAL_UART_IRQHandler                      0x080024f9   Thumb Code   266  stm32f1xx_hal_uart.o(i.HAL_UART_IRQHandler)
    HAL_UART_Init                            0x08002609   Thumb Code    98  stm32f1xx_hal_uart.o(i.HAL_UART_Init)
    HAL_UART_MspInit                         0x0800266d   Thumb Code   146  stm32f1xx_hal_msp.o(i.HAL_UART_MspInit)
    HAL_UART_Receive_IT                      0x08002711   Thumb Code    82  stm32f1xx_hal_uart.o(i.HAL_UART_Receive_IT)
    HAL_UART_RxCpltCallback                  0x08002765   Thumb Code    34  gizwits_product.o(i.HAL_UART_RxCpltCallback)
    HAL_UART_Transmit                        0x08002795   Thumb Code   186  stm32f1xx_hal_uart.o(i.HAL_UART_Transmit)
    HAL_UART_Transmit_IT                     0x0800284f   Thumb Code    62  stm32f1xx_hal_uart.o(i.HAL_UART_Transmit_IT)
    HAL_UART_TxCpltCallback                  0x0800288d   Thumb Code     2  stm32f1xx_hal_uart.o(i.HAL_UART_TxCpltCallback)
    HardFault_Handler                        0x0800288f   Thumb Code     2  stm32f1xx_it.o(i.HardFault_Handler)
    LCD_DrawBitmap1BPP                       0x080029f1   Thumb Code   132  guislim.o(i.LCD_DrawBitmap1BPP)
    LCD_L0_DrawBitmap1BPP                    0x08002a79   Thumb Code    52  guislim.o(i.LCD_L0_DrawBitmap1BPP)
    MPU_getdata                              0x08002aad   Thumb Code   476  mpu6050.o(i.MPU_getdata)
    MPU_init                                 0x08002c91   Thumb Code   204  mpu6050.o(i.MPU_init)
    MemManage_Handler                        0x0800317d   Thumb Code     2  stm32f1xx_it.o(i.MemManage_Handler)
    NMI_Handler                              0x0800317f   Thumb Code     2  stm32f1xx_it.o(i.NMI_Handler)
    OLED_IIC_SendByte                        0x080031a1   Thumb Code    92  ssd1306_i2c.o(i.OLED_IIC_SendByte)
    OLED_IIC_Start                           0x08003201   Thumb Code    52  ssd1306_i2c.o(i.OLED_IIC_Start)
    OLED_IIC_Stop                            0x08003239   Thumb Code    54  ssd1306_i2c.o(i.OLED_IIC_Stop)
    PendSV_Handler                           0x08003275   Thumb Code     2  stm32f1xx_it.o(i.PendSV_Handler)
    SSD1306_DrawFilledRectangle              0x08003277   Thumb Code    86  ssd1306.o(i.SSD1306_DrawFilledRectangle)
    SSD1306_DrawLine                         0x080032cd   Thumb Code   266  ssd1306.o(i.SSD1306_DrawLine)
    SSD1306_DrawPixel                        0x080033d9   Thumb Code    54  ssd1306.o(i.SSD1306_DrawPixel)
    SSD1306_Fill                             0x08003419   Thumb Code    18  ssd1306.o(i.SSD1306_Fill)
    SSD1306_UpdateScreen                     0x08003431   Thumb Code    58  ssd1306.o(i.SSD1306_UpdateScreen)
    SSD1306_WriteByte                        0x08003471   Thumb Code    36  ssd1306.o(i.SSD1306_WriteByte)
    SSD1306_WriteMuliByte                    0x08003495   Thumb Code    50  ssd1306.o(i.SSD1306_WriteMuliByte)
    SSD1306_init                             0x080034c9   Thumb Code   250  ssd1306.o(i.SSD1306_init)
    SVC_Handler                              0x080035c9   Thumb Code     2  stm32f1xx_it.o(i.SVC_Handler)
    SysTick_Handler                          0x080035cb   Thumb Code    14  stm32f1xx_it.o(i.SysTick_Handler)
    SystemClock_Config                       0x080035d9   Thumb Code   122  main.o(i.SystemClock_Config)
    SystemInit                               0x08003655   Thumb Code    56  system_stm32f1xx.o(i.SystemInit)
    TIM2_IRQHandler                          0x0800369d   Thumb Code     6  stm32f1xx_it.o(i.TIM2_IRQHandler)
    TIM_Base_SetConfig                       0x080036a9   Thumb Code    94  stm32f1xx_hal_tim.o(i.TIM_Base_SetConfig)
    USART1_IRQHandler                        0x08003a79   Thumb Code     6  stm32f1xx_it.o(i.USART1_IRQHandler)
    USART2_IRQHandler                        0x08003a85   Thumb Code     6  stm32f1xx_it.o(i.USART2_IRQHandler)
    UsageFault_Handler                       0x08003a91   Thumb Code     2  stm32f1xx_it.o(i.UsageFault_Handler)
    _Error_Handler                           0x08003a93   Thumb Code     2  main.o(i._Error_Handler)
    __0printf                                0x08003aad   Thumb Code    22  printfa.o(i.__0printf)
    __1printf                                0x08003aad   Thumb Code     0  printfa.o(i.__0printf)
    __2printf                                0x08003aad   Thumb Code     0  printfa.o(i.__0printf)
    __c89printf                              0x08003aad   Thumb Code     0  printfa.o(i.__0printf)
    printf                                   0x08003aad   Thumb Code     0  printfa.o(i.__0printf)
    __0sprintf                               0x08003acd   Thumb Code    34  printfa.o(i.__0sprintf)
    __1sprintf                               0x08003acd   Thumb Code     0  printfa.o(i.__0sprintf)
    __2sprintf                               0x08003acd   Thumb Code     0  printfa.o(i.__0sprintf)
    __c89sprintf                             0x08003acd   Thumb Code     0  printfa.o(i.__0sprintf)
    sprintf                                  0x08003acd   Thumb Code     0  printfa.o(i.__0sprintf)
    __ARM_fpclassify                         0x08003af5   Thumb Code    40  fpclassify.o(i.__ARM_fpclassify)
    __kernel_poly                            0x08003b1d   Thumb Code   170  poly.o(i.__kernel_poly)
    __mathlib_dbl_infnan                     0x08003bc7   Thumb Code     6  dunder.o(i.__mathlib_dbl_infnan)
    __mathlib_dbl_infnan2                    0x08003bcd   Thumb Code     4  dunder.o(i.__mathlib_dbl_infnan2)
    __mathlib_dbl_invalid                    0x08003bd1   Thumb Code    12  dunder.o(i.__mathlib_dbl_invalid)
    __mathlib_dbl_underflow                  0x08003bdd   Thumb Code    10  dunder.o(i.__mathlib_dbl_underflow)
    __scatterload_copy                       0x08003bed   Thumb Code    14  handlers.o(i.__scatterload_copy)
    __scatterload_null                       0x08003bfb   Thumb Code     2  handlers.o(i.__scatterload_null)
    __scatterload_zeroinit                   0x08003bfd   Thumb Code    14  handlers.o(i.__scatterload_zeroinit)
    __set_errno                              0x08003c0d   Thumb Code     6  errno.o(i.__set_errno)
    asin                                     0x08004535   Thumb Code   572  asin.o(i.asin)
    atan                                     0x080047a5   Thumb Code   474  atan.o(i.atan)
    atan2                                    0x080049c5   Thumb Code   346  atan2.o(i.atan2)
    delay_ms                                 0x08004b45   Thumb Code    18  inv_mpu.o(i.delay_ms)
    dmp_enable_6x_lp_quat                    0x08004b57   Thumb Code    58  inv_mpu_dmp_motion_driver.o(i.dmp_enable_6x_lp_quat)
    dmp_enable_feature                       0x08004b91   Thumb Code   464  inv_mpu_dmp_motion_driver.o(i.dmp_enable_feature)
    dmp_enable_gyro_cal                      0x08004d69   Thumb Code    34  inv_mpu_dmp_motion_driver.o(i.dmp_enable_gyro_cal)
    dmp_enable_lp_quat                       0x08004da5   Thumb Code    58  inv_mpu_dmp_motion_driver.o(i.dmp_enable_lp_quat)
    dmp_load_motion_driver_firmware          0x08004de1   Thumb Code    16  inv_mpu_dmp_motion_driver.o(i.dmp_load_motion_driver_firmware)
    dmp_read_fifo                            0x08004df5   Thumb Code   314  inv_mpu_dmp_motion_driver.o(i.dmp_read_fifo)
    dmp_set_accel_bias                       0x08004f35   Thumb Code   210  inv_mpu_dmp_motion_driver.o(i.dmp_set_accel_bias)
    dmp_set_fifo_rate                        0x0800500d   Thumb Code    82  inv_mpu_dmp_motion_driver.o(i.dmp_set_fifo_rate)
    dmp_set_gyro_bias                        0x08005071   Thumb Code   196  inv_mpu_dmp_motion_driver.o(i.dmp_set_gyro_bias)
    dmp_set_orientation                      0x0800513d   Thumb Code   246  inv_mpu_dmp_motion_driver.o(i.dmp_set_orientation)
    dmp_set_shake_reject_thresh              0x08005249   Thumb Code    48  inv_mpu_dmp_motion_driver.o(i.dmp_set_shake_reject_thresh)
    dmp_set_shake_reject_time                0x08005279   Thumb Code    32  inv_mpu_dmp_motion_driver.o(i.dmp_set_shake_reject_time)
    dmp_set_shake_reject_timeout             0x08005299   Thumb Code    32  inv_mpu_dmp_motion_driver.o(i.dmp_set_shake_reject_timeout)
    dmp_set_tap_axes                         0x080052b9   Thumb Code    64  inv_mpu_dmp_motion_driver.o(i.dmp_set_tap_axes)
    dmp_set_tap_count                        0x080052f9   Thumb Code    34  inv_mpu_dmp_motion_driver.o(i.dmp_set_tap_count)
    dmp_set_tap_thresh                       0x0800531d   Thumb Code   274  inv_mpu_dmp_motion_driver.o(i.dmp_set_tap_thresh)
    dmp_set_tap_time                         0x08005445   Thumb Code    32  inv_mpu_dmp_motion_driver.o(i.dmp_set_tap_time)
    dmp_set_tap_time_multi                   0x08005465   Thumb Code    32  inv_mpu_dmp_motion_driver.o(i.dmp_set_tap_time_multi)
    exchangeBytes                            0x08005485   Thumb Code    16  common.o(i.exchangeBytes)
    exchangeWord                             0x08005495   Thumb Code     4  common.o(i.exchangeWord)
    fputc                                    0x08005499   Thumb Code    20  gizwits_product.o(i.fputc)
    getKey                                   0x080054b1   Thumb Code    84  hal_key.o(i.getKey)
    gizAcrossByteJudge                       0x080058c9   Thumb Code    30  datapointtools.o(i.gizAcrossByteJudge)
    gizByteOrderExchange                     0x080058e7   Thumb Code    36  datapointtools.o(i.gizByteOrderExchange)
    gizGetTimerCount                         0x08005d6d   Thumb Code     6  gizwits_product.o(i.gizGetTimerCount)
    gizProtocolSum                           0x0800695d   Thumb Code    36  common.o(i.gizProtocolSum)
    gizPutData                               0x08006a25   Thumb Code    40  gizwits_protocol.o(i.gizPutData)
    gizStandardCompressValue                 0x08006b55   Thumb Code    80  datapointtools.o(i.gizStandardCompressValue)
    gizStandardDecompressionValue            0x08006ba5   Thumb Code   130  datapointtools.o(i.gizStandardDecompressionValue)
    gizTimerMs                               0x08006c29   Thumb Code    10  gizwits_product.o(i.gizTimerMs)
    gizY2XFloat                              0x08006c39   Thumb Code    24  datapointtools.o(i.gizY2XFloat)
    gizwitsEventProcess                      0x08006c51   Thumb Code   258  gizwits_product.o(i.gizwitsEventProcess)
    gizwitsHandle                            0x08006e35   Thumb Code   560  gizwits_protocol.o(i.gizwitsHandle)
    gizwitsInit                              0x08007179   Thumb Code    46  gizwits_protocol.o(i.gizwitsInit)
    gizwitsSetMode                           0x080071d9   Thumb Code   222  gizwits_protocol.o(i.gizwitsSetMode)
    i2cRead                                  0x080073c5   Thumb Code   254  stm32_i2c.o(i.i2cRead)
    i2cWriteBuffer                           0x080074c9   Thumb Code    84  stm32_i2c.o(i.i2cWriteBuffer)
    i2cread                                  0x0800751d   Thumb Code    18  stm32_i2c.o(i.i2cread)
    i2cwrite                                 0x0800752f   Thumb Code    18  stm32_i2c.o(i.i2cwrite)
    key1LongPress                            0x08007589   Thumb Code    18  main.o(i.key1LongPress)
    key1ShortPress                           0x080075bd   Thumb Code    18  main.o(i.key1ShortPress)
    key2LongPress                            0x080075f1   Thumb Code    18  main.o(i.key2LongPress)
    key2ShortPress                           0x08007625   Thumb Code    18  main.o(i.key2ShortPress)
    keyHandle                                0x08007655   Thumb Code   126  hal_key.o(i.keyHandle)
    keyInit                                  0x080076d5   Thumb Code    88  main.o(i.keyInit)
    keyInitOne                               0x08007749   Thumb Code    58  hal_key.o(i.keyInitOne)
    keyParaInit                              0x08007789   Thumb Code    20  hal_key.o(i.keyParaInit)
    main                                     0x080077a1   Thumb Code   332  main.o(i.main)
    mcuRestart                               0x08007955   Thumb Code    10  gizwits_product.o(i.mcuRestart)
    mpu_configure_fifo                       0x08007961   Thumb Code    78  inv_mpu.o(i.mpu_configure_fifo)
    mpu_get_accel_fsr                        0x080079b5   Thumb Code    54  inv_mpu.o(i.mpu_get_accel_fsr)
    mpu_get_accel_sens                       0x080079f1   Thumb Code    62  inv_mpu.o(i.mpu_get_accel_sens)
    mpu_get_gyro_fsr                         0x08007a35   Thumb Code    48  inv_mpu.o(i.mpu_get_gyro_fsr)
    mpu_get_gyro_sens                        0x08007a69   Thumb Code    44  inv_mpu.o(i.mpu_get_gyro_sens)
    mpu_get_lpf                              0x08007aa9   Thumb Code    52  inv_mpu.o(i.mpu_get_lpf)
    mpu_get_sample_rate                      0x08007ae1   Thumb Code    22  inv_mpu.o(i.mpu_get_sample_rate)
    mpu_init                                 0x08007afd   Thumb Code   336  inv_mpu.o(i.mpu_init)
    mpu_load_firmware                        0x08007ce5   Thumb Code   154  inv_mpu.o(i.mpu_load_firmware)
    mpu_lp_accel_mode                        0x08007d85   Thumb Code   178  inv_mpu.o(i.mpu_lp_accel_mode)
    mpu_read_fifo_stream                     0x08007e3d   Thumb Code   140  inv_mpu.o(i.mpu_read_fifo_stream)
    mpu_read_mem                             0x08007ecd   Thumb Code    80  inv_mpu.o(i.mpu_read_mem)
    mpu_reset_fifo                           0x08007f21   Thumb Code   346  inv_mpu.o(i.mpu_reset_fifo)
    mpu_run_self_test                        0x08008081   Thumb Code   236  inv_mpu.o(i.mpu_run_self_test)
    mpu_set_accel_fsr                        0x08008171   Thumb Code    98  inv_mpu.o(i.mpu_set_accel_fsr)
    mpu_set_bypass                           0x080081d9   Thumb Code   214  inv_mpu.o(i.mpu_set_bypass)
    mpu_set_dmp_state                        0x080082b5   Thumb Code   114  inv_mpu.o(i.mpu_set_dmp_state)
    mpu_set_gyro_fsr                         0x0800832d   Thumb Code   104  inv_mpu.o(i.mpu_set_gyro_fsr)
    mpu_set_int_latched                      0x08008399   Thumb Code    94  inv_mpu.o(i.mpu_set_int_latched)
    mpu_set_lpf                              0x080083fd   Thumb Code   102  inv_mpu.o(i.mpu_set_lpf)
    mpu_set_sample_rate                      0x08008469   Thumb Code   124  inv_mpu.o(i.mpu_set_sample_rate)
    mpu_set_sensors                          0x080084e9   Thumb Code   178  inv_mpu.o(i.mpu_set_sensors)
    mpu_write_mem                            0x080085a1   Thumb Code    80  inv_mpu.o(i.mpu_write_mem)
    rbCanRead                                0x080085f5   Thumb Code    50  ringbuffer.o(i.rbCanRead)
    rbCanWrite                               0x08008627   Thumb Code    28  ringbuffer.o(i.rbCanWrite)
    rbCapacity                               0x08008643   Thumb Code    12  ringbuffer.o(i.rbCapacity)
    rbCreate                                 0x0800864f   Thumb Code    18  ringbuffer.o(i.rbCreate)
    rbRead                                   0x08008661   Thumb Code   126  ringbuffer.o(i.rbRead)
    rbWrite                                  0x080086df   Thumb Code   142  ringbuffer.o(i.rbWrite)
    readKeyValue                             0x0800876d   Thumb Code   130  hal_key.o(i.readKeyValue)
    sqrt                                     0x0800891d   Thumb Code    76  sqrt.o(i.sqrt)
    timerInit                                0x08008969   Thumb Code     6  gizwits_product.o(i.timerInit)
    uartInit                                 0x08008975   Thumb Code    10  gizwits_product.o(i.uartInit)
    uartWrite                                0x08008989   Thumb Code   140  gizwits_product.o(i.uartWrite)
    userHandle                               0x08008a41   Thumb Code    60  gizwits_product.o(i.userHandle)
    userInit                                 0x08008a95   Thumb Code     8  gizwits_product.o(i.userInit)
    acFont8ASCII                             0x08008aa0   Data         760  f08_ascii.o(.constdata)
    GUI_Font8_ASCII_CharInfo                 0x08008d98   Data         760  f08_ascii.o(.constdata)
    GUI_Font8ASCII_Prop                      0x08009090   Data          12  f08_ascii.o(.constdata)
    GUI_Font8_ASCII                          0x0800909c   Data          32  f08_ascii.o(.constdata)
    hw                                       0x080090bc   Data          12  inv_mpu.o(.constdata)
    reg                                      0x080090c8   Data          27  inv_mpu.o(.constdata)
    test                                     0x080090e4   Data          40  inv_mpu.o(.constdata)
    AHBPrescTable                            0x08009d02   Data          16  system_stm32f1xx.o(.constdata)
    APBPrescTable                            0x08009d12   Data           8  system_stm32f1xx.o(.constdata)
    __mathlib_zero                           0x08009e08   Data           8  qnan.o(.constdata)
    Region$$Table$$Base                      0x08009e60   Number         0  anon$$obj.o(Region$$Table)
    Region$$Table$$Limit                     0x08009e80   Number         0  anon$$obj.o(Region$$Table)
    adval                                    0x20000000   Data           2  main.o(.data)
    keys                                     0x20000002   Data           5  main.o(.data)
    aRxBuffer                                0x20000008   Data           1  gizwits_product.o(.data)
    keyCountTime                             0x20000024   Data           1  hal_key.o(.data)
    uwTick                                   0x2000002c   Data           4  stm32f1xx_hal.o(.data)
    GUI_DecChar                              0x20000030   Data           1  guislim.o(.data)
    ax                                       0x20000064   Data           2  mpu6050.o(.data)
    ay                                       0x20000066   Data           2  mpu6050.o(.data)
    az                                       0x20000068   Data           2  mpu6050.o(.data)
    gx                                       0x2000006a   Data           2  mpu6050.o(.data)
    gy                                       0x2000006c   Data           2  mpu6050.o(.data)
    gz                                       0x2000006e   Data           2  mpu6050.o(.data)
    q0                                       0x20000070   Data           4  mpu6050.o(.data)
    q1                                       0x20000074   Data           4  mpu6050.o(.data)
    q2                                       0x20000078   Data           4  mpu6050.o(.data)
    q3                                       0x2000007c   Data           4  mpu6050.o(.data)
    fAX                                      0x20000080   Data           4  mpu6050.o(.data)
    fAY                                      0x20000084   Data           4  mpu6050.o(.data)
    fAZ                                      0x20000088   Data           4  mpu6050.o(.data)
    SystemCoreClock                          0x20000098   Data           4  system_stm32f1xx.o(.data)
    __stdout                                 0x2000009c   Data           4  stdout.o(.data)
    hadc1                                    0x200000a4   Data          48  main.o(.bss)
    htim2                                    0x200000d4   Data          64  main.o(.bss)
    huart1                                   0x20000114   Data          64  main.o(.bss)
    huart2                                   0x20000154   Data          64  main.o(.bss)
    singleKey                                0x20000194   Data          42  main.o(.bss)
    val                                      0x200001be   Data          40  main.o(.bss)
    hdma_adc1                                0x200001e8   Data          68  main.o(.bss)
    currentDataPoint                         0x2000022c   Data          20  gizwits_product.o(.bss)
    gizwitsProtocol                          0x20000240   Data         322  gizwits_protocol.o(.bss)
    pRb                                      0x20000382   Data          16  gizwits_protocol.o(.bss)
    GUI_Context                              0x200003cc   Data          32  guislim.o(.bss)
    __initial_sp                             0x20002800   Data           0  startup_stm32f103xb.o(STACK)



==============================================================================

Memory Map of the image

  Image Entry point : 0x080000ed

  Load Region LR_IROM1 (Base: 0x08000000, Size: 0x00009f24, Max: 0x00010000, ABSOLUTE)

    Execution Region ER_IROM1 (Base: 0x08000000, Size: 0x00009e80, Max: 0x00010000, ABSOLUTE)

    Base Addr    Size         Type   Attr      Idx    E Section Name        Object

    0x08000000   0x000000ec   Data   RO         4625    RESET               startup_stm32f103xb.o
    0x080000ec   0x00000000   Code   RO         4686  * .ARM.Collect$$$$00000000  mc_w.l(entry.o)
    0x080000ec   0x00000004   Code   RO         5037    .ARM.Collect$$$$00000001  mc_w.l(entry2.o)
    0x080000f0   0x00000004   Code   RO         5040    .ARM.Collect$$$$00000004  mc_w.l(entry5.o)
    0x080000f4   0x00000000   Code   RO         5042    .ARM.Collect$$$$00000008  mc_w.l(entry7b.o)
    0x080000f4   0x00000000   Code   RO         5044    .ARM.Collect$$$$0000000A  mc_w.l(entry8b.o)
    0x080000f4   0x00000008   Code   RO         5045    .ARM.Collect$$$$0000000B  mc_w.l(entry9a.o)
    0x080000fc   0x00000000   Code   RO         5047    .ARM.Collect$$$$0000000D  mc_w.l(entry10a.o)
    0x080000fc   0x00000000   Code   RO         5049    .ARM.Collect$$$$0000000F  mc_w.l(entry11a.o)
    0x080000fc   0x00000004   Code   RO         5038    .ARM.Collect$$$$00002712  mc_w.l(entry2.o)
    0x08000100   0x00000024   Code   RO         4626    .text               startup_stm32f103xb.o
    0x08000124   0x00000062   Code   RO         4689    .text               mc_w.l(ldiv.o)
    0x08000186   0x00000020   Code   RO         4691    .text               mc_w.l(llushr.o)
    0x080001a6   0x00000024   Code   RO         4695    .text               mc_w.l(memcpya.o)
    0x080001ca   0x00000024   Code   RO         4697    .text               mc_w.l(memseta.o)
    0x080001ee   0x0000001a   Code   RO         4701    .text               mc_w.l(memcmp.o)
    0x08000208   0x000000b0   Code   RO         4966    .text               mf_w.l(fadd.o)
    0x080002b8   0x00000064   Code   RO         4968    .text               mf_w.l(fmul.o)
    0x0800031c   0x0000007c   Code   RO         4970    .text               mf_w.l(fdiv.o)
    0x08000398   0x00000018   Code   RO         4972    .text               mf_w.l(fscalb.o)
    0x080003b0   0x0000014e   Code   RO         4974    .text               mf_w.l(dadd.o)
    0x080004fe   0x000000e4   Code   RO         4976    .text               mf_w.l(dmul.o)
    0x080005e2   0x000000de   Code   RO         4978    .text               mf_w.l(ddiv.o)
    0x080006c0   0x0000002e   Code   RO         4980    .text               mf_w.l(dscalb.o)
    0x080006ee   0x00000012   Code   RO         4982    .text               mf_w.l(fflti.o)
    0x08000700   0x0000000a   Code   RO         4984    .text               mf_w.l(ffltui.o)
    0x0800070a   0x0000001a   Code   RO         4988    .text               mf_w.l(dfltui.o)
    0x08000724   0x00000032   Code   RO         4990    .text               mf_w.l(ffixi.o)
    0x08000756   0x00000028   Code   RO         4992    .text               mf_w.l(ffixui.o)
    0x0800077e   0x00000026   Code   RO         4994    .text               mf_w.l(f2d.o)
    0x080007a4   0x00000038   Code   RO         4996    .text               mf_w.l(d2f.o)
    0x080007dc   0x00000014   Code   RO         4998    .text               mf_w.l(cfcmple.o)
    0x080007f0   0x0000002c   Code   RO         5052    .text               mc_w.l(uidiv.o)
    0x0800081c   0x00000062   Code   RO         5054    .text               mc_w.l(uldiv.o)
    0x0800087e   0x0000001e   Code   RO         5056    .text               mc_w.l(llshl.o)
    0x0800089c   0x00000024   Code   RO         5058    .text               mc_w.l(llsshr.o)
    0x080008c0   0x00000000   Code   RO         5067    .text               mc_w.l(iusefp.o)
    0x080008c0   0x0000006e   Code   RO         5068    .text               mf_w.l(fepilogue.o)
    0x0800092e   0x000000ba   Code   RO         5070    .text               mf_w.l(depilogue.o)
    0x080009e8   0x00000030   Code   RO         5072    .text               mf_w.l(dfixul.o)
    0x08000a18   0x00000030   Code   RO         5074    .text               mf_w.l(cdrcmple.o)
    0x08000a48   0x00000024   Code   RO         5076    .text               mc_w.l(init.o)
    0x08000a6c   0x000000a2   Code   RO         5078    .text               mf_w.l(dsqrt.o)
    0x08000b0e   0x00000002   PAD
    0x08000b10   0x0000004c   Code   RO         4350    i.ADC_ConversionStop_Disable  stm32f1xx_hal_adc.o
    0x08000b5c   0x0000004e   Code   RO         4351    i.ADC_DMAConvCplt   stm32f1xx_hal_adc.o
    0x08000baa   0x0000001a   Code   RO         4352    i.ADC_DMAError      stm32f1xx_hal_adc.o
    0x08000bc4   0x0000000a   Code   RO         4353    i.ADC_DMAHalfConvCplt  stm32f1xx_hal_adc.o
    0x08000bce   0x00000002   PAD
    0x08000bd0   0x00000070   Code   RO         4354    i.ADC_Enable        stm32f1xx_hal_adc.o
    0x08000c40   0x00000002   Code   RO          289    i.BusFault_Handler  stm32f1xx_it.o
    0x08000c42   0x00000002   PAD
    0x08000c44   0x0000000c   Code   RO          290    i.DMA1_Channel1_IRQHandler  stm32f1xx_it.o
    0x08000c50   0x0000002a   Code   RO         1408    i.DMA_SetConfig     stm32f1xx_hal_dma.o
    0x08000c7a   0x00000002   Code   RO          291    i.DebugMon_Handler  stm32f1xx_it.o
    0x08000c7c   0x00000168   Code   RO         2996    i.DrawBitLine1BPP   guislim.o
    0x08000de4   0x0000001c   Code   RO         2997    i.GL_DispChar       guislim.o
    0x08000e00   0x00000080   Code   RO         3003    i.GUIPROP_DispChar  guislim.o
    0x08000e80   0x00000016   Code   RO         3004    i.GUIPROP_FindChar  guislim.o
    0x08000e96   0x00000002   PAD
    0x08000e98   0x0000002c   Code   RO         3005    i.GUIPROP_GetCharDistX  guislim.o
    0x08000ec4   0x00000006   Code   RO         3006    i.GUIPROP_GetFontInfo  guislim.o
    0x08000eca   0x00000010   Code   RO         3007    i.GUIPROP_IsInFont  guislim.o
    0x08000eda   0x0000001a   Code   RO         3008    i.GUI_Clear         guislim.o
    0x08000ef4   0x00000014   Code   RO         3009    i.GUI_ClearRect     guislim.o
    0x08000f08   0x00000014   Code   RO         3013    i.GUI_DispNextLine  guislim.o
    0x08000f1c   0x000000f0   Code   RO         3014    i.GUI_DispString    guislim.o
    0x0800100c   0x00000010   Code   RO         3015    i.GUI_DispStringAt  guislim.o
    0x0800101c   0x0000000c   Code   RO         3032    i.GUI_GetCharDistX  guislim.o
    0x08001028   0x0000000c   Code   RO         3038    i.GUI_GetFontDistY  guislim.o
    0x08001034   0x0000002c   Code   RO         3045    i.GUI_GetYAdjust    guislim.o
    0x08001060   0x00000014   Code   RO         3050    i.GUI_GotoXY        guislim.o
    0x08001074   0x0000003c   Code   RO         3052    i.GUI_Init          guislim.o
    0x080010b0   0x0000000c   Code   RO         3061    i.GUI_UC__NumChars2NumBytes  guislim.o
    0x080010bc   0x00000004   Code   RO         3062    i.GUI_Update        guislim.o
    0x080010c0   0x00000034   Code   RO         3063    i.GUI__DispLine     guislim.o
    0x080010f4   0x00000032   Code   RO         3065    i.GUI__GetLineDistX  guislim.o
    0x08001126   0x00000022   Code   RO         3066    i.GUI__GetLineNumChars  guislim.o
    0x08001148   0x000000fc   Code   RO         4356    i.HAL_ADC_ConfigChannel  stm32f1xx_hal_adc.o
    0x08001244   0x0000002c   Code   RO          155    i.HAL_ADC_ConvCpltCallback  main.o
    0x08001270   0x00000002   Code   RO         4358    i.HAL_ADC_ConvHalfCpltCallback  stm32f1xx_hal_adc.o
    0x08001272   0x00000002   Code   RO         4360    i.HAL_ADC_ErrorCallback  stm32f1xx_hal_adc.o
    0x08001274   0x0000011c   Code   RO         4365    i.HAL_ADC_Init      stm32f1xx_hal_adc.o
    0x08001390   0x00000094   Code   RO            5    i.HAL_ADC_MspInit   stm32f1xx_hal_msp.o
    0x08001424   0x0000010c   Code   RO         4372    i.HAL_ADC_Start_DMA  stm32f1xx_hal_adc.o
    0x08001530   0x00000098   Code   RO         1410    i.HAL_DMA_Abort_IT  stm32f1xx_hal_dma.o
    0x080015c8   0x00000154   Code   RO         1414    i.HAL_DMA_IRQHandler  stm32f1xx_hal_dma.o
    0x0800171c   0x00000064   Code   RO         1415    i.HAL_DMA_Init      stm32f1xx_hal_dma.o
    0x08001780   0x00000070   Code   RO         1419    i.HAL_DMA_Start_IT  stm32f1xx_hal_dma.o
    0x080017f0   0x0000001c   Code   RO         1123    i.HAL_Delay         stm32f1xx_hal.o
    0x0800180c   0x000001bc   Code   RO         1260    i.HAL_GPIO_Init     stm32f1xx_hal_gpio.o
    0x080019c8   0x0000000a   Code   RO         1262    i.HAL_GPIO_ReadPin  stm32f1xx_hal_gpio.o
    0x080019d2   0x0000000a   Code   RO         1264    i.HAL_GPIO_WritePin  stm32f1xx_hal_gpio.o
    0x080019dc   0x0000000c   Code   RO         1127    i.HAL_GetTick       stm32f1xx_hal.o
    0x080019e8   0x00000010   Code   RO         1129    i.HAL_IncTick       stm32f1xx_hal.o
    0x080019f8   0x00000024   Code   RO         1130    i.HAL_Init          stm32f1xx_hal.o
    0x08001a1c   0x00000028   Code   RO         1131    i.HAL_InitTick      stm32f1xx_hal.o
    0x08001a44   0x00000084   Code   RO            6    i.HAL_MspInit       stm32f1xx_hal_msp.o
    0x08001ac8   0x00000016   Code   RO         2413    i.HAL_NVIC_EnableIRQ  stm32f1xx_hal_cortex.o
    0x08001ade   0x00000002   PAD
    0x08001ae0   0x00000040   Code   RO         2419    i.HAL_NVIC_SetPriority  stm32f1xx_hal_cortex.o
    0x08001b20   0x00000024   Code   RO         2420    i.HAL_NVIC_SetPriorityGrouping  stm32f1xx_hal_cortex.o
    0x08001b44   0x00000024   Code   RO         2421    i.HAL_NVIC_SystemReset  stm32f1xx_hal_cortex.o
    0x08001b68   0x000000ec   Code   RO         1505    i.HAL_RCCEx_PeriphCLKConfig  stm32f1xx_hal_rcc_ex.o
    0x08001c54   0x00000154   Code   RO         1540    i.HAL_RCC_ClockConfig  stm32f1xx_hal_rcc.o
    0x08001da8   0x0000000c   Code   RO         1545    i.HAL_RCC_GetHCLKFreq  stm32f1xx_hal_rcc.o
    0x08001db4   0x00000020   Code   RO         1547    i.HAL_RCC_GetPCLK1Freq  stm32f1xx_hal_rcc.o
    0x08001dd4   0x00000020   Code   RO         1548    i.HAL_RCC_GetPCLK2Freq  stm32f1xx_hal_rcc.o
    0x08001df4   0x0000006c   Code   RO         1549    i.HAL_RCC_GetSysClockFreq  stm32f1xx_hal_rcc.o
    0x08001e60   0x00000304   Code   RO         1552    i.HAL_RCC_OscConfig  stm32f1xx_hal_rcc.o
    0x08002164   0x00000018   Code   RO         2422    i.HAL_SYSTICK_CLKSourceConfig  stm32f1xx_hal_cortex.o
    0x0800217c   0x00000002   Code   RO         2423    i.HAL_SYSTICK_Callback  stm32f1xx_hal_cortex.o
    0x0800217e   0x00000028   Code   RO         2424    i.HAL_SYSTICK_Config  stm32f1xx_hal_cortex.o
    0x080021a6   0x00000008   Code   RO         2425    i.HAL_SYSTICK_IRQHandler  stm32f1xx_hal_cortex.o
    0x080021ae   0x00000002   Code   RO          883    i.HAL_TIMEx_BreakCallback  stm32f1xx_hal_tim_ex.o
    0x080021b0   0x00000002   Code   RO          884    i.HAL_TIMEx_CommutationCallback  stm32f1xx_hal_tim_ex.o
    0x080021b2   0x00000050   Code   RO          900    i.HAL_TIMEx_MasterConfigSynchronization  stm32f1xx_hal_tim_ex.o
    0x08002202   0x00000036   Code   RO         1782    i.HAL_TIM_Base_Init  stm32f1xx_hal_tim.o
    0x08002238   0x00000024   Code   RO            8    i.HAL_TIM_Base_MspInit  stm32f1xx_hal_msp.o
    0x0800225c   0x00000018   Code   RO         1787    i.HAL_TIM_Base_Start_IT  stm32f1xx_hal_tim.o
    0x08002274   0x000000f2   Code   RO         1791    i.HAL_TIM_ConfigClockSource  stm32f1xx_hal_tim.o
    0x08002366   0x00000002   Code   RO         1811    i.HAL_TIM_IC_CaptureCallback  stm32f1xx_hal_tim.o
    0x08002368   0x00000166   Code   RO         1824    i.HAL_TIM_IRQHandler  stm32f1xx_hal_tim.o
    0x080024ce   0x00000002   Code   RO         1827    i.HAL_TIM_OC_DelayElapsedCallback  stm32f1xx_hal_tim.o
    0x080024d0   0x00000002   Code   RO         1854    i.HAL_TIM_PWM_PulseFinishedCallback  stm32f1xx_hal_tim.o
    0x080024d2   0x00000002   PAD
    0x080024d4   0x00000020   Code   RO          389    i.HAL_TIM_PeriodElapsedCallback  gizwits_product.o
    0x080024f4   0x00000002   Code   RO         1865    i.HAL_TIM_TriggerCallback  stm32f1xx_hal_tim.o
    0x080024f6   0x00000002   Code   RO         2674    i.HAL_UART_ErrorCallback  stm32f1xx_hal_uart.o
    0x080024f8   0x00000110   Code   RO         2677    i.HAL_UART_IRQHandler  stm32f1xx_hal_uart.o
    0x08002608   0x00000062   Code   RO         2678    i.HAL_UART_Init     stm32f1xx_hal_uart.o
    0x0800266a   0x00000002   PAD
    0x0800266c   0x000000a4   Code   RO           10    i.HAL_UART_MspInit  stm32f1xx_hal_msp.o
    0x08002710   0x00000052   Code   RO         2683    i.HAL_UART_Receive_IT  stm32f1xx_hal_uart.o
    0x08002762   0x00000002   PAD
    0x08002764   0x00000030   Code   RO          390    i.HAL_UART_RxCpltCallback  gizwits_product.o
    0x08002794   0x000000ba   Code   RO         2686    i.HAL_UART_Transmit  stm32f1xx_hal_uart.o
    0x0800284e   0x0000003e   Code   RO         2688    i.HAL_UART_Transmit_IT  stm32f1xx_hal_uart.o
    0x0800288c   0x00000002   Code   RO         2689    i.HAL_UART_TxCpltCallback  stm32f1xx_hal_uart.o
    0x0800288e   0x00000002   Code   RO          292    i.HardFault_Handler  stm32f1xx_it.o
    0x08002890   0x00000058   Code   RO         4265    i.I2C_SendByte      stm32_i2c.o
    0x080028e8   0x0000005c   Code   RO         4266    i.I2C_Start         stm32_i2c.o
    0x08002944   0x00000044   Code   RO         4267    i.I2C_Stop          stm32_i2c.o
    0x08002988   0x00000058   Code   RO         4268    i.I2C_WaitAck       stm32_i2c.o
    0x080029e0   0x0000000e   Code   RO         4269    i.I2C_delay         stm32_i2c.o
    0x080029ee   0x00000002   PAD
    0x080029f0   0x00000088   Code   RO         3070    i.LCD_DrawBitmap1BPP  guislim.o
    0x08002a78   0x00000034   Code   RO         3077    i.LCD_L0_DrawBitmap1BPP  guislim.o
    0x08002aac   0x000001e4   Code   RO         4214    i.MPU_getdata       mpu6050.o
    0x08002c90   0x0000039c   Code   RO         4215    i.MPU_init          mpu6050.o
    0x0800302c   0x00000044   Code   RO          156    i.MX_ADC1_Init      main.o
    0x08003070   0x000000b8   Code   RO          157    i.MX_GPIO_Init      main.o
    0x08003128   0x00000054   Code   RO          158    i.MX_TIM2_Init      main.o
    0x0800317c   0x00000002   Code   RO          293    i.MemManage_Handler  stm32f1xx_it.o
    0x0800317e   0x00000002   Code   RO          294    i.NMI_Handler       stm32f1xx_it.o
    0x08003180   0x00000020   Code   RO         2426    i.NVIC_SetPriority  stm32f1xx_hal_cortex.o
    0x080031a0   0x00000060   Code   RO         3666    i.OLED_IIC_SendByte  ssd1306_i2c.o
    0x08003200   0x00000038   Code   RO         3667    i.OLED_IIC_Start    ssd1306_i2c.o
    0x08003238   0x0000003c   Code   RO         3668    i.OLED_IIC_Stop     ssd1306_i2c.o
    0x08003274   0x00000002   Code   RO          295    i.PendSV_Handler    stm32f1xx_it.o
    0x08003276   0x00000056   Code   RO         3531    i.SSD1306_DrawFilledRectangle  ssd1306.o
    0x080032cc   0x0000010a   Code   RO         3533    i.SSD1306_DrawLine  ssd1306.o
    0x080033d6   0x00000002   PAD
    0x080033d8   0x00000040   Code   RO         3534    i.SSD1306_DrawPixel  ssd1306.o
    0x08003418   0x00000018   Code   RO         3537    i.SSD1306_Fill      ssd1306.o
    0x08003430   0x00000040   Code   RO         3542    i.SSD1306_UpdateScreen  ssd1306.o
    0x08003470   0x00000024   Code   RO         3543    i.SSD1306_WriteByte  ssd1306.o
    0x08003494   0x00000032   Code   RO         3544    i.SSD1306_WriteMuliByte  ssd1306.o
    0x080034c6   0x00000002   PAD
    0x080034c8   0x00000100   Code   RO         3545    i.SSD1306_init      ssd1306.o
    0x080035c8   0x00000002   Code   RO          296    i.SVC_Handler       stm32f1xx_it.o
    0x080035ca   0x0000000e   Code   RO          297    i.SysTick_Handler   stm32f1xx_it.o
    0x080035d8   0x0000007a   Code   RO          159    i.SystemClock_Config  main.o
    0x08003652   0x00000002   PAD
    0x08003654   0x00000048   Code   RO         4634    i.SystemInit        system_stm32f1xx.o
    0x0800369c   0x0000000c   Code   RO          298    i.TIM2_IRQHandler   stm32f1xx_it.o
    0x080036a8   0x0000006c   Code   RO         1866    i.TIM_Base_SetConfig  stm32f1xx_hal_tim.o
    0x08003714   0x00000014   Code   RO         1873    i.TIM_ETR_SetConfig  stm32f1xx_hal_tim.o
    0x08003728   0x00000010   Code   RO         1874    i.TIM_ITRx_SetConfig  stm32f1xx_hal_tim.o
    0x08003738   0x00000022   Code   RO         1880    i.TIM_TI1_ConfigInputStage  stm32f1xx_hal_tim.o
    0x0800375a   0x00000024   Code   RO         1882    i.TIM_TI2_ConfigInputStage  stm32f1xx_hal_tim.o
    0x0800377e   0x00000010   Code   RO         2691    i.UART_DMAAbortOnError  stm32f1xx_hal_uart.o
    0x0800378e   0x0000001c   Code   RO         2701    i.UART_EndRxTransfer  stm32f1xx_hal_uart.o
    0x080037aa   0x00000096   Code   RO         2703    i.UART_Receive_IT   stm32f1xx_hal_uart.o
    0x08003840   0x00000170   Code   RO         2704    i.UART_SetConfig    stm32f1xx_hal_uart.o
    0x080039b0   0x00000062   Code   RO         2705    i.UART_Transmit_IT  stm32f1xx_hal_uart.o
    0x08003a12   0x00000064   Code   RO         2706    i.UART_WaitOnFlagUntilTimeout  stm32f1xx_hal_uart.o
    0x08003a76   0x00000002   PAD
    0x08003a78   0x0000000c   Code   RO          299    i.USART1_IRQHandler  stm32f1xx_it.o
    0x08003a84   0x0000000c   Code   RO          300    i.USART2_IRQHandler  stm32f1xx_it.o
    0x08003a90   0x00000002   Code   RO          301    i.UsageFault_Handler  stm32f1xx_it.o
    0x08003a92   0x00000002   Code   RO          160    i._Error_Handler    main.o
    0x08003a94   0x0000000c   Code   RO         3079    i._GotoX            guislim.o
    0x08003aa0   0x0000000c   Code   RO         3080    i._GotoY            guislim.o
    0x08003aac   0x00000020   Code   RO         4938    i.__0printf         mc_w.l(printfa.o)
    0x08003acc   0x00000028   Code   RO         4940    i.__0sprintf        mc_w.l(printfa.o)
    0x08003af4   0x00000028   Code   RO         5024    i.__ARM_fpclassify  m_ws.l(fpclassify.o)
    0x08003b1c   0x000000aa   Code   RO         5026    i.__kernel_poly     m_ws.l(poly.o)
    0x08003bc6   0x00000006   Code   RO         5011    i.__mathlib_dbl_infnan  m_ws.l(dunder.o)
    0x08003bcc   0x00000004   Code   RO         5012    i.__mathlib_dbl_infnan2  m_ws.l(dunder.o)
    0x08003bd0   0x0000000c   Code   RO         5013    i.__mathlib_dbl_invalid  m_ws.l(dunder.o)
    0x08003bdc   0x00000010   Code   RO         5016    i.__mathlib_dbl_underflow  m_ws.l(dunder.o)
    0x08003bec   0x0000000e   Code   RO         5084    i.__scatterload_copy  mc_w.l(handlers.o)
    0x08003bfa   0x00000002   Code   RO         5085    i.__scatterload_null  mc_w.l(handlers.o)
    0x08003bfc   0x0000000e   Code   RO         5086    i.__scatterload_zeroinit  mc_w.l(handlers.o)
    0x08003c0a   0x00000002   PAD
    0x08003c0c   0x0000000c   Code   RO         5062    i.__set_errno       mc_w.l(errno.o)
    0x08003c18   0x00000164   Code   RO         4945    i._fp_digits        mc_w.l(printfa.o)
    0x08003d7c   0x000006dc   Code   RO         4946    i._printf_core      mc_w.l(printfa.o)
    0x08004458   0x00000024   Code   RO         4947    i._printf_post_padding  mc_w.l(printfa.o)
    0x0800447c   0x0000002e   Code   RO         4948    i._printf_pre_padding  mc_w.l(printfa.o)
    0x080044aa   0x0000000a   Code   RO         4950    i._sputc            mc_w.l(printfa.o)
    0x080044b4   0x00000080   Code   RO         3707    i.accel_self_test   inv_mpu.o
    0x08004534   0x00000270   Code   RO         4669    i.asin              m_ws.l(asin.o)
    0x080047a4   0x00000220   Code   RO         5001    i.atan              m_ws.l(atan.o)
    0x080049c4   0x00000180   Code   RO         4679    i.atan2             m_ws.l(atan2.o)
    0x08004b44   0x00000012   Code   RO         3708    i.delay_ms          inv_mpu.o
    0x08004b56   0x0000003a   Code   RO         4025    i.dmp_enable_6x_lp_quat  inv_mpu_dmp_motion_driver.o
    0x08004b90   0x000001d8   Code   RO         4026    i.dmp_enable_feature  inv_mpu_dmp_motion_driver.o
    0x08004d68   0x0000003c   Code   RO         4027    i.dmp_enable_gyro_cal  inv_mpu_dmp_motion_driver.o
    0x08004da4   0x0000003a   Code   RO         4028    i.dmp_enable_lp_quat  inv_mpu_dmp_motion_driver.o
    0x08004dde   0x00000002   PAD
    0x08004de0   0x00000014   Code   RO         4033    i.dmp_load_motion_driver_firmware  inv_mpu_dmp_motion_driver.o
    0x08004df4   0x00000140   Code   RO         4034    i.dmp_read_fifo     inv_mpu_dmp_motion_driver.o
    0x08004f34   0x000000d8   Code   RO         4037    i.dmp_set_accel_bias  inv_mpu_dmp_motion_driver.o
    0x0800500c   0x00000064   Code   RO         4038    i.dmp_set_fifo_rate  inv_mpu_dmp_motion_driver.o
    0x08005070   0x000000cc   Code   RO         4039    i.dmp_set_gyro_bias  inv_mpu_dmp_motion_driver.o
    0x0800513c   0x0000010c   Code   RO         4041    i.dmp_set_orientation  inv_mpu_dmp_motion_driver.o
    0x08005248   0x00000030   Code   RO         4044    i.dmp_set_shake_reject_thresh  inv_mpu_dmp_motion_driver.o
    0x08005278   0x00000020   Code   RO         4045    i.dmp_set_shake_reject_time  inv_mpu_dmp_motion_driver.o
    0x08005298   0x00000020   Code   RO         4046    i.dmp_set_shake_reject_timeout  inv_mpu_dmp_motion_driver.o
    0x080052b8   0x00000040   Code   RO         4047    i.dmp_set_tap_axes  inv_mpu_dmp_motion_driver.o
    0x080052f8   0x00000022   Code   RO         4048    i.dmp_set_tap_count  inv_mpu_dmp_motion_driver.o
    0x0800531a   0x00000002   PAD
    0x0800531c   0x00000128   Code   RO         4049    i.dmp_set_tap_thresh  inv_mpu_dmp_motion_driver.o
    0x08005444   0x00000020   Code   RO         4050    i.dmp_set_tap_time  inv_mpu_dmp_motion_driver.o
    0x08005464   0x00000020   Code   RO         4051    i.dmp_set_tap_time_multi  inv_mpu_dmp_motion_driver.o
    0x08005484   0x00000010   Code   RO          703    i.exchangeBytes     common.o
    0x08005494   0x00000004   Code   RO          704    i.exchangeWord      common.o
    0x08005498   0x00000018   Code   RO          391    i.fputc             gizwits_product.o
    0x080054b0   0x00000058   Code   RO          648    i.getKey            hal_key.o
    0x08005508   0x000000ac   Code   RO         3710    i.get_accel_prod_shift  inv_mpu.o
    0x080055b4   0x00000314   Code   RO         3712    i.get_st_biases     inv_mpu.o
    0x080058c8   0x0000001e   Code   RO          767    i.gizAcrossByteJudge  datapointtools.o
    0x080058e6   0x00000024   Code   RO          768    i.gizByteOrderExchange  datapointtools.o
    0x0800590a   0x00000002   PAD
    0x0800590c   0x000001bc   Code   RO          488    i.gizCheckReport    gizwits_protocol.o
    0x08005ac8   0x000000fc   Code   RO          489    i.gizDataPoint2Event  gizwits_protocol.o
    0x08005bc4   0x000000e8   Code   RO          490    i.gizDataPoints2ReportData  gizwits_protocol.o
    0x08005cac   0x000000c0   Code   RO          491    i.gizDevReportPolicy  gizwits_protocol.o
    0x08005d6c   0x0000000c   Code   RO          392    i.gizGetTimerCount  gizwits_product.o
    0x08005d78   0x0000007c   Code   RO          492    i.gizProtocolAckHandle  gizwits_protocol.o
    0x08005df4   0x00000098   Code   RO          493    i.gizProtocolCommonAck  gizwits_protocol.o
    0x08005e8c   0x000000a0   Code   RO          494    i.gizProtocolErrorCmd  gizwits_protocol.o
    0x08005f2c   0x00000178   Code   RO          495    i.gizProtocolGetDeviceInfo  gizwits_protocol.o
    0x080060a4   0x00000160   Code   RO          496    i.gizProtocolGetOnePacket  gizwits_protocol.o
    0x08006204   0x0000004c   Code   RO          497    i.gizProtocolHeadInit  gizwits_protocol.o
    0x08006250   0x00000120   Code   RO          498    i.gizProtocolIssuedDataAck  gizwits_protocol.o
    0x08006370   0x000000f8   Code   RO          499    i.gizProtocolIssuedProcess  gizwits_protocol.o
    0x08006468   0x00000414   Code   RO          500    i.gizProtocolModuleStatus  gizwits_protocol.o
    0x0800687c   0x00000070   Code   RO          501    i.gizProtocolNTP    gizwits_protocol.o
    0x080068ec   0x00000070   Code   RO          502    i.gizProtocolResendData  gizwits_protocol.o
    0x0800695c   0x00000024   Code   RO          705    i.gizProtocolSum    common.o
    0x08006980   0x0000005c   Code   RO          503    i.gizProtocolWaitAck  gizwits_protocol.o
    0x080069dc   0x00000048   Code   RO          504    i.gizProtocolWaitAckCheck  gizwits_protocol.o
    0x08006a24   0x00000068   Code   RO          505    i.gizPutData        gizwits_protocol.o
    0x08006a8c   0x000000c8   Code   RO          506    i.gizReportData     gizwits_protocol.o
    0x08006b54   0x00000050   Code   RO          769    i.gizStandardCompressValue  datapointtools.o
    0x08006ba4   0x00000082   Code   RO          770    i.gizStandardDecompressionValue  datapointtools.o
    0x08006c26   0x00000002   PAD
    0x08006c28   0x00000010   Code   RO          393    i.gizTimerMs        gizwits_product.o
    0x08006c38   0x00000018   Code   RO          776    i.gizY2XFloat       datapointtools.o
    0x08006c50   0x000001e4   Code   RO          394    i.gizwitsEventProcess  gizwits_product.o
    0x08006e34   0x00000344   Code   RO          509    i.gizwitsHandle     gizwits_protocol.o
    0x08007178   0x00000060   Code   RO          510    i.gizwitsInit       gizwits_protocol.o
    0x080071d8   0x00000118   Code   RO          512    i.gizwitsSetMode    gizwits_protocol.o
    0x080072f0   0x000000d4   Code   RO         3713    i.gyro_self_test    inv_mpu.o
    0x080073c4   0x00000104   Code   RO         4272    i.i2cRead           stm32_i2c.o
    0x080074c8   0x00000054   Code   RO         4274    i.i2cWriteBuffer    stm32_i2c.o
    0x0800751c   0x00000012   Code   RO         4275    i.i2cread           stm32_i2c.o
    0x0800752e   0x00000012   Code   RO         4276    i.i2cwrite          stm32_i2c.o
    0x08007540   0x00000048   Code   RO         4216    i.inv_row_2_scale   mpu6050.o
    0x08007588   0x00000034   Code   RO          161    i.key1LongPress     main.o
    0x080075bc   0x00000034   Code   RO          162    i.key1ShortPress    main.o
    0x080075f0   0x00000034   Code   RO          163    i.key2LongPress     main.o
    0x08007624   0x00000030   Code   RO          164    i.key2ShortPress    main.o
    0x08007654   0x0000007e   Code   RO          649    i.keyHandle         hal_key.o
    0x080076d2   0x00000002   PAD
    0x080076d4   0x00000074   Code   RO          165    i.keyInit           main.o
    0x08007748   0x00000040   Code   RO          650    i.keyInitOne        hal_key.o
    0x08007788   0x00000018   Code   RO          651    i.keyParaInit       hal_key.o
    0x080077a0   0x000001b4   Code   RO          166    i.main              main.o
    0x08007954   0x0000000a   Code   RO          395    i.mcuRestart        gizwits_product.o
    0x0800795e   0x00000002   PAD
    0x08007960   0x00000054   Code   RO         3714    i.mpu_configure_fifo  inv_mpu.o
    0x080079b4   0x0000003c   Code   RO         3715    i.mpu_get_accel_fsr  inv_mpu.o
    0x080079f0   0x00000044   Code   RO         3717    i.mpu_get_accel_sens  inv_mpu.o
    0x08007a34   0x00000034   Code   RO         3723    i.mpu_get_gyro_fsr  inv_mpu.o
    0x08007a68   0x00000040   Code   RO         3725    i.mpu_get_gyro_sens  inv_mpu.o
    0x08007aa8   0x00000038   Code   RO         3727    i.mpu_get_lpf       inv_mpu.o
    0x08007ae0   0x0000001c   Code   RO         3729    i.mpu_get_sample_rate  inv_mpu.o
    0x08007afc   0x000001e8   Code   RO         3732    i.mpu_init          inv_mpu.o
    0x08007ce4   0x000000a0   Code   RO         3733    i.mpu_load_firmware  inv_mpu.o
    0x08007d84   0x000000b8   Code   RO         3734    i.mpu_lp_accel_mode  inv_mpu.o
    0x08007e3c   0x00000090   Code   RO         3737    i.mpu_read_fifo_stream  inv_mpu.o
    0x08007ecc   0x00000054   Code   RO         3738    i.mpu_read_mem      inv_mpu.o
    0x08007f20   0x00000160   Code   RO         3741    i.mpu_reset_fifo    inv_mpu.o
    0x08008080   0x000000f0   Code   RO         3742    i.mpu_run_self_test  inv_mpu.o
    0x08008170   0x00000068   Code   RO         3744    i.mpu_set_accel_fsr  inv_mpu.o
    0x080081d8   0x000000dc   Code   RO         3745    i.mpu_set_bypass    inv_mpu.o
    0x080082b4   0x00000078   Code   RO         3747    i.mpu_set_dmp_state  inv_mpu.o
    0x0800832c   0x0000006c   Code   RO         3748    i.mpu_set_gyro_fsr  inv_mpu.o
    0x08008398   0x00000064   Code   RO         3749    i.mpu_set_int_latched  inv_mpu.o
    0x080083fc   0x0000006c   Code   RO         3751    i.mpu_set_lpf       inv_mpu.o
    0x08008468   0x00000080   Code   RO         3752    i.mpu_set_sample_rate  inv_mpu.o
    0x080084e8   0x000000b8   Code   RO         3753    i.mpu_set_sensors   inv_mpu.o
    0x080085a0   0x00000054   Code   RO         3754    i.mpu_write_mem     inv_mpu.o
    0x080085f4   0x00000032   Code   RO          833    i.rbCanRead         ringbuffer.o
    0x08008626   0x0000001c   Code   RO          834    i.rbCanWrite        ringbuffer.o
    0x08008642   0x0000000c   Code   RO          835    i.rbCapacity        ringbuffer.o
    0x0800864e   0x00000012   Code   RO          836    i.rbCreate          ringbuffer.o
    0x08008660   0x0000007e   Code   RO          838    i.rbRead            ringbuffer.o
    0x080086de   0x0000008e   Code   RO          839    i.rbWrite           ringbuffer.o
    0x0800876c   0x00000088   Code   RO          652    i.readKeyValue      hal_key.o
    0x080087f4   0x000000d0   Code   RO         4217    i.run_self_test     mpu6050.o
    0x080088c4   0x00000058   Code   RO         3755    i.set_int_enable    inv_mpu.o
    0x0800891c   0x0000004c   Code   RO         5030    i.sqrt              m_ws.l(sqrt.o)
    0x08008968   0x0000000c   Code   RO          396    i.timerInit         gizwits_product.o
    0x08008974   0x00000014   Code   RO          397    i.uartInit          gizwits_product.o
    0x08008988   0x000000b8   Code   RO          398    i.uartWrite         gizwits_product.o
    0x08008a40   0x00000054   Code   RO          399    i.userHandle        gizwits_product.o
    0x08008a94   0x0000000c   Code   RO          400    i.userInit          gizwits_product.o
    0x08008aa0   0x000002f8   Data   RO         2976    .constdata          f08_ascii.o
    0x08008d98   0x000002f8   Data   RO         2977    .constdata          f08_ascii.o
    0x08009090   0x0000000c   Data   RO         2978    .constdata          f08_ascii.o
    0x0800909c   0x00000020   Data   RO         2979    .constdata          f08_ascii.o
    0x080090bc   0x0000000c   Data   RO         3756    .constdata          inv_mpu.o
    0x080090c8   0x0000001b   Data   RO         3757    .constdata          inv_mpu.o
    0x080090e3   0x00000001   PAD
    0x080090e4   0x00000028   Data   RO         3758    .constdata          inv_mpu.o
    0x0800910c   0x00000bf6   Data   RO         4053    .constdata          inv_mpu_dmp_motion_driver.o
    0x08009d02   0x00000010   Data   RO         4635    .constdata          system_stm32f1xx.o
    0x08009d12   0x00000008   Data   RO         4636    .constdata          system_stm32f1xx.o
    0x08009d1a   0x00000006   PAD
    0x08009d20   0x00000050   Data   RO         4670    .constdata          m_ws.l(asin.o)
    0x08009d70   0x00000098   Data   RO         5002    .constdata          m_ws.l(atan.o)
    0x08009e08   0x00000008   Data   RO         5028    .constdata          m_ws.l(qnan.o)
    0x08009e10   0x0000004d   Data   RO         3759    .conststring        inv_mpu.o
    0x08009e5d   0x00000003   PAD
    0x08009e60   0x00000020   Data   RO         5082    Region$$Table       anon$$obj.o


    Execution Region RW_IRAM1 (Base: 0x20000000, Size: 0x00002800, Max: 0x00005000, ABSOLUTE)

    Base Addr    Size         Type   Attr      Idx    E Section Name        Object

    0x20000000   0x00000007   Data   RW          169    .data               main.o
    0x20000007   0x00000001   PAD
    0x20000008   0x00000008   Data   RW          402    .data               gizwits_product.o
    0x20000010   0x00000010   Data   RW          514    .data               gizwits_protocol.o
    0x20000020   0x0000000a   Data   RW          653    .data               hal_key.o
    0x2000002a   0x00000002   PAD
    0x2000002c   0x00000004   Data   RW         1136    .data               stm32f1xx_hal.o
    0x20000030   0x00000001   Data   RW         3082    .data               guislim.o
    0x20000031   0x00000001   PAD
    0x20000032   0x00000006   Data   RW         3547    .data               ssd1306.o
    0x20000038   0x0000002c   Data   RW         3760    .data               inv_mpu.o
    0x20000064   0x00000031   Data   RW         4218    .data               mpu6050.o
    0x20000095   0x00000003   PAD
    0x20000098   0x00000004   Data   RW         4637    .data               system_stm32f1xx.o
    0x2000009c   0x00000004   Data   RW         5051    .data               mc_w.l(stdout.o)
    0x200000a0   0x00000004   Data   RW         5063    .data               mc_w.l(errno.o)
    0x200000a4   0x00000142   Zero   RW          167    .bss                main.o
    0x200001e6   0x00000002   PAD
    0x200001e8   0x00000044   Zero   RW          168    .bss                main.o
    0x2000022c   0x00000014   Zero   RW          401    .bss                gizwits_product.o
    0x20000240   0x0000018c   Zero   RW          513    .bss                gizwits_protocol.o
    0x200003cc   0x00000020   Zero   RW         3081    .bss                guislim.o
    0x200003ec   0x00000400   Zero   RW         3546    .bss                ssd1306.o
    0x200007ec   0x00000010   Zero   RW         4052    .bss                inv_mpu_dmp_motion_driver.o
    0x200007fc   0x00000004   PAD
    0x20000800   0x00002000   Zero   RW         4623    STACK               startup_stm32f103xb.o


==============================================================================

Image component sizes


      Code (inc. data)   RO Data    RW Data    ZI Data      Debug   Object Name

        56          0          0          0          0       1928   common.o
       300          0          0          0          0       3641   datapointtools.o
         0          0       1564          0          0       8722   f08_ascii.o
       938        374          0          8         20       9694   gizwits_product.o
      5844       2156          0         16        396      16378   gizwits_protocol.o
      1438         92          0          1         32      25330   guislim.o
       438         20          0         10          0       3565   hal_key.o
      4626        348        156         44          0      24201   inv_mpu.o
      2346        120       3062          0         16      18586   inv_mpu_dmp_motion_driver.o
      1260        302          0          7        390      16735   main.o
      1688        802          0         49          0       4117   mpu6050.o
       376          0          0          0          0       3714   ringbuffer.o
       846         28          0          6       1024      13342   ssd1306.o
       212         14          0          0          0       1545   ssd1306_i2c.o
        36          8        236          0       8192        764   startup_stm32f103xb.o
       730         24          0          0          0       5860   stm32_i2c.o
       132         22          0          4          0       3563   stm32f1xx_hal.o
      1110         54          0          0          0       7139   stm32f1xx_hal_adc.o
       264         24          0          0          0      27504   stm32f1xx_hal_cortex.o
       746         36          0          0          0       3830   stm32f1xx_hal_dma.o
       464         36          0          0          0       3091   stm32f1xx_hal_gpio.o
       480         82          0          0          0     448654   stm32f1xx_hal_msp.o
      1296        104          0          0          0       5360   stm32f1xx_hal_rcc.o
       236         12          0          0          0       1316   stm32f1xx_hal_rcc_ex.o
       900         14          0          0          0       8795   stm32f1xx_hal_tim.o
        84          0          0          0          0       2242   stm32f1xx_hal_tim_ex.o
      1464         10          0          0          0       9002   stm32f1xx_hal_uart.o
        78         24          0          0          0       5435   stm32f1xx_it.o
        72         16         24          4          0       1135   system_stm32f1xx.o

    ----------------------------------------------------------------------
     28496       4722       5084        156      10076     685188   Object Totals
         0          0         32          0          0          0   (incl. Generated)
        36          0         10          7          6          0   (incl. Padding)

    ----------------------------------------------------------------------

      Code (inc. data)   RO Data    RW Data    ZI Data      Debug   Library Member Name

       624         52         80          0          0        168   asin.o
       544         70        152          0          0        124   atan.o
       384         38          0          0          0        144   atan2.o
        38          6          0          0          0        272   dunder.o
        40          0          0          0          0         68   fpclassify.o
       170          0          0          0          0         96   poly.o
         0          0          8          0          0          0   qnan.o
        76          0          0          0          0         84   sqrt.o
         0          0          0          0          0          0   entry.o
         0          0          0          0          0          0   entry10a.o
         0          0          0          0          0          0   entry11a.o
         8          4          0          0          0          0   entry2.o
         4          0          0          0          0          0   entry5.o
         0          0          0          0          0          0   entry7b.o
         0          0          0          0          0          0   entry8b.o
         8          4          0          0          0          0   entry9a.o
        12          6          0          4          0         68   errno.o
        30          0          0          0          0          0   handlers.o
        36          8          0          0          0         68   init.o
         0          0          0          0          0          0   iusefp.o
        98          0          0          0          0         84   ldiv.o
        30          0          0          0          0         68   llshl.o
        36          0          0          0          0         68   llsshr.o
        32          0          0          0          0         68   llushr.o
        26          0          0          0          0         80   memcmp.o
        36          0          0          0          0         68   memcpya.o
        36          0          0          0          0        108   memseta.o
      2276         96          0          0          0        596   printfa.o
         0          0          0          4          0          0   stdout.o
        44          0          0          0          0         80   uidiv.o
        98          0          0          0          0         92   uldiv.o
        48          0          0          0          0         68   cdrcmple.o
        20          0          0          0          0         68   cfcmple.o
        56          0          0          0          0         88   d2f.o
       334          0          0          0          0        148   dadd.o
       222          0          0          0          0        100   ddiv.o
       186          0          0          0          0        176   depilogue.o
        48          0          0          0          0         68   dfixul.o
        26          0          0          0          0         76   dfltui.o
       228          0          0          0          0         96   dmul.o
        46          0          0          0          0         80   dscalb.o
       162          0          0          0          0        100   dsqrt.o
        38          0          0          0          0         68   f2d.o
       176          0          0          0          0        140   fadd.o
       124          0          0          0          0         88   fdiv.o
       110          0          0          0          0        168   fepilogue.o
        50          0          0          0          0         68   ffixi.o
        40          0          0          0          0         68   ffixui.o
        18          0          0          0          0         68   fflti.o
        10          0          0          0          0         68   ffltui.o
       100          0          0          0          0         76   fmul.o
        24          0          0          0          0         68   fscalb.o

    ----------------------------------------------------------------------
      6756        284        240          8          0       4352   Library Totals
         4          0          0          0          0          0   (incl. Padding)

    ----------------------------------------------------------------------

      Code (inc. data)   RO Data    RW Data    ZI Data      Debug   Library Name

      1876        166        240          0          0        956   m_ws.l
      2810        118          0          8          0       1448   mc_w.l
      2066          0          0          0          0       1948   mf_w.l

    ----------------------------------------------------------------------
      6756        284        240          8          0       4352   Library Totals

    ----------------------------------------------------------------------

==============================================================================


      Code (inc. data)   RO Data    RW Data    ZI Data      Debug   

     35252       5006       5324        164      10076     674612   Grand Totals
     35252       5006       5324        164      10076     674612   ELF Image Totals
     35252       5006       5324        164          0          0   ROM Totals

==============================================================================

    Total RO  Size (Code + RO Data)                40576 (  39.63kB)
    Total RW  Size (RW Data + ZI Data)             10240 (  10.00kB)
    Total ROM Size (Code + RO Data + RW Data)      40740 (  39.79kB)

==============================================================================

