Component: ARM Compiler 5.05 update 1 (build 106) Tool: armlink [4d0efa]

==============================================================================

Section Cross References

    startup_stm32f103xb.o(RESET) refers to startup_stm32f103xb.o(STACK) for __initial_sp
    startup_stm32f103xb.o(RESET) refers to startup_stm32f103xb.o(.text) for Reset_Handler
    startup_stm32f103xb.o(RESET) refers to stm32f1xx_it.o(i.NMI_Handler) for NMI_Handler
    startup_stm32f103xb.o(RESET) refers to stm32f1xx_it.o(i.HardFault_Handler) for HardFault_Handler
    startup_stm32f103xb.o(RESET) refers to stm32f1xx_it.o(i.MemManage_Handler) for MemManage_Handler
    startup_stm32f103xb.o(RESET) refers to stm32f1xx_it.o(i.BusFault_Handler) for BusFault_Handler
    startup_stm32f103xb.o(RESET) refers to stm32f1xx_it.o(i.UsageFault_Handler) for UsageFault_Handler
    startup_stm32f103xb.o(RESET) refers to port.o(.emb_text) for SVC_Handler
    startup_stm32f103xb.o(RESET) refers to stm32f1xx_it.o(i.DebugMon_Handler) for DebugMon_Handler
    startup_stm32f103xb.o(RESET) refers to port.o(i.SysTick_Handler) for SysTick_Handler
    startup_stm32f103xb.o(RESET) refers to stm32f1xx_it.o(i.DMA1_Channel1_IRQHandler) for DMA1_Channel1_IRQHandler
    startup_stm32f103xb.o(RESET) refers to stm32f1xx_it.o(i.DMA1_Channel6_IRQHandler) for DMA1_Channel6_IRQHandler
    startup_stm32f103xb.o(RESET) refers to stm32f1xx_it.o(i.DMA1_Channel7_IRQHandler) for DMA1_Channel7_IRQHandler
    startup_stm32f103xb.o(RESET) refers to stm32f1xx_it.o(i.TIM4_IRQHandler) for TIM4_IRQHandler
    startup_stm32f103xb.o(RESET) refers to stm32f1xx_it.o(i.USART1_IRQHandler) for USART1_IRQHandler
    startup_stm32f103xb.o(RESET) refers to stm32f1xx_it.o(i.USART2_IRQHandler) for USART2_IRQHandler
    startup_stm32f103xb.o(.text) refers to system_stm32f1xx.o(i.SystemInit) for SystemInit
    startup_stm32f103xb.o(.text) refers to entry.o(.ARM.Collect$$$$00000000) for __main
    simsun_16.o(.constdata) refers to simsun_16.o(.constdata) for acFontHZSimSun_16_0020
    simsun_16.o(.constdata) refers to simsun_16.o(.constdata) for acFontHZSimSun_16_0021
    simsun_16.o(.constdata) refers to simsun_16.o(.constdata) for acFontHZSimSun_16_0022
    simsun_16.o(.constdata) refers to simsun_16.o(.constdata) for acFontHZSimSun_16_0023
    simsun_16.o(.constdata) refers to simsun_16.o(.constdata) for acFontHZSimSun_16_0024
    simsun_16.o(.constdata) refers to simsun_16.o(.constdata) for acFontHZSimSun_16_0025
    simsun_16.o(.constdata) refers to simsun_16.o(.constdata) for acFontHZSimSun_16_0026
    simsun_16.o(.constdata) refers to simsun_16.o(.constdata) for acFontHZSimSun_16_0027
    simsun_16.o(.constdata) refers to simsun_16.o(.constdata) for acFontHZSimSun_16_0028
    simsun_16.o(.constdata) refers to simsun_16.o(.constdata) for acFontHZSimSun_16_0029
    simsun_16.o(.constdata) refers to simsun_16.o(.constdata) for acFontHZSimSun_16_002a
    simsun_16.o(.constdata) refers to simsun_16.o(.constdata) for acFontHZSimSun_16_002b
    simsun_16.o(.constdata) refers to simsun_16.o(.constdata) for acFontHZSimSun_16_002c
    simsun_16.o(.constdata) refers to simsun_16.o(.constdata) for acFontHZSimSun_16_002d
    simsun_16.o(.constdata) refers to simsun_16.o(.constdata) for acFontHZSimSun_16_002e
    simsun_16.o(.constdata) refers to simsun_16.o(.constdata) for acFontHZSimSun_16_002f
    simsun_16.o(.constdata) refers to simsun_16.o(.constdata) for acFontHZSimSun_16_0030
    simsun_16.o(.constdata) refers to simsun_16.o(.constdata) for acFontHZSimSun_16_0031
    simsun_16.o(.constdata) refers to simsun_16.o(.constdata) for acFontHZSimSun_16_0032
    simsun_16.o(.constdata) refers to simsun_16.o(.constdata) for acFontHZSimSun_16_0033
    simsun_16.o(.constdata) refers to simsun_16.o(.constdata) for acFontHZSimSun_16_0034
    simsun_16.o(.constdata) refers to simsun_16.o(.constdata) for acFontHZSimSun_16_0035
    simsun_16.o(.constdata) refers to simsun_16.o(.constdata) for acFontHZSimSun_16_0036
    simsun_16.o(.constdata) refers to simsun_16.o(.constdata) for acFontHZSimSun_16_0037
    simsun_16.o(.constdata) refers to simsun_16.o(.constdata) for acFontHZSimSun_16_0038
    simsun_16.o(.constdata) refers to simsun_16.o(.constdata) for acFontHZSimSun_16_0039
    simsun_16.o(.constdata) refers to simsun_16.o(.constdata) for acFontHZSimSun_16_003a
    simsun_16.o(.constdata) refers to simsun_16.o(.constdata) for acFontHZSimSun_16_003b
    simsun_16.o(.constdata) refers to simsun_16.o(.constdata) for acFontHZSimSun_16_003c
    simsun_16.o(.constdata) refers to simsun_16.o(.constdata) for acFontHZSimSun_16_003d
    simsun_16.o(.constdata) refers to simsun_16.o(.constdata) for acFontHZSimSun_16_003e
    simsun_16.o(.constdata) refers to simsun_16.o(.constdata) for acFontHZSimSun_16_003f
    simsun_16.o(.constdata) refers to simsun_16.o(.constdata) for acFontHZSimSun_16_0040
    simsun_16.o(.constdata) refers to simsun_16.o(.constdata) for acFontHZSimSun_16_0041
[...]
    acFontHZSimSun_16_0063                   0x0800a138   Data          16  simsun_16.o(.constdata)
    acFontHZSimSun_16_0064                   0x0800a148   Data          16  simsun_16.o(.constdata)
    acFontHZSimSun_16_0065                   0x0800a158   Data          16  simsun_16.o(.constdata)
    acFontHZSimSun_16_0066                   0x0800a168   Data          16  simsun_16.o(.constdata)
    acFontHZSimSun_16_0067                   0x0800a178   Data          16  simsun_16.o(.constdata)
    acFontHZSimSun_16_0068                   0x0800a188   Data          16  simsun_16.o(.constdata)
    acFontHZSimSun_16_0069                   0x0800a198   Data          16  simsun_16.o(.constdata)
    acFontHZSimSun_16_006a                   0x0800a1a8   Data          16  simsun_16.o(.constdata)
    acFontHZSimSun_16_006b                   0x0800a1b8   Data          16  simsun_16.o(.constdata)
    acFontHZSimSun_16_006c                   0x0800a1c8   Data          16  simsun_16.o(.constdata)
    acFontHZSimSun_16_006d                   0x0800a1d8   Data          16  simsun_16.o(.constdata)
    acFontHZSimSun_16_006e                   0x0800a1e8   Data          16  simsun_16.o(.constdata)
    acFontHZSimSun_16_006f                   0x0800a1f8   Data          16  simsun_16.o(.constdata)
    acFontHZSimSun_16_0070                   0x0800a208   Data          16  simsun_16.o(.constdata)
    acFontHZSimSun_16_0071                   0x0800a218   Data          16  simsun_16.o(.constdata)
    acFontHZSimSun_16_0072                   0x0800a228   Data          16  simsun_16.o(.constdata)
    acFontHZSimSun_16_0073                   0x0800a238   Data          16  simsun_16.o(.constdata)
    acFontHZSimSun_16_0074                   0x0800a248   Data          16  simsun_16.o(.constdata)
    acFontHZSimSun_16_0075                   0x0800a258   Data          16  simsun_16.o(.constdata)
    acFontHZSimSun_16_0076                   0x0800a268   Data          16  simsun_16.o(.constdata)
    acFontHZSimSun_16_0077                   0x0800a278   Data          16  simsun_16.o(.constdata)
    acFontHZSimSun_16_0078                   0x0800a288   Data          16  simsun_16.o(.constdata)
    acFontHZSimSun_16_0079                   0x0800a298   Data          16  simsun_16.o(.constdata)
    acFontHZSimSun_16_007a                   0x0800a2a8   Data          16  simsun_16.o(.constdata)
    acFontHZSimSun_16_007b                   0x0800a2b8   Data          16  simsun_16.o(.constdata)
    acFontHZSimSun_16_007c                   0x0800a2c8   Data          16  simsun_16.o(.constdata)
    acFontHZSimSun_16_007d                   0x0800a2d8   Data          16  simsun_16.o(.constdata)
    acFontHZSimSun_16_007e                   0x0800a2e8   Data          16  simsun_16.o(.constdata)
    acFontHZSimSun_16_007f                   0x0800a2f8   Data          16  simsun_16.o(.constdata)
    acFontHZSimSun_16_a1f0                   0x0800a308   Data          32  simsun_16.o(.constdata)
    acFontHZSimSun_16_a1f1                   0x0800a328   Data          32  simsun_16.o(.constdata)
    acFontHZSimSun_16_a3ba                   0x0800a348   Data          32  simsun_16.o(.constdata)
    acFontHZSimSun_16_a878                   0x0800a368   Data          32  simsun_16.o(.constdata)
    acFontHZSimSun_16_a880                   0x0800a388   Data          32  simsun_16.o(.constdata)
    acFontHZSimSun_16_b2cb                   0x0800a3a8   Data          32  simsun_16.o(.constdata)
    acFontHZSimSun_16_b2e2                   0x0800a3c8   Data          32  simsun_16.o(.constdata)
    acFontHZSimSun_16_b3bf                   0x0800a3e8   Data          32  simsun_16.o(.constdata)
    acFontHZSimSun_16_b4f3                   0x0800a408   Data          32  simsun_16.o(.constdata)
    acFontHZSimSun_16_b5a5                   0x0800a428   Data          32  simsun_16.o(.constdata)
    acFontHZSimSun_16_b5bc                   0x0800a448   Data          32  simsun_16.o(.constdata)
    acFontHZSimSun_16_b5c6                   0x0800a468   Data          32  simsun_16.o(.constdata)
    acFontHZSimSun_16_b5e7                   0x0800a488   Data          32  simsun_16.o(.constdata)
    acFontHZSimSun_16_b5f7                   0x0800a4a8   Data          32  simsun_16.o(.constdata)
    acFontHZSimSun_16_b6c8                   0x0800a4c8   Data          32  simsun_16.o(.constdata)
    acFontHZSimSun_16_b8a9                   0x0800a4e8   Data          32  simsun_16.o(.constdata)
    acFontHZSimSun_16_b9f6                   0x0800a508   Data          32  simsun_16.o(.constdata)
    acFontHZSimSun_16_babc                   0x0800a528   Data          32  simsun_16.o(.constdata)
    acFontHZSimSun_16_babd                   0x0800a548   Data          32  simsun_16.o(.constdata)
    acFontHZSimSun_16_bacf                   0x0800a568   Data          32  simsun_16.o(.constdata)
    acFontHZSimSun_16_bae1                   0x0800a588   Data          32  simsun_16.o(.constdata)
    acFontHZSimSun_16_baf4                   0x0800a5a8   Data          32  simsun_16.o(.constdata)
    acFontHZSimSun_16_bcbc                   0x0800a5c8   Data          32  simsun_16.o(.constdata)
    acFontHZSimSun_16_bcc6                   0x0800a5e8   Data          32  simsun_16.o(.constdata)
    acFontHZSimSun_16_bcf9                   0x0800a608   Data          32  simsun_16.o(.constdata)
    acFontHZSimSun_16_bdc7                   0x0800a628   Data          32  simsun_16.o(.constdata)
    acFontHZSimSun_16_bdda                   0x0800a648   Data          32  simsun_16.o(.constdata)
    acFontHZSimSun_16_bde2                   0x0800a668   Data          32  simsun_16.o(.constdata)
    acFontHZSimSun_16_bfc6                   0x0800a688   Data          32  simsun_16.o(.constdata)
    acFontHZSimSun_16_c1c1                   0x0800a6a8   Data          32  simsun_16.o(.constdata)
    acFontHZSimSun_16_c2ca                   0x0800a6c8   Data          32  simsun_16.o(.constdata)
    acFontHZSimSun_16_c6b5                   0x0800a6e8   Data          32  simsun_16.o(.constdata)
    acFontHZSimSun_16_c9e8                   0x0800a708   Data          32  simsun_16.o(.constdata)
    acFontHZSimSun_16_cab5                   0x0800a728   Data          32  simsun_16.o(.constdata)
    acFontHZSimSun_16_cad4                   0x0800a748   Data          32  simsun_16.o(.constdata)
    acFontHZSimSun_16_cafd                   0x0800a768   Data          32  simsun_16.o(.constdata)
    acFontHZSimSun_16_cbe3                   0x0800a788   Data          32  simsun_16.o(.constdata)
    acFontHZSimSun_16_ccac                   0x0800a7a8   Data          32  simsun_16.o(.constdata)
    acFontHZSimSun_16_cda8                   0x0800a7c8   Data          32  simsun_16.o(.constdata)
    acFontHZSimSun_16_cdb3                   0x0800a7e8   Data          32  simsun_16.o(.constdata)
    acFontHZSimSun_16_cefc                   0x0800a808   Data          32  simsun_16.o(.constdata)
    acFontHZSimSun_16_cfb5                   0x0800a828   Data          32  simsun_16.o(.constdata)
    acFontHZSimSun_16_d0c5                   0x0800a848   Data          32  simsun_16.o(.constdata)
    acFontHZSimSun_16_d1a7                   0x0800a868   Data          32  simsun_16.o(.constdata)
    acFontHZSimSun_16_d1ee                   0x0800a888   Data          32  simsun_16.o(.constdata)
    acFontHZSimSun_16_d1f6                   0x0800a8a8   Data          32  simsun_16.o(.constdata)
    acFontHZSimSun_16_d2b5                   0x0800a8c8   Data          32  simsun_16.o(.constdata)
    acFontHZSimSun_16_d3ee                   0x0800a8e8   Data          32  simsun_16.o(.constdata)
    acFontHZSimSun_16_d4f8                   0x0800a908   Data          32  simsun_16.o(.constdata)
    acFontHZSimSun_16_d6dd                   0x0800a928   Data          32  simsun_16.o(.constdata)
    acFontHZSimSun_16_d6f7                   0x0800a948   Data          32  simsun_16.o(.constdata)
    acFontHZSimSun_16_d7a8                   0x0800a968   Data          32  simsun_16.o(.constdata)
    acFontHZSimSun_16_d7cb                   0x0800a988   Data          32  simsun_16.o(.constdata)
    acFontHZSimSun_16_d7d3                   0x0800a9a8   Data          32  simsun_16.o(.constdata)
    acFontHZSimSun_16_d7db                   0x0800a9c8   Data          32  simsun_16.o(.constdata)
    acFontHZSimSun_16_d8b9                   0x0800a9e8   Data          32  simsun_16.o(.constdata)
    GUI_FontHZSimSun_16_CharInfo             0x0800aa08   Data        1216  simsun_16.o(.constdata)
    GUI_FontHZSimSun_16_Propd8b9             0x0800aec8   Data          12  simsun_16.o(.constdata)
    GUI_FontHZSimSun_16_Propd7db             0x0800aed4   Data          12  simsun_16.o(.constdata)
    GUI_FontHZSimSun_16_Propd7d3             0x0800aee0   Data          12  simsun_16.o(.constdata)
    GUI_FontHZSimSun_16_Propd7cb             0x0800aeec   Data          12  simsun_16.o(.constdata)
    GUI_FontHZSimSun_16_Propd7a8             0x0800aef8   Data          12  simsun_16.o(.constdata)
    GUI_FontHZSimSun_16_Propd6f7             0x0800af04   Data          12  simsun_16.o(.constdata)
    GUI_FontHZSimSun_16_Propd6dd             0x0800af10   Data          12  simsun_16.o(.constdata)
    GUI_FontHZSimSun_16_Propd4f8             0x0800af1c   Data          12  simsun_16.o(.constdata)
    GUI_FontHZSimSun_16_Propd3ee             0x0800af28   Data          12  simsun_16.o(.constdata)
    GUI_FontHZSimSun_16_Propd2b5             0x0800af34   Data          12  simsun_16.o(.constdata)
    GUI_FontHZSimSun_16_Propd1f6             0x0800af40   Data          12  simsun_16.o(.constdata)
    GUI_FontHZSimSun_16_Propd1ee             0x0800af4c   Data          12  simsun_16.o(.constdata)
    GUI_FontHZSimSun_16_Propd1a7             0x0800af58   Data          12  simsun_16.o(.constdata)
    GUI_FontHZSimSun_16_Propd0c5             0x0800af64   Data          12  simsun_16.o(.constdata)
    GUI_FontHZSimSun_16_Propcfb5             0x0800af70   Data          12  simsun_16.o(.constdata)
    GUI_FontHZSimSun_16_Propcefc             0x0800af7c   Data          12  simsun_16.o(.constdata)
    GUI_FontHZSimSun_16_Propcdb3             0x0800af88   Data          12  simsun_16.o(.constdata)
    GUI_FontHZSimSun_16_Propcda8             0x0800af94   Data          12  simsun_16.o(.constdata)
    GUI_FontHZSimSun_16_Propccac             0x0800afa0   Data          12  simsun_16.o(.constdata)
    GUI_FontHZSimSun_16_Propcbe3             0x0800afac   Data          12  simsun_16.o(.constdata)
    GUI_FontHZSimSun_16_Propcafd             0x0800afb8   Data          12  simsun_16.o(.constdata)
    GUI_FontHZSimSun_16_Propcad4             0x0800afc4   Data          12  simsun_16.o(.constdata)
    GUI_FontHZSimSun_16_Propcab5             0x0800afd0   Data          12  simsun_16.o(.constdata)
    GUI_FontHZSimSun_16_Propc9e8             0x0800afdc   Data          12  simsun_16.o(.constdata)
    GUI_FontHZSimSun_16_Propc6b5             0x0800afe8   Data          12  simsun_16.o(.constdata)
    GUI_FontHZSimSun_16_Propc2ca             0x0800aff4   Data          12  simsun_16.o(.constdata)
    GUI_FontHZSimSun_16_Propc1c1             0x0800b000   Data          12  simsun_16.o(.constdata)
    GUI_FontHZSimSun_16_Propbfc6             0x0800b00c   Data          12  simsun_16.o(.constdata)
    GUI_FontHZSimSun_16_Propbde2             0x0800b018   Data          12  simsun_16.o(.constdata)
    GUI_FontHZSimSun_16_Propbdda             0x0800b024   Data          12  simsun_16.o(.constdata)
    GUI_FontHZSimSun_16_Propbdc7             0x0800b030   Data          12  simsun_16.o(.constdata)
    GUI_FontHZSimSun_16_Propbcf9             0x0800b03c   Data          12  simsun_16.o(.constdata)
    GUI_FontHZSimSun_16_Propbcc6             0x0800b048   Data          12  simsun_16.o(.constdata)
    GUI_FontHZSimSun_16_Propbcbc             0x0800b054   Data          12  simsun_16.o(.constdata)
    GUI_FontHZSimSun_16_Propbaf4             0x0800b060   Data          12  simsun_16.o(.constdata)
    GUI_FontHZSimSun_16_Propbae1             0x0800b06c   Data          12  simsun_16.o(.constdata)
    GUI_FontHZSimSun_16_Propbacf             0x0800b078   Data          12  simsun_16.o(.constdata)
    GUI_FontHZSimSun_16_Propbabc             0x0800b084   Data          12  simsun_16.o(.constdata)
    GUI_FontHZSimSun_16_Propb9f6             0x0800b090   Data          12  simsun_16.o(.constdata)
    GUI_FontHZSimSun_16_Propb8a9             0x0800b09c   Data          12  simsun_16.o(.constdata)
    GUI_FontHZSimSun_16_Propb6c8             0x0800b0a8   Data          12  simsun_16.o(.constdata)
    GUI_FontHZSimSun_16_Propb5f7             0x0800b0b4   Data          12  simsun_16.o(.constdata)
    GUI_FontHZSimSun_16_Propb5e7             0x0800b0c0   Data          12  simsun_16.o(.constdata)
    GUI_FontHZSimSun_16_Propb5c6             0x0800b0cc   Data          12  simsun_16.o(.constdata)
    GUI_FontHZSimSun_16_Propb5bc             0x0800b0d8   Data          12  simsun_16.o(.constdata)
    GUI_FontHZSimSun_16_Propb5a5             0x0800b0e4   Data          12  simsun_16.o(.constdata)
    GUI_FontHZSimSun_16_Propb4f3             0x0800b0f0   Data          12  simsun_16.o(.constdata)
    GUI_FontHZSimSun_16_Propb3bf             0x0800b0fc   Data          12  simsun_16.o(.constdata)
    GUI_FontHZSimSun_16_Propb2e2             0x0800b108   Data          12  simsun_16.o(.constdata)
    GUI_FontHZSimSun_16_Propb2cb             0x0800b114   Data          12  simsun_16.o(.constdata)
    GUI_FontHZSimSun_16_Propa880             0x0800b120   Data          12  simsun_16.o(.constdata)
    GUI_FontHZSimSun_16_Propa878             0x0800b12c   Data          12  simsun_16.o(.constdata)
    GUI_FontHZSimSun_16_Propa3ba             0x0800b138   Data          12  simsun_16.o(.constdata)
    GUI_FontHZSimSun_16_Propa1f0             0x0800b144   Data          12  simsun_16.o(.constdata)
    GUI_FontHZSimSun_16_Prop0020             0x0800b150   Data          12  simsun_16.o(.constdata)
    GUI_FontHZ_SimSun_16                     0x0800b15c   Data          32  simsun_16.o(.constdata)
    bmyc                                     0x0800b448   Data          16  yc.o(.constdata)
    acFontHZSimSun_8_0020                    0x0800b4bc   Data           8  simsun_8.o(.constdata)
    acFontHZSimSun_8_a1f0                    0x0800b4c4   Data           8  simsun_8.o(.constdata)
    acFontHZSimSun_8_a1f1                    0x0800b4cc   Data           8  simsun_8.o(.constdata)
    acFontHZSimSun_8_a878                    0x0800b4d4   Data           8  simsun_8.o(.constdata)
    acFontHZSimSun_8_a880                    0x0800b4dc   Data           8  simsun_8.o(.constdata)
    acFontHZSimSun_8_b4f3                    0x0800b4e4   Data           8  simsun_8.o(.constdata)
    acFontHZSimSun_8_b5e7                    0x0800b4ec   Data           8  simsun_8.o(.constdata)
    acFontHZSimSun_8_babc                    0x0800b4f4   Data           8  simsun_8.o(.constdata)
    acFontHZSimSun_8_bcbc                    0x0800b4fc   Data           8  simsun_8.o(.constdata)
    acFontHZSimSun_8_bfc6                    0x0800b504   Data           8  simsun_8.o(.constdata)
    acFontHZSimSun_8_d1a7                    0x0800b50c   Data           8  simsun_8.o(.constdata)
    acFontHZSimSun_8_d4f8                    0x0800b514   Data           8  simsun_8.o(.constdata)
    acFontHZSimSun_8_d6dd                    0x0800b51c   Data           8  simsun_8.o(.constdata)
    acFontHZSimSun_8_d7d3                    0x0800b524   Data           8  simsun_8.o(.constdata)
    acFontHZSimSun_8_d8b9                    0x0800b52c   Data           8  simsun_8.o(.constdata)
    GUI_FontHZSimSun_8_CharInfo              0x0800b534   Data         120  simsun_8.o(.constdata)
    GUI_FontHZSimSun_8_Propd8b9              0x0800b5ac   Data          12  simsun_8.o(.constdata)
    GUI_FontHZSimSun_8_Propd7d3              0x0800b5b8   Data          12  simsun_8.o(.constdata)
    GUI_FontHZSimSun_8_Propd6dd              0x0800b5c4   Data          12  simsun_8.o(.constdata)
    GUI_FontHZSimSun_8_Propd4f8              0x0800b5d0   Data          12  simsun_8.o(.constdata)
    GUI_FontHZSimSun_8_Propd1a7              0x0800b5dc   Data          12  simsun_8.o(.constdata)
    GUI_FontHZSimSun_8_Propbfc6              0x0800b5e8   Data          12  simsun_8.o(.constdata)
    GUI_FontHZSimSun_8_Propbcbc              0x0800b5f4   Data          12  simsun_8.o(.constdata)
    GUI_FontHZSimSun_8_Propbabc              0x0800b600   Data          12  simsun_8.o(.constdata)
    GUI_FontHZSimSun_8_Propb5e7              0x0800b60c   Data          12  simsun_8.o(.constdata)
    GUI_FontHZSimSun_8_Propb4f3              0x0800b618   Data          12  simsun_8.o(.constdata)
    GUI_FontHZSimSun_8_Propa880              0x0800b624   Data          12  simsun_8.o(.constdata)
    GUI_FontHZSimSun_8_Propa878              0x0800b630   Data          12  simsun_8.o(.constdata)
    GUI_FontHZSimSun_8_Propa1f0              0x0800b63c   Data          12  simsun_8.o(.constdata)
    GUI_FontHZSimSun_8_Prop0020              0x0800b648   Data          12  simsun_8.o(.constdata)
    GUI_FontHZ_SimSun_8                      0x0800b654   Data          32  simsun_8.o(.constdata)
    acFont8ASCII                             0x0800b674   Data         760  f08_ascii.o(.constdata)
    GUI_Font8_ASCII_CharInfo                 0x0800b96c   Data         760  f08_ascii.o(.constdata)
    GUI_Font8ASCII_Prop                      0x0800bc64   Data          12  f08_ascii.o(.constdata)
    GUI_Font8_ASCII                          0x0800bc70   Data          32  f08_ascii.o(.constdata)
    hw                                       0x0800bc90   Data          12  inv_mpu.o(.constdata)
    reg                                      0x0800bc9c   Data          27  inv_mpu.o(.constdata)
    test                                     0x0800bcb8   Data          40  inv_mpu.o(.constdata)
    AHBPrescTable                            0x0800c8d6   Data          16  system_stm32f1xx.o(.constdata)
    APBPrescTable                            0x0800c8e6   Data           8  system_stm32f1xx.o(.constdata)
    __mathlib_zero                           0x0800ca08   Data           8  qnan.o(.constdata)
    Region$$Table$$Base                      0x0800cb90   Number         0  anon$$obj.o(Region$$Table)
    Region$$Table$$Limit                     0x0800cbb0   Number         0  anon$$obj.o(Region$$Table)
    Esp8266IPAddress                         0x20000008   Data          30  esp8266.o(.data)
    Esp8266SSID                              0x20000026   Data          30  esp8266.o(.data)
    Esp8266PWD                               0x20000044   Data          30  esp8266.o(.data)
    User_ESP8266_ApSsid                      0x20000062   Data          30  esp8266.o(.data)
    User_ESP8266_ApPwd                       0x20000080   Data          30  esp8266.o(.data)
    g_ws                                     0x200000a0   Data           1  main.o(.data)
    g_ws_next                                0x200000a1   Data           1  main.o(.data)
    key_up                                   0x200000a2   Data           1  main.o(.data)
    g_key_cur                                0x200000a3   Data           1  main.o(.data)
    ledgo                                    0x200000a4   Data           1  main.o(.data)
    num                                      0x200000a5   Data           1  main.o(.data)
    num1                                     0x200000a6   Data           1  main.o(.data)
    num2                                     0x200000a7   Data           1  main.o(.data)
    pwm_flag                                 0x200000a8   Data           1  main.o(.data)
    show_mpu                                 0x200000a9   Data           1  main.o(.data)
    test_stat                                0x200000aa   Data           1  main.o(.data)
    line_flag                                0x200000ab   Data           1  main.o(.data)
    line2_flag                               0x200000ac   Data           1  main.o(.data)
    maxlight                                 0x200000ad   Data           1  main.o(.data)
    minlight                                 0x200000ae   Data           1  main.o(.data)
    adval                                    0x200000b0   Data           2  main.o(.data)
    freq                                     0x200000b2   Data           2  main.o(.data)
    led_type                                 0x200000b4   Data           4  main.o(.data)
    mpuok                                    0x200000b8   Data           4  main.o(.data)
    pBuf                                     0x200000bc   Data           4  main.o(.data)
    User_ESP8266_TcpServer_IP                0x200000c0   Data           4  main.o(.data)
    defaultTaskHandle                        0x200000c4   Data           4  main.o(.data)
    myTaskGUIHandle                          0x200000c8   Data           4  main.o(.data)
    myTaskKeyScanHandle                      0x200000cc   Data           4  main.o(.data)
    myTaskMpuHandle                          0x200000d0   Data           4  main.o(.data)
    myTaskWifiHandle                         0x200000d4   Data           4  main.o(.data)
    User_ESP8266_TcpServer_Port              0x200000d8   Data          10  main.o(.data)
    GUI_DecChar                              0x200000e2   Data           1  guislim.o(.data)
    ax                                       0x20000118   Data           2  mpu6050.o(.data)
    ay                                       0x2000011a   Data           2  mpu6050.o(.data)
    az                                       0x2000011c   Data           2  mpu6050.o(.data)
    gx                                       0x2000011e   Data           2  mpu6050.o(.data)
    gy                                       0x20000120   Data           2  mpu6050.o(.data)
    gz                                       0x20000122   Data           2  mpu6050.o(.data)
    q0                                       0x20000124   Data           4  mpu6050.o(.data)
    q1                                       0x20000128   Data           4  mpu6050.o(.data)
    q2                                       0x2000012c   Data           4  mpu6050.o(.data)
    q3                                       0x20000130   Data           4  mpu6050.o(.data)
    fAX                                      0x20000134   Data           4  mpu6050.o(.data)
    fAY                                      0x20000138   Data           4  mpu6050.o(.data)
    fAZ                                      0x2000013c   Data           4  mpu6050.o(.data)
    uwTickFreq                               0x2000014c   Data           1  stm32f1xx_hal.o(.data)
    uwTickPrio                               0x20000150   Data           4  stm32f1xx_hal.o(.data)
    uwTick                                   0x20000154   Data           4  stm32f1xx_hal.o(.data)
    SystemCoreClock                          0x20000158   Data           4  system_stm32f1xx.o(.data)
    pxCurrentTCB                             0x2000015c   Data           4  tasks.o(.data)
    __stdout                                 0x200001bc   Data           4  stdout.o(.data)
    strEsp8266_Fram_Record                   0x200001c4   Data         260  esp8266.o(.bss)
    rx1_buff                                 0x200002c8   Data         256  main.o(.bss)
    rx_line                                  0x200003c8   Data         256  main.o(.bss)
    rx2_buff                                 0x200004c8   Data         256  main.o(.bss)
    rx2_line                                 0x200005c8   Data         256  main.o(.bss)
    hadc1                                    0x200006c8   Data          48  main.o(.bss)
    htim3                                    0x200006f8   Data          64  main.o(.bss)
    huart1                                   0x20000738   Data          64  main.o(.bss)
    huart2                                   0x20000778   Data          64  main.o(.bss)
    val                                      0x200007b8   Data          40  main.o(.bss)
    hdma_adc1                                0x200007e0   Data          68  main.o(.bss)
    hdma_usart2_rx                           0x20000824   Data          68  main.o(.bss)
    hdma_usart2_tx                           0x20000868   Data          68  main.o(.bss)
    htim4                                    0x200008ac   Data          64  stm32f1xx_hal_timebase_tim.o(.bss)
    GUI_Context                              0x200008ec   Data          32  guislim.o(.bss)
    __initial_sp                             0x20003210   Data           0  startup_stm32f103xb.o(STACK)



==============================================================================

Memory Map of the image

  Image Entry point : 0x080000ed

  Load Region LR_IROM1 (Base: 0x08000000, Size: 0x0000cd74, Max: 0x00010000, ABSOLUTE, COMPRESSED[0x0000cc28])

    Execution Region ER_IROM1 (Base: 0x08000000, Size: 0x0000cbb0, Max: 0x00010000, ABSOLUTE)

    Base Addr    Size         Type   Attr      Idx    E Section Name        Object

    0x08000000   0x000000ec   Data   RO            3    RESET               startup_stm32f103xb.o
    0x080000ec   0x00000000   Code   RO         6202  * .ARM.Collect$$$$00000000  mc_w.l(entry.o)
    0x080000ec   0x00000004   Code   RO         6567    .ARM.Collect$$$$00000001  mc_w.l(entry2.o)
    0x080000f0   0x00000004   Code   RO         6570    .ARM.Collect$$$$00000004  mc_w.l(entry5.o)
    0x080000f4   0x00000000   Code   RO         6572    .ARM.Collect$$$$00000008  mc_w.l(entry7b.o)
    0x080000f4   0x00000000   Code   RO         6574    .ARM.Collect$$$$0000000A  mc_w.l(entry8b.o)
    0x080000f4   0x00000008   Code   RO         6575    .ARM.Collect$$$$0000000B  mc_w.l(entry9a.o)
    0x080000fc   0x00000000   Code   RO         6577    .ARM.Collect$$$$0000000D  mc_w.l(entry10a.o)
    0x080000fc   0x00000000   Code   RO         6579    .ARM.Collect$$$$0000000F  mc_w.l(entry11a.o)
    0x080000fc   0x00000004   Code   RO         6568    .ARM.Collect$$$$00002712  mc_w.l(entry2.o)
    0x08000100   0x00000096   Code   RO         6099    .emb_text           port.o
    0x08000196   0x00000002   PAD
    0x08000198   0x00000024   Code   RO            4    .text               startup_stm32f103xb.o
    0x080001bc   0x00000062   Code   RO         6205    .text               mc_w.l(ldiv.o)
    0x0800021e   0x00000020   Code   RO         6207    .text               mc_w.l(llushr.o)
    0x0800023e   0x00000024   Code   RO         6209    .text               mc_w.l(memcpya.o)
    0x08000262   0x00000024   Code   RO         6213    .text               mc_w.l(memseta.o)
    0x08000286   0x00000024   Code   RO         6215    .text               mc_w.l(strstr.o)
    0x080002aa   0x0000000e   Code   RO         6217    .text               mc_w.l(strlen.o)
    0x080002b8   0x0000001a   Code   RO         6219    .text               mc_w.l(memcmp.o)
    0x080002d2   0x000000b0   Code   RO         6484    .text               mf_w.l(fadd.o)
    0x08000382   0x00000064   Code   RO         6486    .text               mf_w.l(fmul.o)
    0x080003e6   0x0000007c   Code   RO         6488    .text               mf_w.l(fdiv.o)
    0x08000462   0x00000018   Code   RO         6490    .text               mf_w.l(fscalb.o)
    0x0800047a   0x0000014e   Code   RO         6492    .text               mf_w.l(dadd.o)
    0x080005c8   0x000000e4   Code   RO         6494    .text               mf_w.l(dmul.o)
    0x080006ac   0x000000de   Code   RO         6496    .text               mf_w.l(ddiv.o)
    0x0800078a   0x0000002e   Code   RO         6498    .text               mf_w.l(dscalb.o)
    0x080007b8   0x00000012   Code   RO         6500    .text               mf_w.l(fflti.o)
    0x080007ca   0x0000000a   Code   RO         6502    .text               mf_w.l(ffltui.o)
    0x080007d4   0x00000022   Code   RO         6504    .text               mf_w.l(dflti.o)
    0x080007f6   0x00000032   Code   RO         6506    .text               mf_w.l(ffixi.o)
    0x08000828   0x00000028   Code   RO         6508    .text               mf_w.l(ffixui.o)
    0x08000850   0x0000003e   Code   RO         6510    .text               mf_w.l(dfixi.o)
    0x0800088e   0x00000026   Code   RO         6512    .text               mf_w.l(f2d.o)
    0x080008b4   0x00000038   Code   RO         6514    .text               mf_w.l(d2f.o)
    0x080008ec   0x0000002c   Code   RO         6582    .text               mc_w.l(uidiv.o)
    0x08000918   0x00000062   Code   RO         6584    .text               mc_w.l(uldiv.o)
    0x0800097a   0x0000001e   Code   RO         6586    .text               mc_w.l(llshl.o)
    0x08000998   0x00000024   Code   RO         6588    .text               mc_w.l(llsshr.o)
    0x080009bc   0x00000000   Code   RO         6597    .text               mc_w.l(iusefp.o)
    0x080009bc   0x0000006e   Code   RO         6598    .text               mf_w.l(fepilogue.o)
    0x08000a2a   0x000000ba   Code   RO         6600    .text               mf_w.l(depilogue.o)
    0x08000ae4   0x00000030   Code   RO         6602    .text               mf_w.l(dfixul.o)
    0x08000b14   0x00000030   Code   RO         6604    .text               mf_w.l(cdrcmple.o)
    0x08000b44   0x00000024   Code   RO         6606    .text               mc_w.l(init.o)
    0x08000b68   0x000000a2   Code   RO         6608    .text               mf_w.l(dsqrt.o)
    0x08000c0a   0x0000001a   Code   RO         6610    .text               mf_w.l(dfltui.o)
    0x08000c24   0x0000003a   Code   RO         6622    .text               mc_w.l(__dczerorl.o)
    0x08000c5e   0x00000002   PAD
    0x08000c60   0x0000004c   Code   RO         2418    i.ADC_ConversionStop_Disable  stm32f1xx_hal_adc.o
    0x08000cac   0x0000004e   Code   RO         2419    i.ADC_DMAConvCplt   stm32f1xx_hal_adc.o
    0x08000cfa   0x0000001a   Code   RO         2420    i.ADC_DMAError      stm32f1xx_hal_adc.o
    0x08000d14   0x0000000a   Code   RO         2421    i.ADC_DMAHalfConvCplt  stm32f1xx_hal_adc.o
    0x08000d1e   0x00000002   PAD
    0x08000d20   0x00000070   Code   RO         2422    i.ADC_Enable        stm32f1xx_hal_adc.o
    0x08000d90   0x00000002   Code   RO          773    i.BusFault_Handler  stm32f1xx_it.o
    0x08000d92   0x00000002   PAD
    0x08000d94   0x0000000c   Code   RO          774    i.DMA1_Channel1_IRQHandler  stm32f1xx_it.o
    0x08000da0   0x0000000c   Code   RO          775    i.DMA1_Channel6_IRQHandler  stm32f1xx_it.o
    0x08000dac   0x0000000c   Code   RO          776    i.DMA1_Channel7_IRQHandler  stm32f1xx_it.o
    0x08000db8   0x0000002a   Code   RO         4326    i.DMA_SetConfig     stm32f1xx_hal_dma.o
    0x08000de2   0x00000002   Code   RO          777    i.DebugMon_Handler  stm32f1xx_it.o
    0x08000de4   0x00000168   Code   RO         1029    i.DrawBitLine1BPP   guislim.o
    0x08000f4c   0x0000003c   Code   RO          253    i.ESP8266_AT_Test   esp8266.o
    0x08000f88   0x00000054   Code   RO          254    i.ESP8266_BuildAP   esp8266.o
    0x08000fdc   0x0000007c   Code   RO          255    i.ESP8266_Cmd       esp8266.o
    0x08001058   0x00000050   Code   RO          256    i.ESP8266_Enable_MultipleId  esp8266.o
    0x080010a8   0x00000028   Code   RO          257    i.ESP8266_ExitUnvarnishSend  esp8266.o
    0x080010d0   0x0000006c   Code   RO          261    i.ESP8266_Inquire_ApMac  esp8266.o
    0x0800113c   0x0000005c   Code   RO          262    i.ESP8266_Inquire_StaIp  esp8266.o
    0x08001198   0x00000040   Code   RO          263    i.ESP8266_JoinAP    esp8266.o
    0x080011d8   0x000000d4   Code   RO          264    i.ESP8266_Link_Server  esp8266.o
    0x080012ac   0x0000007c   Code   RO          265    i.ESP8266_Net_Mode_Choose  esp8266.o
    0x08001328   0x00000024   Code   RO          267    i.ESP8266_Rst       esp8266.o
    0x0800134c   0x0000004c   Code   RO          270    i.ESP8266_UnvarnishSend  esp8266.o
    0x08001398   0x00000002   Code   RO          503    i.Error_Handler     main.o
    0x0800139a   0x00000002   PAD
    0x0800139c   0x0000001c   Code   RO         1030    i.GL_DispChar       guislim.o
    0x080013b8   0x0000001c   Code   RO         1031    i.GL_DrawBitmap     guislim.o
    0x080013d4   0x00000080   Code   RO         1036    i.GUIPROP_DispChar  guislim.o
    0x08001454   0x00000016   Code   RO         1037    i.GUIPROP_FindChar  guislim.o
    0x0800146a   0x00000002   PAD
    0x0800146c   0x0000002c   Code   RO         1038    i.GUIPROP_GetCharDistX  guislim.o
    0x08001498   0x00000006   Code   RO         1039    i.GUIPROP_GetFontInfo  guislim.o
    0x0800149e   0x00000010   Code   RO         1040    i.GUIPROP_IsInFont  guislim.o
    0x080014ae   0x0000001a   Code   RO         1041    i.GUI_Clear         guislim.o
    0x080014c8   0x00000014   Code   RO         1042    i.GUI_ClearRect     guislim.o
    0x080014dc   0x00000014   Code   RO         1046    i.GUI_DispNextLine  guislim.o
    0x080014f0   0x000000f0   Code   RO         1047    i.GUI_DispString    guislim.o
    0x080015e0   0x00000010   Code   RO         1048    i.GUI_DispStringAt  guislim.o
    0x080015f0   0x00000030   Code   RO         1049    i.GUI_DispStringHCenterAt  guislim.o
    0x08001620   0x00000004   Code   RO         1053    i.GUI_DrawBitmap    guislim.o
    0x08001624   0x0000000a   Code   RO         1056    i.GUI_DrawHLine     guislim.o
    0x0800162e   0x00000004   Code   RO         1061    i.GUI_DrawVLine     guislim.o
    0x08001632   0x00000022   Code   RO         1064    i.GUI_FillRect      guislim.o
    0x08001654   0x0000000c   Code   RO         1065    i.GUI_GetCharDistX  guislim.o
    0x08001660   0x0000000c   Code   RO         1071    i.GUI_GetFontDistY  guislim.o
    0x0800166c   0x0000002c   Code   RO         1078    i.GUI_GetYAdjust    guislim.o
    0x08001698   0x00000014   Code   RO         1083    i.GUI_GotoXY        guislim.o
    0x080016ac   0x0000003c   Code   RO         1085    i.GUI_Init          guislim.o
    0x080016e8   0x00000010   Code   RO         1088    i.GUI_SetFont       guislim.o
    0x080016f8   0x00000010   Code   RO         1089    i.GUI_SetTextAlign  guislim.o
    0x08001708   0x0000000c   Code   RO         1094    i.GUI_UC__NumChars2NumBytes  guislim.o
    0x08001714   0x00000004   Code   RO         1095    i.GUI_Update        guislim.o
    0x08001718   0x00000034   Code   RO         1096    i.GUI__DispLine     guislim.o
    0x0800174c   0x00000032   Code   RO         1098    i.GUI__GetLineDistX  guislim.o
    0x0800177e   0x00000022   Code   RO         1099    i.GUI__GetLineNumChars  guislim.o
    0x080017a0   0x000000c8   Code   RO         2598    i.HAL_ADCEx_Calibration_Start  stm32f1xx_hal_adc_ex.o
    0x08001868   0x000000fc   Code   RO         2424    i.HAL_ADC_ConfigChannel  stm32f1xx_hal_adc.o
    0x08001964   0x0000002c   Code   RO          504    i.HAL_ADC_ConvCpltCallback  main.o
    0x08001990   0x00000002   Code   RO         2426    i.HAL_ADC_ConvHalfCpltCallback  stm32f1xx_hal_adc.o
    0x08001992   0x00000002   Code   RO         2428    i.HAL_ADC_ErrorCallback  stm32f1xx_hal_adc.o
    0x08001994   0x0000011c   Code   RO         2433    i.HAL_ADC_Init      stm32f1xx_hal_adc.o
    0x08001ab0   0x00000090   Code   RO          868    i.HAL_ADC_MspInit   stm32f1xx_hal_msp.o
    0x08001b40   0x0000010c   Code   RO         2440    i.HAL_ADC_Start_DMA  stm32f1xx_hal_adc.o
    0x08001c4c   0x00000046   Code   RO         4327    i.HAL_DMA_Abort     stm32f1xx_hal_dma.o
    0x08001c92   0x00000002   PAD
    0x08001c94   0x00000098   Code   RO         4328    i.HAL_DMA_Abort_IT  stm32f1xx_hal_dma.o
    0x08001d2c   0x00000154   Code   RO         4332    i.HAL_DMA_IRQHandler  stm32f1xx_hal_dma.o
    0x08001e80   0x0000005c   Code   RO         4333    i.HAL_DMA_Init      stm32f1xx_hal_dma.o
    0x08001edc   0x00000070   Code   RO         4337    i.HAL_DMA_Start_IT  stm32f1xx_hal_dma.o
    0x08001f4c   0x00000024   Code   RO         3955    i.HAL_Delay         stm32f1xx_hal.o
    0x08001f70   0x000001e0   Code   RO         4263    i.HAL_GPIO_Init     stm32f1xx_hal_gpio.o
    0x08002150   0x0000000a   Code   RO         4265    i.HAL_GPIO_ReadPin  stm32f1xx_hal_gpio.o
    0x0800215a   0x0000000a   Code   RO         4267    i.HAL_GPIO_WritePin  stm32f1xx_hal_gpio.o
    0x08002164   0x0000000c   Code   RO         3959    i.HAL_GetTick       stm32f1xx_hal.o
    0x08002170   0x00000010   Code   RO         3965    i.HAL_IncTick       stm32f1xx_hal.o
    0x08002180   0x00000024   Code   RO         3966    i.HAL_Init          stm32f1xx_hal.o
    0x080021a4   0x00000074   Code   RO          934    i.HAL_InitTick      stm32f1xx_hal_timebase_tim.o
    0x08002218   0x00000048   Code   RO          869    i.HAL_MspInit       stm32f1xx_hal_msp.o
    0x08002260   0x0000001a   Code   RO         4423    i.HAL_NVIC_EnableIRQ  stm32f1xx_hal_cortex.o
    0x0800227a   0x00000002   PAD
    0x0800227c   0x00000040   Code   RO         4429    i.HAL_NVIC_SetPriority  stm32f1xx_hal_cortex.o
    0x080022bc   0x00000024   Code   RO         4430    i.HAL_NVIC_SetPriorityGrouping  stm32f1xx_hal_cortex.o
    0x080022e0   0x000000c8   Code   RO         4225    i.HAL_RCCEx_GetPeriphCLKFreq  stm32f1xx_hal_rcc_ex.o
    0x080023a8   0x000000ec   Code   RO         4226    i.HAL_RCCEx_PeriphCLKConfig  stm32f1xx_hal_rcc_ex.o
    0x08002494   0x0000012c   Code   RO         4123    i.HAL_RCC_ClockConfig  stm32f1xx_hal_rcc.o
    0x080025c0   0x00000040   Code   RO         4127    i.HAL_RCC_GetClockConfig  stm32f1xx_hal_rcc.o
    0x08002600   0x00000020   Code   RO         4130    i.HAL_RCC_GetPCLK1Freq  stm32f1xx_hal_rcc.o
    0x08002620   0x00000020   Code   RO         4131    i.HAL_RCC_GetPCLK2Freq  stm32f1xx_hal_rcc.o
    0x08002640   0x0000006c   Code   RO         4132    i.HAL_RCC_GetSysClockFreq  stm32f1xx_hal_rcc.o
    0x080026ac   0x00000320   Code   RO         4135    i.HAL_RCC_OscConfig  stm32f1xx_hal_rcc.o
    0x080029cc   0x00000002   Code   RO         3371    i.HAL_TIMEx_BreakCallback  stm32f1xx_hal_tim_ex.o
    0x080029ce   0x00000002   Code   RO         3372    i.HAL_TIMEx_CommutCallback  stm32f1xx_hal_tim_ex.o
    0x080029d0   0x00000042   Code   RO         3389    i.HAL_TIMEx_MasterConfigSynchronization  stm32f1xx_hal_tim_ex.o
    0x08002a12   0x00000036   Code   RO         2696    i.HAL_TIM_Base_Init  stm32f1xx_hal_tim.o
    0x08002a48   0x00000028   Code   RO          871    i.HAL_TIM_Base_MspInit  stm32f1xx_hal_msp.o
    0x08002a70   0x00000022   Code   RO         2701    i.HAL_TIM_Base_Start_IT  stm32f1xx_hal_tim.o
    0x08002a92   0x000000d6   Code   RO         2705    i.HAL_TIM_ConfigClockSource  stm32f1xx_hal_tim.o
    0x08002b68   0x00000002   Code   RO         2725    i.HAL_TIM_IC_CaptureCallback  stm32f1xx_hal_tim.o
    0x08002b6a   0x00000166   Code   RO         2739    i.HAL_TIM_IRQHandler  stm32f1xx_hal_tim.o
    0x08002cd0   0x00000070   Code   RO          872    i.HAL_TIM_MspPostInit  stm32f1xx_hal_msp.o
    0x08002d40   0x00000002   Code   RO         2742    i.HAL_TIM_OC_DelayElapsedCallback  stm32f1xx_hal_tim.o
    0x08002d42   0x000000d0   Code   RO         2763    i.HAL_TIM_PWM_ConfigChannel  stm32f1xx_hal_tim.o
    0x08002e12   0x00000036   Code   RO         2766    i.HAL_TIM_PWM_Init  stm32f1xx_hal_tim.o
    0x08002e48   0x00000002   Code   RO         2768    i.HAL_TIM_PWM_MspInit  stm32f1xx_hal_tim.o
    0x08002e4a   0x00000002   Code   RO         2769    i.HAL_TIM_PWM_PulseFinishedCallback  stm32f1xx_hal_tim.o
    0x08002e4c   0x00000038   Code   RO         2771    i.HAL_TIM_PWM_Start  stm32f1xx_hal_tim.o
    0x08002e84   0x00000054   Code   RO         2774    i.HAL_TIM_PWM_Stop  stm32f1xx_hal_tim.o
    0x08002ed8   0x00000014   Code   RO          505    i.HAL_TIM_PeriodElapsedCallback  main.o
    0x08002eec   0x00000002   Code   RO         2782    i.HAL_TIM_TriggerCallback  stm32f1xx_hal_tim.o
    0x08002eee   0x00000058   Code   RO         3641    i.HAL_UART_DMAStop  stm32f1xx_hal_uart.o
    0x08002f46   0x00000002   Code   RO         3643    i.HAL_UART_ErrorCallback  stm32f1xx_hal_uart.o
    0x08002f48   0x00000110   Code   RO         3646    i.HAL_UART_IRQHandler  stm32f1xx_hal_uart.o
    0x08003058   0x00000062   Code   RO         3647    i.HAL_UART_Init     stm32f1xx_hal_uart.o
    0x080030ba   0x00000002   PAD
    0x080030bc   0x00000130   Code   RO          874    i.HAL_UART_MspInit  stm32f1xx_hal_msp.o
    0x080031ec   0x00000098   Code   RO         3651    i.HAL_UART_Receive_DMA  stm32f1xx_hal_uart.o
    0x08003284   0x00000052   Code   RO         3652    i.HAL_UART_Receive_IT  stm32f1xx_hal_uart.o
    0x080032d6   0x00000002   PAD
    0x080032d8   0x00000058   Code   RO          506    i.HAL_UART_RxCpltCallback  main.o
    0x08003330   0x00000002   Code   RO         3654    i.HAL_UART_RxHalfCpltCallback  stm32f1xx_hal_uart.o
    0x08003332   0x000000ba   Code   RO         3655    i.HAL_UART_Transmit  stm32f1xx_hal_uart.o
    0x080033ec   0x00000080   Code   RO         3656    i.HAL_UART_Transmit_DMA  stm32f1xx_hal_uart.o
    0x0800346c   0x00000002   Code   RO         3658    i.HAL_UART_TxCpltCallback  stm32f1xx_hal_uart.o
    0x0800346e   0x00000002   Code   RO         3659    i.HAL_UART_TxHalfCpltCallback  stm32f1xx_hal_uart.o
    0x08003470   0x00000002   Code   RO          778    i.HardFault_Handler  stm32f1xx_it.o
    0x08003472   0x00000002   PAD
    0x08003474   0x00000058   Code   RO         2297    i.I2C_SendByte      stm32_i2c.o
    0x080034cc   0x0000005c   Code   RO         2298    i.I2C_Start         stm32_i2c.o
    0x08003528   0x00000044   Code   RO         2299    i.I2C_Stop          stm32_i2c.o
    0x0800356c   0x00000058   Code   RO         2300    i.I2C_WaitAck       stm32_i2c.o
    0x080035c4   0x0000000e   Code   RO         2301    i.I2C_delay         stm32_i2c.o
    0x080035d2   0x00000002   PAD
    0x080035d4   0x0000025c   Code   RO          271    i.InitESP8266       esp8266.o
    0x08003830   0x000000cc   Code   RO          507    i.KEY_Scan          main.o
    0x080038fc   0x00000088   Code   RO         1103    i.LCD_DrawBitmap1BPP  guislim.o
    0x08003984   0x00000044   Code   RO         1104    i.LCD_DrawHLine     guislim.o
    0x080039c8   0x00000044   Code   RO         1106    i.LCD_DrawVLine     guislim.o
    0x08003a0c   0x00000034   Code   RO         1110    i.LCD_L0_DrawBitmap1BPP  guislim.o
    0x08003a40   0x0000003c   Code   RO         2242    i.MPU6050_ReturnTemp  mpu6050.o
    0x08003a7c   0x000001e4   Code   RO         2243    i.MPU_getdata       mpu6050.o
    0x08003c60   0x0000039c   Code   RO         2244    i.MPU_init          mpu6050.o
    0x08003ffc   0x00000040   Code   RO          508    i.MX_ADC1_Init      main.o
    0x0800403c   0x00000088   Code   RO          509    i.MX_GPIO_Init      main.o
    0x080040c4   0x0000009c   Code   RO          510    i.MX_TIM3_Init      main.o
    0x08004160   0x00000002   Code   RO          779    i.MemManage_Handler  stm32f1xx_it.o
    0x08004162   0x00000002   Code   RO          780    i.NMI_Handler       stm32f1xx_it.o
    0x08004164   0x00000060   Code   RO         1682    i.OLED_IIC_SendByte  ssd1306_i2c.o
    0x080041c4   0x00000038   Code   RO         1683    i.OLED_IIC_Start    ssd1306_i2c.o
    0x080041fc   0x0000003c   Code   RO         1684    i.OLED_IIC_Stop     ssd1306_i2c.o
    0x08004238   0x00000056   Code   RO         1551    i.SSD1306_DrawFilledRectangle  ssd1306.o
    0x0800428e   0x0000010a   Code   RO         1553    i.SSD1306_DrawLine  ssd1306.o
    0x08004398   0x00000040   Code   RO         1554    i.SSD1306_DrawPixel  ssd1306.o
    0x080043d8   0x00000018   Code   RO         1557    i.SSD1306_Fill      ssd1306.o
    0x080043f0   0x00000040   Code   RO         1562    i.SSD1306_UpdateScreen  ssd1306.o
    0x08004430   0x00000024   Code   RO         1563    i.SSD1306_WriteByte  ssd1306.o
    0x08004454   0x00000032   Code   RO         1564    i.SSD1306_WriteMuliByte  ssd1306.o
    0x08004486   0x00000002   PAD
    0x08004488   0x00000100   Code   RO         1565    i.SSD1306_init      ssd1306.o
    0x08004588   0x000002dc   Code   RO          511    i.ShowMPUGUI        main.o
    0x08004864   0x0000011c   Code   RO          512    i.ShowMainGUI       main.o
    0x08004980   0x00000064   Code   RO          513    i.ShowPWMGUI        main.o
    0x080049e4   0x000003b8   Code   RO          514    i.ShowTestGUI       main.o
    0x08004d9c   0x00000120   Code   RO          515    i.ShowWiFiGUI       main.o
    0x08004ebc   0x0000022c   Code   RO          516    i.StartDefaultTask  main.o
    0x080050e8   0x000000a0   Code   RO          517    i.StartTaskGUI      main.o
    0x08005188   0x00000260   Code   RO          518    i.StartTaskKeyScan  main.o
    0x080053e8   0x00000040   Code   RO          519    i.StartTaskMpu      main.o
    0x08005428   0x00000054   Code   RO          520    i.StartTaskWifi     main.o
    0x0800547c   0x0000002c   Code   RO         6100    i.SysTick_Handler   port.o
    0x080054a8   0x00000060   Code   RO          521    i.SystemClock_Config  main.o
    0x08005508   0x00000048   Code   RO         4924    i.SystemInit        system_stm32f1xx.o
    0x08005550   0x0000000c   Code   RO          781    i.TIM4_IRQHandler   stm32f1xx_it.o
    0x0800555c   0x0000006c   Code   RO         2784    i.TIM_Base_SetConfig  stm32f1xx_hal_tim.o
    0x080055c8   0x0000001a   Code   RO         2785    i.TIM_CCxChannelCmd  stm32f1xx_hal_tim.o
    0x080055e2   0x00000014   Code   RO         2795    i.TIM_ETR_SetConfig  stm32f1xx_hal_tim.o
    0x080055f6   0x00000010   Code   RO         2796    i.TIM_ITRx_SetConfig  stm32f1xx_hal_tim.o
    0x08005606   0x00000002   PAD
    0x08005608   0x00000050   Code   RO         2797    i.TIM_OC1_SetConfig  stm32f1xx_hal_tim.o
    0x08005658   0x00000058   Code   RO         2798    i.TIM_OC2_SetConfig  stm32f1xx_hal_tim.o
    0x080056b0   0x00000058   Code   RO         2799    i.TIM_OC3_SetConfig  stm32f1xx_hal_tim.o
    0x08005708   0x00000044   Code   RO         2800    i.TIM_OC4_SetConfig  stm32f1xx_hal_tim.o
    0x0800574c   0x00000022   Code   RO         2802    i.TIM_TI1_ConfigInputStage  stm32f1xx_hal_tim.o
    0x0800576e   0x00000024   Code   RO         2804    i.TIM_TI2_ConfigInputStage  stm32f1xx_hal_tim.o
    0x08005792   0x00000010   Code   RO         3660    i.UART_DMAAbortOnError  stm32f1xx_hal_uart.o
    0x080057a2   0x0000004a   Code   RO         3661    i.UART_DMAError     stm32f1xx_hal_uart.o
    0x080057ec   0x0000003c   Code   RO         3662    i.UART_DMAReceiveCplt  stm32f1xx_hal_uart.o
    0x08005828   0x0000000a   Code   RO         3664    i.UART_DMARxHalfCplt  stm32f1xx_hal_uart.o
    0x08005832   0x0000002e   Code   RO         3666    i.UART_DMATransmitCplt  stm32f1xx_hal_uart.o
    0x08005860   0x0000000a   Code   RO         3668    i.UART_DMATxHalfCplt  stm32f1xx_hal_uart.o
    0x0800586a   0x0000001c   Code   RO         3670    i.UART_EndRxTransfer  stm32f1xx_hal_uart.o
    0x08005886   0x00000012   Code   RO         3671    i.UART_EndTxTransfer  stm32f1xx_hal_uart.o
    0x08005898   0x00000096   Code   RO         3672    i.UART_Receive_IT   stm32f1xx_hal_uart.o
    0x0800592e   0x00000002   PAD
    0x08005930   0x000000b8   Code   RO         3673    i.UART_SetConfig    stm32f1xx_hal_uart.o
    0x080059e8   0x00000062   Code   RO         3674    i.UART_Transmit_IT  stm32f1xx_hal_uart.o
    0x08005a4a   0x00000064   Code   RO         3675    i.UART_WaitOnFlagUntilTimeout  stm32f1xx_hal_uart.o
    0x08005aae   0x00000002   PAD
    0x08005ab0   0x0000000c   Code   RO          782    i.USART1_IRQHandler  stm32f1xx_it.o
    0x08005abc   0x00000068   Code   RO          783    i.USART2_IRQHandler  stm32f1xx_it.o
    0x08005b24   0x00000002   Code   RO          784    i.UsageFault_Handler  stm32f1xx_it.o
    0x08005b26   0x00000002   PAD
    0x08005b28   0x0000000c   Code   RO         1112    i._GotoX            guislim.o
    0x08005b34   0x0000000c   Code   RO         1113    i._GotoY            guislim.o
    0x08005b40   0x00000020   Code   RO         6456    i.__0printf         mc_w.l(printfa.o)
    0x08005b60   0x00000028   Code   RO         6458    i.__0sprintf        mc_w.l(printfa.o)
    0x08005b88   0x00000028   Code   RO         6543    i.__ARM_fpclassify  m_ws.l(fpclassify.o)
    0x08005bb0   0x00000020   Code   RO         4436    i.__NVIC_SetPriority  stm32f1xx_hal_cortex.o
    0x08005bd0   0x00000388   Code   RO         6548    i.__ieee754_rem_pio2  m_ws.l(rred.o)
    0x08005f58   0x000000fc   Code   RO         6526    i.__kernel_cos      m_ws.l(cos_i.o)
    0x08006054   0x000000aa   Code   RO         6545    i.__kernel_poly     m_ws.l(poly.o)
    0x080060fe   0x00000002   PAD
    0x08006100   0x000000ec   Code   RO         6553    i.__kernel_sin      m_ws.l(sin_i.o)
    0x080061ec   0x00000006   Code   RO         6530    i.__mathlib_dbl_infnan  m_ws.l(dunder.o)
    0x080061f2   0x00000004   Code   RO         6531    i.__mathlib_dbl_infnan2  m_ws.l(dunder.o)
    0x080061f6   0x0000000c   Code   RO         6532    i.__mathlib_dbl_invalid  m_ws.l(dunder.o)
    0x08006202   0x00000002   PAD
    0x08006204   0x00000010   Code   RO         6535    i.__mathlib_dbl_underflow  m_ws.l(dunder.o)
    0x08006214   0x0000000e   Code   RO         6616    i.__scatterload_copy  mc_w.l(handlers.o)
    0x08006222   0x00000002   Code   RO         6617    i.__scatterload_null  mc_w.l(handlers.o)
    0x08006224   0x0000000e   Code   RO         6618    i.__scatterload_zeroinit  mc_w.l(handlers.o)
    0x08006232   0x00000002   PAD
    0x08006234   0x0000000c   Code   RO         6592    i.__set_errno       mc_w.l(errno.o)
    0x08006240   0x00000164   Code   RO         6463    i._fp_digits        mc_w.l(printfa.o)
    0x080063a4   0x000006dc   Code   RO         6464    i._printf_core      mc_w.l(printfa.o)
    0x08006a80   0x00000024   Code   RO         6465    i._printf_post_padding  mc_w.l(printfa.o)
    0x08006aa4   0x0000002e   Code   RO         6466    i._printf_pre_padding  mc_w.l(printfa.o)
    0x08006ad2   0x0000000a   Code   RO         6468    i._sputc            mc_w.l(printfa.o)
    0x08006adc   0x00000080   Code   RO         1723    i.accel_self_test   inv_mpu.o
    0x08006b5c   0x00000270   Code   RO         6177    i.asin              m_ws.l(asin.o)
    0x08006dcc   0x00000220   Code   RO         6517    i.atan              m_ws.l(atan.o)
    0x08006fec   0x00000180   Code   RO         6187    i.atan2             m_ws.l(atan2.o)
    0x0800716c   0x0000004c   Code   RO          523    i.check_pwm         main.o
    0x080071b8   0x0000009c   Code   RO         6195    i.cos               m_ws.l(cos.o)
    0x08007254   0x00000012   Code   RO         1724    i.delay_ms          inv_mpu.o
    0x08007266   0x0000003a   Code   RO         2054    i.dmp_enable_6x_lp_quat  inv_mpu_dmp_motion_driver.o
    0x080072a0   0x000001d8   Code   RO         2055    i.dmp_enable_feature  inv_mpu_dmp_motion_driver.o
    0x08007478   0x0000003c   Code   RO         2056    i.dmp_enable_gyro_cal  inv_mpu_dmp_motion_driver.o
    0x080074b4   0x0000003a   Code   RO         2057    i.dmp_enable_lp_quat  inv_mpu_dmp_motion_driver.o
    0x080074ee   0x00000002   PAD
    0x080074f0   0x00000014   Code   RO         2062    i.dmp_load_motion_driver_firmware  inv_mpu_dmp_motion_driver.o
    0x08007504   0x00000140   Code   RO         2063    i.dmp_read_fifo     inv_mpu_dmp_motion_driver.o
    0x08007644   0x000000d8   Code   RO         2066    i.dmp_set_accel_bias  inv_mpu_dmp_motion_driver.o
    0x0800771c   0x00000064   Code   RO         2067    i.dmp_set_fifo_rate  inv_mpu_dmp_motion_driver.o
    0x08007780   0x000000cc   Code   RO         2068    i.dmp_set_gyro_bias  inv_mpu_dmp_motion_driver.o
    0x0800784c   0x0000010c   Code   RO         2070    i.dmp_set_orientation  inv_mpu_dmp_motion_driver.o
    0x08007958   0x00000030   Code   RO         2073    i.dmp_set_shake_reject_thresh  inv_mpu_dmp_motion_driver.o
    0x08007988   0x00000020   Code   RO         2074    i.dmp_set_shake_reject_time  inv_mpu_dmp_motion_driver.o
    0x080079a8   0x00000020   Code   RO         2075    i.dmp_set_shake_reject_timeout  inv_mpu_dmp_motion_driver.o
    0x080079c8   0x00000040   Code   RO         2076    i.dmp_set_tap_axes  inv_mpu_dmp_motion_driver.o
    0x08007a08   0x00000022   Code   RO         2077    i.dmp_set_tap_count  inv_mpu_dmp_motion_driver.o
    0x08007a2a   0x00000002   PAD
    0x08007a2c   0x00000128   Code   RO         2078    i.dmp_set_tap_thresh  inv_mpu_dmp_motion_driver.o
    0x08007b54   0x00000020   Code   RO         2079    i.dmp_set_tap_time  inv_mpu_dmp_motion_driver.o
    0x08007b74   0x00000020   Code   RO         2080    i.dmp_set_tap_time_multi  inv_mpu_dmp_motion_driver.o
    0x08007b94   0x00000018   Code   RO          524    i.fputc             main.o
    0x08007bac   0x000000ac   Code   RO         1726    i.get_accel_prod_shift  inv_mpu.o
    0x08007c58   0x00000314   Code   RO         1728    i.get_st_biases     inv_mpu.o
    0x08007f6c   0x000000d4   Code   RO         1729    i.gyro_self_test    inv_mpu.o
    0x08008040   0x00000104   Code   RO         2304    i.i2cRead           stm32_i2c.o
    0x08008144   0x00000054   Code   RO         2306    i.i2cWriteBuffer    stm32_i2c.o
    0x08008198   0x00000012   Code   RO         2307    i.i2cread           stm32_i2c.o
    0x080081aa   0x00000012   Code   RO         2308    i.i2cwrite          stm32_i2c.o
    0x080081bc   0x00000048   Code   RO         2245    i.inv_row_2_scale   mpu6050.o
    0x08008204   0x0000029c   Code   RO          525    i.main              main.o
    0x080084a0   0x0000000c   Code   RO         5671    i.makeFreeRtosPriority  cmsis_os.o
    0x080084ac   0x00000054   Code   RO         1730    i.mpu_configure_fifo  inv_mpu.o
    0x08008500   0x0000003c   Code   RO         1731    i.mpu_get_accel_fsr  inv_mpu.o
    0x0800853c   0x00000044   Code   RO         1733    i.mpu_get_accel_sens  inv_mpu.o
    0x08008580   0x00000034   Code   RO         1739    i.mpu_get_gyro_fsr  inv_mpu.o
    0x080085b4   0x00000040   Code   RO         1741    i.mpu_get_gyro_sens  inv_mpu.o
    0x080085f4   0x00000038   Code   RO         1743    i.mpu_get_lpf       inv_mpu.o
    0x0800862c   0x0000001c   Code   RO         1745    i.mpu_get_sample_rate  inv_mpu.o
    0x08008648   0x00000040   Code   RO         1746    i.mpu_get_temp_reg  inv_mpu.o
    0x08008688   0x000001e8   Code   RO         1748    i.mpu_init          inv_mpu.o
    0x08008870   0x000000a0   Code   RO         1749    i.mpu_load_firmware  inv_mpu.o
    0x08008910   0x000000b8   Code   RO         1750    i.mpu_lp_accel_mode  inv_mpu.o
    0x080089c8   0x00000090   Code   RO         1753    i.mpu_read_fifo_stream  inv_mpu.o
    0x08008a58   0x00000054   Code   RO         1754    i.mpu_read_mem      inv_mpu.o
    0x08008aac   0x00000160   Code   RO         1757    i.mpu_reset_fifo    inv_mpu.o
    0x08008c0c   0x000000f0   Code   RO         1758    i.mpu_run_self_test  inv_mpu.o
    0x08008cfc   0x00000068   Code   RO         1760    i.mpu_set_accel_fsr  inv_mpu.o
    0x08008d64   0x000000dc   Code   RO         1761    i.mpu_set_bypass    inv_mpu.o
    0x08008e40   0x00000078   Code   RO         1763    i.mpu_set_dmp_state  inv_mpu.o
    0x08008eb8   0x0000006c   Code   RO         1764    i.mpu_set_gyro_fsr  inv_mpu.o
    0x08008f24   0x00000064   Code   RO         1765    i.mpu_set_int_latched  inv_mpu.o
    0x08008f88   0x0000006c   Code   RO         1767    i.mpu_set_lpf       inv_mpu.o
    0x08008ff4   0x00000080   Code   RO         1768    i.mpu_set_sample_rate  inv_mpu.o
    0x08009074   0x000000b8   Code   RO         1769    i.mpu_set_sensors   inv_mpu.o
    0x0800912c   0x00000054   Code   RO         1770    i.mpu_write_mem     inv_mpu.o
    0x08009180   0x0000000e   Code   RO         5673    i.osDelay           cmsis_os.o
    0x0800918e   0x0000000a   Code   RO         5676    i.osKernelStart     cmsis_os.o
    0x08009198   0x0000002e   Code   RO         5710    i.osThreadCreate    cmsis_os.o
    0x080091c6   0x00000002   PAD
    0x080091c8   0x00000070   Code   RO         5374    i.prvAddCurrentTaskToDelayedList  tasks.o
    0x08009238   0x000000d0   Code   RO         5375    i.prvAddNewTaskToReadyList  tasks.o
    0x08009308   0x00000014   Code   RO         5376    i.prvDeleteTCB      tasks.o
    0x0800931c   0x0000004c   Code   RO         6038    i.prvHeapInit       heap_4.o
    0x08009368   0x00000060   Code   RO         5377    i.prvIdleTask       tasks.o
    0x080093c8   0x0000008e   Code   RO         5378    i.prvInitialiseNewTask  tasks.o
    0x08009456   0x00000002   PAD
    0x08009458   0x0000004c   Code   RO         6039    i.prvInsertBlockIntoFreeList  heap_4.o
    0x080094a4   0x00000020   Code   RO         5379    i.prvResetNextTaskUnblockTime  tasks.o
    0x080094c4   0x00000028   Code   RO         6101    i.prvTaskExitError  port.o
    0x080094ec   0x000000d8   Code   RO         6040    i.pvPortMalloc      heap_4.o
    0x080095c4   0x00000024   Code   RO         6102    i.pxPortInitialiseStack  port.o
    0x080095e8   0x000000d0   Code   RO         2246    i.run_self_test     mpu6050.o
    0x080096b8   0x0000004c   Code   RO          526    i.setLED            main.o
    0x08009704   0x00000058   Code   RO         1771    i.set_int_enable    inv_mpu.o
    0x0800975c   0x00000040   Code   RO          527    i.spring            main.o
    0x0800979c   0x0000004c   Code   RO         6560    i.sqrt              m_ws.l(sqrt.o)
    0x080097e8   0x00000026   Code   RO         5050    i.uxListRemove      list.o
    0x0800980e   0x00000016   Code   RO         5051    i.vListInitialise   list.o
    0x08009824   0x00000006   Code   RO         5052    i.vListInitialiseItem  list.o
    0x0800982a   0x00000030   Code   RO         5053    i.vListInsert       list.o
    0x0800985a   0x00000018   Code   RO         5054    i.vListInsertEnd    list.o
    0x08009872   0x00000002   PAD
    0x08009874   0x00000040   Code   RO         6104    i.vPortEnterCritical  port.o
    0x080098b4   0x00000028   Code   RO         6105    i.vPortExitCritical  port.o
    0x080098dc   0x0000005c   Code   RO         6041    i.vPortFree         heap_4.o
    0x08009938   0x00000024   Code   RO         6106    i.vPortSetupTimerInterrupt  port.o
    0x0800995c   0x0000004c   Code   RO         5387    i.vTaskDelay        tasks.o
    0x080099a8   0x00000068   Code   RO         5400    i.vTaskStartScheduler  tasks.o
    0x08009a10   0x00000010   Code   RO         5402    i.vTaskSuspendAll   tasks.o
    0x08009a20   0x0000005c   Code   RO         5403    i.vTaskSwitchContext  tasks.o
    0x08009a7c   0x000000a8   Code   RO         6108    i.xPortStartScheduler  port.o
    0x08009b24   0x00000056   Code   RO         5405    i.xTaskCreate       tasks.o
    0x08009b7a   0x00000002   PAD
    0x08009b7c   0x000000c8   Code   RO         5412    i.xTaskIncrementTick  tasks.o
    0x08009c44   0x000000c4   Code   RO         5418    i.xTaskResumeAll    tasks.o
    0x08009d08   0x00000010   Data   RO           10    .constdata          simsun_16.o
    0x08009d18   0x00000010   Data   RO           11    .constdata          simsun_16.o
    0x08009d28   0x00000010   Data   RO           12    .constdata          simsun_16.o
    0x08009d38   0x00000010   Data   RO           13    .constdata          simsun_16.o
    0x08009d48   0x00000010   Data   RO           14    .constdata          simsun_16.o
    0x08009d58   0x00000010   Data   RO           15    .constdata          simsun_16.o
    0x08009d68   0x00000010   Data   RO           16    .constdata          simsun_16.o
    0x08009d78   0x00000010   Data   RO           17    .constdata          simsun_16.o
    0x08009d88   0x00000010   Data   RO           18    .constdata          simsun_16.o
    0x08009d98   0x00000010   Data   RO           19    .constdata          simsun_16.o
    0x08009da8   0x00000010   Data   RO           20    .constdata          simsun_16.o
    0x08009db8   0x00000010   Data   RO           21    .constdata          simsun_16.o
    0x08009dc8   0x00000010   Data   RO           22    .constdata          simsun_16.o
    0x08009dd8   0x00000010   Data   RO           23    .constdata          simsun_16.o
    0x08009de8   0x00000010   Data   RO           24    .constdata          simsun_16.o
    0x08009df8   0x00000010   Data   RO           25    .constdata          simsun_16.o
    0x08009e08   0x00000010   Data   RO           26    .constdata          simsun_16.o
    0x08009e18   0x00000010   Data   RO           27    .constdata          simsun_16.o
    0x08009e28   0x00000010   Data   RO           28    .constdata          simsun_16.o
    0x08009e38   0x00000010   Data   RO           29    .constdata          simsun_16.o
    0x08009e48   0x00000010   Data   RO           30    .constdata          simsun_16.o
    0x08009e58   0x00000010   Data   RO           31    .constdata          simsun_16.o
    0x08009e68   0x00000010   Data   RO           32    .constdata          simsun_16.o
    0x08009e78   0x00000010   Data   RO           33    .constdata          simsun_16.o
    0x08009e88   0x00000010   Data   RO           34    .constdata          simsun_16.o
    0x08009e98   0x00000010   Data   RO           35    .constdata          simsun_16.o
    0x08009ea8   0x00000010   Data   RO           36    .constdata          simsun_16.o
    0x08009eb8   0x00000010   Data   RO           37    .constdata          simsun_16.o
    0x08009ec8   0x00000010   Data   RO           38    .constdata          simsun_16.o
    0x08009ed8   0x00000010   Data   RO           39    .constdata          simsun_16.o
    0x08009ee8   0x00000010   Data   RO           40    .constdata          simsun_16.o
    0x08009ef8   0x00000010   Data   RO           41    .constdata          simsun_16.o
    0x08009f08   0x00000010   Data   RO           42    .constdata          simsun_16.o
    0x08009f18   0x00000010   Data   RO           43    .constdata          simsun_16.o
    0x08009f28   0x00000010   Data   RO           44    .constdata          simsun_16.o
    0x08009f38   0x00000010   Data   RO           45    .constdata          simsun_16.o
    0x08009f48   0x00000010   Data   RO           46    .constdata          simsun_16.o
    0x08009f58   0x00000010   Data   RO           47    .constdata          simsun_16.o
    0x08009f68   0x00000010   Data   RO           48    .constdata          simsun_16.o
    0x08009f78   0x00000010   Data   RO           49    .constdata          simsun_16.o
    0x08009f88   0x00000010   Data   RO           50    .constdata          simsun_16.o
    0x08009f98   0x00000010   Data   RO           51    .constdata          simsun_16.o
    0x08009fa8   0x00000010   Data   RO           52    .constdata          simsun_16.o
    0x08009fb8   0x00000010   Data   RO           53    .constdata          simsun_16.o
    0x08009fc8   0x00000010   Data   RO           54    .constdata          simsun_16.o
    0x08009fd8   0x00000010   Data   RO           55    .constdata          simsun_16.o
    0x08009fe8   0x00000010   Data   RO           56    .constdata          simsun_16.o
    0x08009ff8   0x00000010   Data   RO           57    .constdata          simsun_16.o
    0x0800a008   0x00000010   Data   RO           58    .constdata          simsun_16.o
    0x0800a018   0x00000010   Data   RO           59    .constdata          simsun_16.o
    0x0800a028   0x00000010   Data   RO           60    .constdata          simsun_16.o
    0x0800a038   0x00000010   Data   RO           61    .constdata          simsun_16.o
    0x0800a048   0x00000010   Data   RO           62    .constdata          simsun_16.o
    0x0800a058   0x00000010   Data   RO           63    .constdata          simsun_16.o
    0x0800a068   0x00000010   Data   RO           64    .constdata          simsun_16.o
    0x0800a078   0x00000010   Data   RO           65    .constdata          simsun_16.o
    0x0800a088   0x00000010   Data   RO           66    .constdata          simsun_16.o
    0x0800a098   0x00000010   Data   RO           67    .constdata          simsun_16.o
    0x0800a0a8   0x00000010   Data   RO           68    .constdata          simsun_16.o
    0x0800a0b8   0x00000010   Data   RO           69    .constdata          simsun_16.o
    0x0800a0c8   0x00000010   Data   RO           70    .constdata          simsun_16.o
    0x0800a0d8   0x00000010   Data   RO           71    .constdata          simsun_16.o
    0x0800a0e8   0x00000010   Data   RO           72    .constdata          simsun_16.o
    0x0800a0f8   0x00000010   Data   RO           73    .constdata          simsun_16.o
    0x0800a108   0x00000010   Data   RO           74    .constdata          simsun_16.o
    0x0800a118   0x00000010   Data   RO           75    .constdata          simsun_16.o
    0x0800a128   0x00000010   Data   RO           76    .constdata          simsun_16.o
    0x0800a138   0x00000010   Data   RO           77    .constdata          simsun_16.o
    0x0800a148   0x00000010   Data   RO           78    .constdata          simsun_16.o
    0x0800a158   0x00000010   Data   RO           79    .constdata          simsun_16.o
    0x0800a168   0x00000010   Data   RO           80    .constdata          simsun_16.o
    0x0800a178   0x00000010   Data   RO           81    .constdata          simsun_16.o
    0x0800a188   0x00000010   Data   RO           82    .constdata          simsun_16.o
    0x0800a198   0x00000010   Data   RO           83    .constdata          simsun_16.o
    0x0800a1a8   0x00000010   Data   RO           84    .constdata          simsun_16.o
    0x0800a1b8   0x00000010   Data   RO           85    .constdata          simsun_16.o
    0x0800a1c8   0x00000010   Data   RO           86    .constdata          simsun_16.o
    0x0800a1d8   0x00000010   Data   RO           87    .constdata          simsun_16.o
    0x0800a1e8   0x00000010   Data   RO           88    .constdata          simsun_16.o
    0x0800a1f8   0x00000010   Data   RO           89    .constdata          simsun_16.o
    0x0800a208   0x00000010   Data   RO           90    .constdata          simsun_16.o
    0x0800a218   0x00000010   Data   RO           91    .constdata          simsun_16.o
    0x0800a228   0x00000010   Data   RO           92    .constdata          simsun_16.o
    0x0800a238   0x00000010   Data   RO           93    .constdata          simsun_16.o
    0x0800a248   0x00000010   Data   RO           94    .constdata          simsun_16.o
    0x0800a258   0x00000010   Data   RO           95    .constdata          simsun_16.o
    0x0800a268   0x00000010   Data   RO           96    .constdata          simsun_16.o
    0x0800a278   0x00000010   Data   RO           97    .constdata          simsun_16.o
    0x0800a288   0x00000010   Data   RO           98    .constdata          simsun_16.o
    0x0800a298   0x00000010   Data   RO           99    .constdata          simsun_16.o
    0x0800a2a8   0x00000010   Data   RO          100    .constdata          simsun_16.o
    0x0800a2b8   0x00000010   Data   RO          101    .constdata          simsun_16.o
    0x0800a2c8   0x00000010   Data   RO          102    .constdata          simsun_16.o
    0x0800a2d8   0x00000010   Data   RO          103    .constdata          simsun_16.o
    0x0800a2e8   0x00000010   Data   RO          104    .constdata          simsun_16.o
    0x0800a2f8   0x00000010   Data   RO          105    .constdata          simsun_16.o
    0x0800a308   0x00000020   Data   RO          106    .constdata          simsun_16.o
    0x0800a328   0x00000020   Data   RO          107    .constdata          simsun_16.o
    0x0800a348   0x00000020   Data   RO          108    .constdata          simsun_16.o
    0x0800a368   0x00000020   Data   RO          109    .constdata          simsun_16.o
    0x0800a388   0x00000020   Data   RO          110    .constdata          simsun_16.o
    0x0800a3a8   0x00000020   Data   RO          111    .constdata          simsun_16.o
    0x0800a3c8   0x00000020   Data   RO          112    .constdata          simsun_16.o
    0x0800a3e8   0x00000020   Data   RO          113    .constdata          simsun_16.o
    0x0800a408   0x00000020   Data   RO          114    .constdata          simsun_16.o
    0x0800a428   0x00000020   Data   RO          115    .constdata          simsun_16.o
    0x0800a448   0x00000020   Data   RO          116    .constdata          simsun_16.o
    0x0800a468   0x00000020   Data   RO          117    .constdata          simsun_16.o
    0x0800a488   0x00000020   Data   RO          118    .constdata          simsun_16.o
    0x0800a4a8   0x00000020   Data   RO          119    .constdata          simsun_16.o
    0x0800a4c8   0x00000020   Data   RO          120    .constdata          simsun_16.o
    0x0800a4e8   0x00000020   Data   RO          121    .constdata          simsun_16.o
    0x0800a508   0x00000020   Data   RO          122    .constdata          simsun_16.o
    0x0800a528   0x00000020   Data   RO          123    .constdata          simsun_16.o
    0x0800a548   0x00000020   Data   RO          124    .constdata          simsun_16.o
    0x0800a568   0x00000020   Data   RO          125    .constdata          simsun_16.o
    0x0800a588   0x00000020   Data   RO          126    .constdata          simsun_16.o
    0x0800a5a8   0x00000020   Data   RO          127    .constdata          simsun_16.o
    0x0800a5c8   0x00000020   Data   RO          128    .constdata          simsun_16.o
    0x0800a5e8   0x00000020   Data   RO          129    .constdata          simsun_16.o
    0x0800a608   0x00000020   Data   RO          130    .constdata          simsun_16.o
    0x0800a628   0x00000020   Data   RO          131    .constdata          simsun_16.o
    0x0800a648   0x00000020   Data   RO          132    .constdata          simsun_16.o
    0x0800a668   0x00000020   Data   RO          133    .constdata          simsun_16.o
    0x0800a688   0x00000020   Data   RO          134    .constdata          simsun_16.o
    0x0800a6a8   0x00000020   Data   RO          135    .constdata          simsun_16.o
    0x0800a6c8   0x00000020   Data   RO          136    .constdata          simsun_16.o
    0x0800a6e8   0x00000020   Data   RO          137    .constdata          simsun_16.o
    0x0800a708   0x00000020   Data   RO          138    .constdata          simsun_16.o
    0x0800a728   0x00000020   Data   RO          139    .constdata          simsun_16.o
    0x0800a748   0x00000020   Data   RO          140    .constdata          simsun_16.o
    0x0800a768   0x00000020   Data   RO          141    .constdata          simsun_16.o
    0x0800a788   0x00000020   Data   RO          142    .constdata          simsun_16.o
    0x0800a7a8   0x00000020   Data   RO          143    .constdata          simsun_16.o
    0x0800a7c8   0x00000020   Data   RO          144    .constdata          simsun_16.o
    0x0800a7e8   0x00000020   Data   RO          145    .constdata          simsun_16.o
    0x0800a808   0x00000020   Data   RO          146    .constdata          simsun_16.o
    0x0800a828   0x00000020   Data   RO          147    .constdata          simsun_16.o
    0x0800a848   0x00000020   Data   RO          148    .constdata          simsun_16.o
    0x0800a868   0x00000020   Data   RO          149    .constdata          simsun_16.o
    0x0800a888   0x00000020   Data   RO          150    .constdata          simsun_16.o
    0x0800a8a8   0x00000020   Data   RO          151    .constdata          simsun_16.o
    0x0800a8c8   0x00000020   Data   RO          152    .constdata          simsun_16.o
    0x0800a8e8   0x00000020   Data   RO          153    .constdata          simsun_16.o
    0x0800a908   0x00000020   Data   RO          154    .constdata          simsun_16.o
    0x0800a928   0x00000020   Data   RO          155    .constdata          simsun_16.o
    0x0800a948   0x00000020   Data   RO          156    .constdata          simsun_16.o
    0x0800a968   0x00000020   Data   RO          157    .constdata          simsun_16.o
    0x0800a988   0x00000020   Data   RO          158    .constdata          simsun_16.o
    0x0800a9a8   0x00000020   Data   RO          159    .constdata          simsun_16.o
    0x0800a9c8   0x00000020   Data   RO          160    .constdata          simsun_16.o
    0x0800a9e8   0x00000020   Data   RO          161    .constdata          simsun_16.o
    0x0800aa08   0x000004c0   Data   RO          162    .constdata          simsun_16.o
    0x0800aec8   0x0000000c   Data   RO          163    .constdata          simsun_16.o
    0x0800aed4   0x0000000c   Data   RO          164    .constdata          simsun_16.o
    0x0800aee0   0x0000000c   Data   RO          165    .constdata          simsun_16.o
    0x0800aeec   0x0000000c   Data   RO          166    .constdata          simsun_16.o
    0x0800aef8   0x0000000c   Data   RO          167    .constdata          simsun_16.o
    0x0800af04   0x0000000c   Data   RO          168    .constdata          simsun_16.o
    0x0800af10   0x0000000c   Data   RO          169    .constdata          simsun_16.o
    0x0800af1c   0x0000000c   Data   RO          170    .constdata          simsun_16.o
    0x0800af28   0x0000000c   Data   RO          171    .constdata          simsun_16.o
    0x0800af34   0x0000000c   Data   RO          172    .constdata          simsun_16.o
    0x0800af40   0x0000000c   Data   RO          173    .constdata          simsun_16.o
    0x0800af4c   0x0000000c   Data   RO          174    .constdata          simsun_16.o
    0x0800af58   0x0000000c   Data   RO          175    .constdata          simsun_16.o
    0x0800af64   0x0000000c   Data   RO          176    .constdata          simsun_16.o
    0x0800af70   0x0000000c   Data   RO          177    .constdata          simsun_16.o
    0x0800af7c   0x0000000c   Data   RO          178    .constdata          simsun_16.o
    0x0800af88   0x0000000c   Data   RO          179    .constdata          simsun_16.o
    0x0800af94   0x0000000c   Data   RO          180    .constdata          simsun_16.o
    0x0800afa0   0x0000000c   Data   RO          181    .constdata          simsun_16.o
    0x0800afac   0x0000000c   Data   RO          182    .constdata          simsun_16.o
    0x0800afb8   0x0000000c   Data   RO          183    .constdata          simsun_16.o
    0x0800afc4   0x0000000c   Data   RO          184    .constdata          simsun_16.o
    0x0800afd0   0x0000000c   Data   RO          185    .constdata          simsun_16.o
    0x0800afdc   0x0000000c   Data   RO          186    .constdata          simsun_16.o
    0x0800afe8   0x0000000c   Data   RO          187    .constdata          simsun_16.o
    0x0800aff4   0x0000000c   Data   RO          188    .constdata          simsun_16.o
    0x0800b000   0x0000000c   Data   RO          189    .constdata          simsun_16.o
    0x0800b00c   0x0000000c   Data   RO          190    .constdata          simsun_16.o
    0x0800b018   0x0000000c   Data   RO          191    .constdata          simsun_16.o
    0x0800b024   0x0000000c   Data   RO          192    .constdata          simsun_16.o
    0x0800b030   0x0000000c   Data   RO          193    .constdata          simsun_16.o
    0x0800b03c   0x0000000c   Data   RO          194    .constdata          simsun_16.o
    0x0800b048   0x0000000c   Data   RO          195    .constdata          simsun_16.o
    0x0800b054   0x0000000c   Data   RO          196    .constdata          simsun_16.o
    0x0800b060   0x0000000c   Data   RO          197    .constdata          simsun_16.o
    0x0800b06c   0x0000000c   Data   RO          198    .constdata          simsun_16.o
    0x0800b078   0x0000000c   Data   RO          199    .constdata          simsun_16.o
    0x0800b084   0x0000000c   Data   RO          200    .constdata          simsun_16.o
    0x0800b090   0x0000000c   Data   RO          201    .constdata          simsun_16.o
    0x0800b09c   0x0000000c   Data   RO          202    .constdata          simsun_16.o
    0x0800b0a8   0x0000000c   Data   RO          203    .constdata          simsun_16.o
    0x0800b0b4   0x0000000c   Data   RO          204    .constdata          simsun_16.o
    0x0800b0c0   0x0000000c   Data   RO          205    .constdata          simsun_16.o
    0x0800b0cc   0x0000000c   Data   RO          206    .constdata          simsun_16.o
    0x0800b0d8   0x0000000c   Data   RO          207    .constdata          simsun_16.o
    0x0800b0e4   0x0000000c   Data   RO          208    .constdata          simsun_16.o
    0x0800b0f0   0x0000000c   Data   RO          209    .constdata          simsun_16.o
    0x0800b0fc   0x0000000c   Data   RO          210    .constdata          simsun_16.o
    0x0800b108   0x0000000c   Data   RO          211    .constdata          simsun_16.o
    0x0800b114   0x0000000c   Data   RO          212    .constdata          simsun_16.o
    0x0800b120   0x0000000c   Data   RO          213    .constdata          simsun_16.o
    0x0800b12c   0x0000000c   Data   RO          214    .constdata          simsun_16.o
    0x0800b138   0x0000000c   Data   RO          215    .constdata          simsun_16.o
    0x0800b144   0x0000000c   Data   RO          216    .constdata          simsun_16.o
    0x0800b150   0x0000000c   Data   RO          217    .constdata          simsun_16.o
    0x0800b15c   0x00000020   Data   RO          218    .constdata          simsun_16.o
    0x0800b17c   0x0000000c   Data   RO          232    .constdata          yc.o
    0x0800b188   0x000002c0   Data   RO          233    .constdata          yc.o
    0x0800b448   0x00000010   Data   RO          234    .constdata          yc.o
    0x0800b458   0x00000064   Data   RO          532    .constdata          main.o
    0x0800b4bc   0x00000008   Data   RO          970    .constdata          simsun_8.o
    0x0800b4c4   0x00000008   Data   RO          971    .constdata          simsun_8.o
    0x0800b4cc   0x00000008   Data   RO          972    .constdata          simsun_8.o
    0x0800b4d4   0x00000008   Data   RO          973    .constdata          simsun_8.o
    0x0800b4dc   0x00000008   Data   RO          974    .constdata          simsun_8.o
    0x0800b4e4   0x00000008   Data   RO          975    .constdata          simsun_8.o
    0x0800b4ec   0x00000008   Data   RO          976    .constdata          simsun_8.o
    0x0800b4f4   0x00000008   Data   RO          977    .constdata          simsun_8.o
    0x0800b4fc   0x00000008   Data   RO          978    .constdata          simsun_8.o
    0x0800b504   0x00000008   Data   RO          979    .constdata          simsun_8.o
    0x0800b50c   0x00000008   Data   RO          980    .constdata          simsun_8.o
    0x0800b514   0x00000008   Data   RO          981    .constdata          simsun_8.o
    0x0800b51c   0x00000008   Data   RO          982    .constdata          simsun_8.o
    0x0800b524   0x00000008   Data   RO          983    .constdata          simsun_8.o
    0x0800b52c   0x00000008   Data   RO          984    .constdata          simsun_8.o
    0x0800b534   0x00000078   Data   RO          985    .constdata          simsun_8.o
    0x0800b5ac   0x0000000c   Data   RO          986    .constdata          simsun_8.o
    0x0800b5b8   0x0000000c   Data   RO          987    .constdata          simsun_8.o
    0x0800b5c4   0x0000000c   Data   RO          988    .constdata          simsun_8.o
    0x0800b5d0   0x0000000c   Data   RO          989    .constdata          simsun_8.o
    0x0800b5dc   0x0000000c   Data   RO          990    .constdata          simsun_8.o
    0x0800b5e8   0x0000000c   Data   RO          991    .constdata          simsun_8.o
    0x0800b5f4   0x0000000c   Data   RO          992    .constdata          simsun_8.o
    0x0800b600   0x0000000c   Data   RO          993    .constdata          simsun_8.o
    0x0800b60c   0x0000000c   Data   RO          994    .constdata          simsun_8.o
    0x0800b618   0x0000000c   Data   RO          995    .constdata          simsun_8.o
    0x0800b624   0x0000000c   Data   RO          996    .constdata          simsun_8.o
    0x0800b630   0x0000000c   Data   RO          997    .constdata          simsun_8.o
    0x0800b63c   0x0000000c   Data   RO          998    .constdata          simsun_8.o
    0x0800b648   0x0000000c   Data   RO          999    .constdata          simsun_8.o
    0x0800b654   0x00000020   Data   RO         1000    .constdata          simsun_8.o
    0x0800b674   0x000002f8   Data   RO         1009    .constdata          f08_ascii.o
    0x0800b96c   0x000002f8   Data   RO         1010    .constdata          f08_ascii.o
    0x0800bc64   0x0000000c   Data   RO         1011    .constdata          f08_ascii.o
    0x0800bc70   0x00000020   Data   RO         1012    .constdata          f08_ascii.o
    0x0800bc90   0x0000000c   Data   RO         1772    .constdata          inv_mpu.o
    0x0800bc9c   0x0000001b   Data   RO         1773    .constdata          inv_mpu.o
    0x0800bcb7   0x00000001   PAD
    0x0800bcb8   0x00000028   Data   RO         1774    .constdata          inv_mpu.o
    0x0800bce0   0x00000bf6   Data   RO         2082    .constdata          inv_mpu_dmp_motion_driver.o
    0x0800c8d6   0x00000010   Data   RO         4925    .constdata          system_stm32f1xx.o
    0x0800c8e6   0x00000008   Data   RO         4926    .constdata          system_stm32f1xx.o
    0x0800c8ee   0x00000002   PAD
    0x0800c8f0   0x00000050   Data   RO         6178    .constdata          m_ws.l(asin.o)
    0x0800c940   0x00000098   Data   RO         6518    .constdata          m_ws.l(atan.o)
    0x0800c9d8   0x00000030   Data   RO         6527    .constdata          m_ws.l(cos_i.o)
    0x0800ca08   0x00000008   Data   RO         6547    .constdata          m_ws.l(qnan.o)
    0x0800ca10   0x000000c8   Data   RO         6550    .constdata          m_ws.l(rred.o)
    0x0800cad8   0x00000028   Data   RO         6554    .constdata          m_ws.l(sin_i.o)
    0x0800cb00   0x0000003e   Data   RO          533    .conststring        main.o
    0x0800cb3e   0x00000002   PAD
    0x0800cb40   0x0000004d   Data   RO         1775    .conststring        inv_mpu.o
    0x0800cb8d   0x00000003   PAD
    0x0800cb90   0x00000020   Data   RO         6614    Region$$Table       anon$$obj.o


    Execution Region RW_IRAM1 (Base: 0x20000000, Size: 0x00003210, Max: 0x00005000, ABSOLUTE, COMPRESSED[0x00000078])

    Base Addr    Size         Type   Attr      Idx    E Section Name        Object

    0x20000000   0x0000009e   Data   RW          274    .data               esp8266.o
    0x2000009e   0x00000002   PAD
    0x200000a0   0x00000042   Data   RW          534    .data               main.o
    0x200000e2   0x00000001   Data   RW         1115    .data               guislim.o
    0x200000e3   0x00000001   PAD
    0x200000e4   0x00000006   Data   RW         1567    .data               ssd1306.o
    0x200000ea   0x00000002   PAD
    0x200000ec   0x0000002c   Data   RW         1776    .data               inv_mpu.o
    0x20000118   0x00000031   Data   RW         2247    .data               mpu6050.o
    0x20000149   0x00000003   PAD
    0x2000014c   0x0000000c   Data   RW         3973    .data               stm32f1xx_hal.o
    0x20000158   0x00000004   Data   RW         4927    .data               system_stm32f1xx.o
    0x2000015c   0x0000003c   Data   RW         5421    .data               tasks.o
    0x20000198   0x00000018   Data   RW         6046    .data               heap_4.o
    0x200001b0   0x0000000c   Data   RW         6109    .data               port.o
    0x200001bc   0x00000004   Data   RW         6581    .data               mc_w.l(stdout.o)
    0x200001c0   0x00000004   Data   RW         6593    .data               mc_w.l(errno.o)
    0x200001c4   0x00000104   Zero   RW          273    .bss                esp8266.o
    0x200002c8   0x00000518   Zero   RW          528    .bss                main.o
    0x200007e0   0x00000044   Zero   RW          529    .bss                main.o
    0x20000824   0x00000044   Zero   RW          530    .bss                main.o
    0x20000868   0x00000044   Zero   RW          531    .bss                main.o
    0x200008ac   0x00000040   Zero   RW          937    .bss                stm32f1xx_hal_timebase_tim.o
    0x200008ec   0x00000020   Zero   RW         1114    .bss                guislim.o
    0x2000090c   0x00000400   Zero   RW         1566    .bss                ssd1306.o
    0x20000d0c   0x00000010   Zero   RW         2081    .bss                inv_mpu_dmp_motion_driver.o
    0x20000d1c   0x000000f0   Zero   RW         5420    .bss                tasks.o
    0x20000e0c   0x00002000   Zero   RW         6045    .bss                heap_4.o
    0x20002e0c   0x00000004   PAD
    0x20002e10   0x00000400   Zero   RW            1    STACK               startup_stm32f103xb.o


==============================================================================

Image component sizes


      Code (inc. data)   RO Data    RW Data    ZI Data      Debug   Object Name

        82          0          0          0          0      12185   cmsis_os.o
      1704        648          0        158        260     450182   esp8266.o
         0          0          0          0          0       7972   event_groups.o
         0          0       1564          0          0       8638   f08_ascii.o
      1734        116          0          1         32      29042   guislim.o
       460         24          0         24       8192       6755   heap_4.o
      4690        352        156         44          0      24068   inv_mpu.o
      2346        120       3062          0         16      18054   inv_mpu_dmp_motion_driver.o
       138          0          0          0          0       3006   list.o
      5546        944        162         66       1508      38462   main.o
      1748        814          0         49          0       4454   mpu6050.o
       578         60          0         12          0       9924   port.o
         0          0       5236          0          0      25069   simsun_16.o
         0          0        440          0          0       2616   simsun_8.o
       846         28          0          6       1024      13062   ssd1306.o
       212         14          0          0          0       1473   ssd1306_i2c.o
        36          8        236          0       1024        768   startup_stm32f103xb.o
       730         24          0          0          0       5600   stm32_i2c.o
       100         18          0         12          0       4962   stm32f1xx_hal.o
      1110         54          0          0          0       6859   stm32f1xx_hal_adc.o
       200          6          0          0          0       1294   stm32f1xx_hal_adc_ex.o
       158         14          0          0          0      27678   stm32f1xx_hal_cortex.o
       808         36          0          0          0       4282   stm32f1xx_hal_dma.o
       500         34          0          0          0       2999   stm32f1xx_hal_gpio.o
       672         88          0          0          0       3522   stm32f1xx_hal_msp.o
      1336        110          0          0          0       5277   stm32f1xx_hal_rcc.o
       436         46          0          0          0       2273   stm32f1xx_hal_rcc_ex.o
      1636         44          0          0          0      14421   stm32f1xx_hal_tim.o
        70          0          0          0          0       2157   stm32f1xx_hal_tim_ex.o
       116         16          0          0         64       1267   stm32f1xx_hal_timebase_tim.o
      1808         40          0          0          0      14057   stm32f1xx_hal_uart.o
       176         50          0          0          0       5619   stm32f1xx_it.o
        72         16         24          4          0       1055   system_stm32f1xx.o
      1380        110          0         60        240      13226   tasks.o
         0          0        732          0          0       9985   yc.o

    ----------------------------------------------------------------------
     31472       3834      11652        444      12364     782263   Object Totals
         0          0         32          0          0          0   (incl. Generated)
        44          0          8          8          4          0   (incl. Padding)

    ----------------------------------------------------------------------

      Code (inc. data)   RO Data    RW Data    ZI Data      Debug   Library Member Name

       624         52         80          0          0        168   asin.o
       544         70        152          0          0        124   atan.o
       384         38          0          0          0        144   atan2.o
       156          8          0          0          0        104   cos.o
       252         22         48          0          0        124   cos_i.o
        38          6          0          0          0        272   dunder.o
        40          0          0          0          0         68   fpclassify.o
       170          0          0          0          0         96   poly.o
         0          0          8          0          0          0   qnan.o
       904         76        200          0          0        140   rred.o
       236         12         40          0          0        128   sin_i.o
        76          0          0          0          0         84   sqrt.o
        58          0          0          0          0          0   __dczerorl.o
         0          0          0          0          0          0   entry.o
         0          0          0          0          0          0   entry10a.o
         0          0          0          0          0          0   entry11a.o
         8          4          0          0          0          0   entry2.o
         4          0          0          0          0          0   entry5.o
         0          0          0          0          0          0   entry7b.o
         0          0          0          0          0          0   entry8b.o
         8          4          0          0          0          0   entry9a.o
        12          6          0          4          0         68   errno.o
        30          0          0          0          0          0   handlers.o
        36          8          0          0          0         68   init.o
         0          0          0          0          0          0   iusefp.o
        98          0          0          0          0         84   ldiv.o
        30          0          0          0          0         68   llshl.o
        36          0          0          0          0         68   llsshr.o
        32          0          0          0          0         68   llushr.o
        26          0          0          0          0         80   memcmp.o
        36          0          0          0          0         68   memcpya.o
        36          0          0          0          0        108   memseta.o
      2276         96          0          0          0        596   printfa.o
         0          0          0          4          0          0   stdout.o
        14          0          0          0          0         68   strlen.o
        36          0          0          0          0         80   strstr.o
        44          0          0          0          0         80   uidiv.o
        98          0          0          0          0         92   uldiv.o
        48          0          0          0          0         68   cdrcmple.o
        56          0          0          0          0         88   d2f.o
       334          0          0          0          0        148   dadd.o
       222          0          0          0          0        100   ddiv.o
       186          0          0          0          0        176   depilogue.o
        62          0          0          0          0         80   dfixi.o
        48          0          0          0          0         68   dfixul.o
        34          0          0          0          0         76   dflti.o
        26          0          0          0          0         76   dfltui.o
       228          0          0          0          0         96   dmul.o
        46          0          0          0          0         80   dscalb.o
       162          0          0          0          0        100   dsqrt.o
        38          0          0          0          0         68   f2d.o
       176          0          0          0          0        140   fadd.o
       124          0          0          0          0         88   fdiv.o
       110          0          0          0          0        168   fepilogue.o
        50          0          0          0          0         68   ffixi.o
        40          0          0          0          0         68   ffixui.o
        18          0          0          0          0         68   fflti.o
        10          0          0          0          0         68   ffltui.o
       100          0          0          0          0         76   fmul.o
        24          0          0          0          0         68   fscalb.o

    ----------------------------------------------------------------------
      8492        402        528          8          0       5084   Library Totals
         8          0          0          0          0          0   (incl. Padding)

    ----------------------------------------------------------------------

      Code (inc. data)   RO Data    RW Data    ZI Data      Debug   Library Name

      3424        284        528          0          0       1452   m_ws.l
      2918        118          0          8          0       1596   mc_w.l
      2142          0          0          0          0       2036   mf_w.l

    ----------------------------------------------------------------------
      8492        402        528          8          0       5084   Library Totals

    ----------------------------------------------------------------------

==============================================================================


      Code (inc. data)   RO Data    RW Data    ZI Data      Debug   

     39964       4236      12180        452      12364     770263   Grand Totals
     39964       4236      12180        120      12364     770263   ELF Image Totals (compressed)
     39964       4236      12180        120          0          0   ROM Totals

==============================================================================

    Total RO  Size (Code + RO Data)                52144 (  50.92kB)
    Total RW  Size (RW Data + ZI Data)             12816 (  12.52kB)
    Total ROM Size (Code + RO Data + RW Data)      52264 (  51.04kB)

==============================================================================

